
Optional file libmchp_peripheral.a not found

Optional file libmchp_peripheral_32MX795F512L.a not found
Archive member included because of file (symbol)

c:/program files/microchip/xc32/v2.40/bin/bin/../../lib/gcc/pic32mx/4.8.3\libgcc.a(_udivdi3.o)
                              build/default/production/_ext/1445274692/Trajectory.o (__udivdi3)
c:/program files/microchip/xc32/v2.40/bin/bin/../../lib/gcc/pic32mx/4.8.3/../../../../pic32mx/lib\libpic32.a(memset.o)
                              build/default/production/_ext/1445274692/Vesc_Can1.o (memset)
c:/program files/microchip/xc32/v2.40/bin/bin/../../lib/gcc/pic32mx/4.8.3/../../../../pic32mx/lib\libpic32.a(strlen.o)
                              build/default/production/_ext/1445274692/Vesc_Can1.o (strlen)
c:/program files/microchip/xc32/v2.40/bin/bin/../../lib/gcc/pic32mx/4.8.3/../../../../pic32mx/lib\libpic32.a(default-on-reset.o)
                              C:\Users\zig\AppData\Local\Temp\ccbStO26.o (_on_reset)
c:/program files/microchip/xc32/v2.40/bin/bin/../../lib/gcc/pic32mx/4.8.3/../../../../pic32mx/lib\libpic32.a(default-on-bootstrap.o)
                              C:\Users\zig\AppData\Local\Temp\ccbStO26.o (_on_bootstrap)
c:/program files/microchip/xc32/v2.40/bin/bin/../../lib/gcc/pic32mx/4.8.3/../../../../pic32mx/lib\libpic32.a(default-nmi-handler.o)
                              C:\Users\zig\AppData\Local\Temp\ccbStO26.o (_nmi_handler)
c:/program files/microchip/xc32/v2.40/bin/bin/../../lib/gcc/pic32mx/4.8.3/../../../../pic32mx/lib\libpic32.a(pic32_data_init.o)
                              C:\Users\zig\AppData\Local\Temp\ccbStO26.o (__pic32_data_init)
c:/program files/microchip/xc32/v2.40/bin/bin/../../lib/gcc/pic32mx/4.8.3/../../../../pic32mx/lib\libpic32.a(general-exception.o)
                              C:\Users\zig\AppData\Local\Temp\ccbStO26.o (_general_exception_context)
c:/program files/microchip/xc32/v2.40/bin/bin/../../lib/gcc/pic32mx/4.8.3/../../../../pic32mx/lib\libpic32.a(vector0.o)
                              C:\Users\zig\AppData\Local\Temp\ccHhmTXm.o (__vector_dispatch_0)
c:/program files/microchip/xc32/v2.40/bin/bin/../../lib/gcc/pic32mx/4.8.3/../../../../pic32mx/lib\libpic32.a(vector1.o)
                              C:\Users\zig\AppData\Local\Temp\ccHhmTXm.o (__vector_dispatch_1)
c:/program files/microchip/xc32/v2.40/bin/bin/../../lib/gcc/pic32mx/4.8.3/../../../../pic32mx/lib\libpic32.a(vector2.o)
                              C:\Users\zig\AppData\Local\Temp\ccHhmTXm.o (__vector_dispatch_2)
c:/program files/microchip/xc32/v2.40/bin/bin/../../lib/gcc/pic32mx/4.8.3/../../../../pic32mx/lib\libpic32.a(vector3.o)
                              C:\Users\zig\AppData\Local\Temp\ccHhmTXm.o (__vector_dispatch_3)
c:/program files/microchip/xc32/v2.40/bin/bin/../../lib/gcc/pic32mx/4.8.3/../../../../pic32mx/lib\libpic32.a(vector4.o)
                              C:\Users\zig\AppData\Local\Temp\ccHhmTXm.o (__vector_dispatch_4)
c:/program files/microchip/xc32/v2.40/bin/bin/../../lib/gcc/pic32mx/4.8.3/../../../../pic32mx/lib\libpic32.a(vector5.o)
                              C:\Users\zig\AppData\Local\Temp\ccHhmTXm.o (__vector_dispatch_5)
c:/program files/microchip/xc32/v2.40/bin/bin/../../lib/gcc/pic32mx/4.8.3/../../../../pic32mx/lib\libpic32.a(vector6.o)
                              C:\Users\zig\AppData\Local\Temp\ccHhmTXm.o (__vector_dispatch_6)
c:/program files/microchip/xc32/v2.40/bin/bin/../../lib/gcc/pic32mx/4.8.3/../../../../pic32mx/lib\libpic32.a(vector7.o)
                              C:\Users\zig\AppData\Local\Temp\ccHhmTXm.o (__vector_dispatch_7)
c:/program files/microchip/xc32/v2.40/bin/bin/../../lib/gcc/pic32mx/4.8.3/../../../../pic32mx/lib\libpic32.a(vector9.o)
                              C:\Users\zig\AppData\Local\Temp\ccHhmTXm.o (__vector_dispatch_9)
c:/program files/microchip/xc32/v2.40/bin/bin/../../lib/gcc/pic32mx/4.8.3/../../../../pic32mx/lib\libpic32.a(vector10.o)
                              C:\Users\zig\AppData\Local\Temp\ccHhmTXm.o (__vector_dispatch_10)
c:/program files/microchip/xc32/v2.40/bin/bin/../../lib/gcc/pic32mx/4.8.3/../../../../pic32mx/lib\libpic32.a(vector11.o)
                              C:\Users\zig\AppData\Local\Temp\ccHhmTXm.o (__vector_dispatch_11)
c:/program files/microchip/xc32/v2.40/bin/bin/../../lib/gcc/pic32mx/4.8.3/../../../../pic32mx/lib\libpic32.a(vector12.o)
                              C:\Users\zig\AppData\Local\Temp\ccHhmTXm.o (__vector_dispatch_12)
c:/program files/microchip/xc32/v2.40/bin/bin/../../lib/gcc/pic32mx/4.8.3/../../../../pic32mx/lib\libpic32.a(vector13.o)
                              C:\Users\zig\AppData\Local\Temp\ccHhmTXm.o (__vector_dispatch_13)
c:/program files/microchip/xc32/v2.40/bin/bin/../../lib/gcc/pic32mx/4.8.3/../../../../pic32mx/lib\libpic32.a(vector14.o)
                              C:\Users\zig\AppData\Local\Temp\ccHhmTXm.o (__vector_dispatch_14)
[...]
Memory Configuration

Name             Origin             Length             Attributes
kseg0_program_mem 0x9d000000         0x00080000         xr
kseg0_boot_mem   0x9fc00490         0x00000970
exception_mem    0x9fc01000         0x00001000
kseg1_boot_mem   0xbfc00000         0x00000490
debug_exec_mem   0xbfc02000         0x00000ff0
config3          0xbfc02ff0         0x00000004
config2          0xbfc02ff4         0x00000004
config1          0xbfc02ff8         0x00000004
config0          0xbfc02ffc         0x00000004
kseg1_data_mem   0xa0000000         0x00020000         w !x
sfrs             0xbf800000         0x00100000
configsfrs       0xbfc02ff0         0x00000010
*default*        0x00000000         0xffffffff

Linker script and memory map

LOAD c:/program files/microchip/xc32/v2.40/bin/bin/../../lib/gcc/pic32mx/4.8.3/../../../../pic32mx/lib\debug-exception-return.o
LOAD build/default/production/_ext/60165182/plib_can1.o
LOAD build/default/production/_ext/60165520/plib_clk.o
LOAD build/default/production/_ext/1865161661/plib_dmac.o
LOAD build/default/production/_ext/1865200349/plib_evic.o
LOAD build/default/production/_ext/1865254177/plib_gpio.o
LOAD build/default/production/_ext/60181895/plib_tmr2.o
LOAD build/default/production/_ext/1865657120/plib_uart1.o
LOAD build/default/production/_ext/163028504/xc32_monitor.o
LOAD build/default/production/_ext/1171490990/initialization.o
LOAD build/default/production/_ext/1171490990/interrupts.o
LOAD build/default/production/_ext/1171490990/exceptions.o
LOAD build/default/production/_ext/1445274692/main1.o
LOAD build/default/production/_ext/1445274692/Trajectory.o
LOAD build/default/production/_ext/1445274692/Vesc_Can1.o
                0x00000001                __MPLAB_BUILD = 0x1
                0x00000400                PROVIDE (_min_stack_size, 0x400)
START GROUP
LOAD libmchp_peripheral.a
END GROUP
START GROUP
LOAD libmchp_peripheral_32MX795F512L.a
END GROUP
                0x00000001                PROVIDE (_vector_spacing, 0x1)
                0x9fc01000                PROVIDE (_ebase_address, 0x9fc01000)
                0xbfc00000                _RESET_ADDR = 0xbfc00000
                0xbfc00380                _BEV_EXCPT_ADDR = 0xbfc00380
                0xbfc00480                _DBG_EXCPT_ADDR = 0xbfc00480
                0xbfc02000                _DBG_CODE_ADDR = 0xbfc02000
                0x00000ff0                _DBG_CODE_SIZE = 0xff0
                0x9fc01180                _GEN_EXCPT_ADDR = (_ebase_address + 0x180)

.config_BFC02FF0
                0xbfc02ff0        0x4
 *(.config_BFC02FF0)
 .config_BFC02FF0
                0xbfc02ff0        0x4 build/default/production/_ext/1171490990/initialization.o

.config_BFC02FF4
                0xbfc02ff4        0x4
 *(.config_BFC02FF4)
 .config_BFC02FF4
                0xbfc02ff4        0x4 build/default/production/_ext/1171490990/initialization.o

.config_BFC02FF8
                0xbfc02ff8        0x4
 *(.config_BFC02FF8)
 .config_BFC02FF8
                0xbfc02ff8        0x4 build/default/production/_ext/1171490990/initialization.o

.config_BFC02FFC
                0xbfc02ffc        0x4
 *(.config_BFC02FFC)
 .config_BFC02FFC
                0xbfc02ffc        0x4 build/default/production/_ext/1171490990/initialization.o

.reset          0xbfc00000      0x19c
 *(.reset)
 .reset         0xbfc00000        0x8 C:\Users\zig\AppData\Local\Temp\ccbStO26.o
                0xbfc00000                _reset
 *(.reset.startup)
 .reset.startup
                0xbfc00008      0x194 C:\Users\zig\AppData\Local\Temp\ccbStO26.o
                0xbfc00008                _startup

.bev_excpt      0xbfc00380       0x10
 *(.bev_handler)
 .bev_handler   0xbfc00380       0x10 C:\Users\zig\AppData\Local\Temp\ccbStO26.o

.dbg_excpt      0xbfc00480        0x0
                0xbfc00480                . = (. + DEFINED (_DEBUGGER)?0x8:0x0)

.dbg_code       0xbfc02000        0x0
                0xbfc02000                . = (. + DEFINED (_DEBUGGER)?_DBG_CODE_SIZE:0x0)

.app_excpt      0x9fc01180       0x10
 *(.gen_handler)
 .gen_handler   0x9fc01180       0x10 C:\Users\zig\AppData\Local\Temp\ccbStO26.o

.vector_0       0x9fc01200        0x8
 *(.vector_0)
 .vector_0      0x9fc01200        0x8 c:/program files/microchip/xc32/v2.40/bin/bin/../../lib/gcc/pic32mx/4.8.3/../../../../pic32mx/lib\libpic32.a(vector0.o)
                0x9fc01200                __vector_dispatch_0
                0x00000001                ASSERT (((_vector_spacing == 0x0) || (SIZEOF (.vector_0) <= (_vector_spacing << 0x5))), function at exception vector 0 too large)

.vector_1       0x9fc01220        0x8
 *(.vector_1)
 .vector_1      0x9fc01220        0x8 c:/program files/microchip/xc32/v2.40/bin/bin/../../lib/gcc/pic32mx/4.8.3/../../../../pic32mx/lib\libpic32.a(vector1.o)
                0x9fc01220                __vector_dispatch_1
                0x00000001                ASSERT (((_vector_spacing == 0x0) || (SIZEOF (.vector_1) <= (_vector_spacing << 0x5))), function at exception vector 1 too large)

.vector_2       0x9fc01240        0x8
 *(.vector_2)
 .vector_2      0x9fc01240        0x8 c:/program files/microchip/xc32/v2.40/bin/bin/../../lib/gcc/pic32mx/4.8.3/../../../../pic32mx/lib\libpic32.a(vector2.o)
                0x9fc01240                __vector_dispatch_2
                0x00000001                ASSERT (((_vector_spacing == 0x0) || (SIZEOF (.vector_2) <= (_vector_spacing << 0x5))), function at exception vector 2 too large)

.vector_3       0x9fc01260        0x8
 *(.vector_3)
 .vector_3      0x9fc01260        0x8 c:/program files/microchip/xc32/v2.40/bin/bin/../../lib/gcc/pic32mx/4.8.3/../../../../pic32mx/lib\libpic32.a(vector3.o)
                0x9fc01260                __vector_dispatch_3
                0x00000001                ASSERT (((_vector_spacing == 0x0) || (SIZEOF (.vector_3) <= (_vector_spacing << 0x5))), function at exception vector 3 too large)

.vector_4       0x9fc01280        0x8
 *(.vector_4)
 .vector_4      0x9fc01280        0x8 c:/program files/microchip/xc32/v2.40/bin/bin/../../lib/gcc/pic32mx/4.8.3/../../../../pic32mx/lib\libpic32.a(vector4.o)
                0x9fc01280                __vector_dispatch_4
                0x00000001                ASSERT (((_vector_spacing == 0x0) || (SIZEOF (.vector_4) <= (_vector_spacing << 0x5))), function at exception vector 4 too large)

.vector_5       0x9fc012a0        0x8
 *(.vector_5)
 .vector_5      0x9fc012a0        0x8 c:/program files/microchip/xc32/v2.40/bin/bin/../../lib/gcc/pic32mx/4.8.3/../../../../pic32mx/lib\libpic32.a(vector5.o)
                0x9fc012a0                __vector_dispatch_5
                0x00000001                ASSERT (((_vector_spacing == 0x0) || (SIZEOF (.vector_5) <= (_vector_spacing << 0x5))), function at exception vector 5 too large)

.vector_6       0x9fc012c0        0x8
 *(.vector_6)
 .vector_6      0x9fc012c0        0x8 c:/program files/microchip/xc32/v2.40/bin/bin/../../lib/gcc/pic32mx/4.8.3/../../../../pic32mx/lib\libpic32.a(vector6.o)
                0x9fc012c0                __vector_dispatch_6
                0x00000001                ASSERT (((_vector_spacing == 0x0) || (SIZEOF (.vector_6) <= (_vector_spacing << 0x5))), function at exception vector 6 too large)

.vector_7       0x9fc012e0        0x8
 *(.vector_7)
 .vector_7      0x9fc012e0        0x8 c:/program files/microchip/xc32/v2.40/bin/bin/../../lib/gcc/pic32mx/4.8.3/../../../../pic32mx/lib\libpic32.a(vector7.o)
                0x9fc012e0                __vector_dispatch_7
                0x00000001                ASSERT (((_vector_spacing == 0x0) || (SIZEOF (.vector_7) <= (_vector_spacing << 0x5))), function at exception vector 7 too large)

.vector_8       0x9fc01300        0x8
 *(.vector_8)
 .vector_8      0x9fc01300        0x8 build/default/production/_ext/1171490990/interrupts.o
                0x9fc01300                __vector_dispatch_8
                0x00000001                ASSERT (((_vector_spacing == 0x0) || (SIZEOF (.vector_8) <= (_vector_spacing << 0x5))), function at exception vector 8 too large)

.vector_9       0x9fc01320        0x8
 *(.vector_9)
 .vector_9      0x9fc01320        0x8 c:/program files/microchip/xc32/v2.40/bin/bin/../../lib/gcc/pic32mx/4.8.3/../../../../pic32mx/lib\libpic32.a(vector9.o)
                0x9fc01320                __vector_dispatch_9
                0x00000001                ASSERT (((_vector_spacing == 0x0) || (SIZEOF (.vector_9) <= (_vector_spacing << 0x5))), function at exception vector 9 too large)

.vector_10      0x9fc01340        0x8
 *(.vector_10)
 .vector_10     0x9fc01340        0x8 c:/program files/microchip/xc32/v2.40/bin/bin/../../lib/gcc/pic32mx/4.8.3/../../../../pic32mx/lib\libpic32.a(vector10.o)
                0x9fc01340                __vector_dispatch_10
                0x00000001                ASSERT (((_vector_spacing == 0x0) || (SIZEOF (.vector_10) <= (_vector_spacing << 0x5))), function at exception vector 10 too large)

.vector_11      0x9fc01360        0x8
 *(.vector_11)
 .vector_11     0x9fc01360        0x8 c:/program files/microchip/xc32/v2.40/bin/bin/../../lib/gcc/pic32mx/4.8.3/../../../../pic32mx/lib\libpic32.a(vector11.o)
                0x9fc01360                __vector_dispatch_11
                0x00000001                ASSERT (((_vector_spacing == 0x0) || (SIZEOF (.vector_11) <= (_vector_spacing << 0x5))), function at exception vector 11 too large)

.vector_12      0x9fc01380        0x8
 *(.vector_12)
 .vector_12     0x9fc01380        0x8 c:/program files/microchip/xc32/v2.40/bin/bin/../../lib/gcc/pic32mx/4.8.3/../../../../pic32mx/lib\libpic32.a(vector12.o)
                0x9fc01380                __vector_dispatch_12
                0x00000001                ASSERT (((_vector_spacing == 0x0) || (SIZEOF (.vector_12) <= (_vector_spacing << 0x5))), function at exception vector 12 too large)

.vector_13      0x9fc013a0        0x8
 *(.vector_13)
 .vector_13     0x9fc013a0        0x8 c:/program files/microchip/xc32/v2.40/bin/bin/../../lib/gcc/pic32mx/4.8.3/../../../../pic32mx/lib\libpic32.a(vector13.o)
                0x9fc013a0                __vector_dispatch_13
                0x00000001                ASSERT (((_vector_spacing == 0x0) || (SIZEOF (.vector_13) <= (_vector_spacing << 0x5))), function at exception vector 13 too large)

.vector_14      0x9fc013c0        0x8
 *(.vector_14)
 .vector_14     0x9fc013c0        0x8 c:/program files/microchip/xc32/v2.40/bin/bin/../../lib/gcc/pic32mx/4.8.3/../../../../pic32mx/lib\libpic32.a(vector14.o)
                0x9fc013c0                __vector_dispatch_14
                0x00000001                ASSERT (((_vector_spacing == 0x0) || (SIZEOF (.vector_14) <= (_vector_spacing << 0x5))), function at exception vector 14 too large)

.vector_15      0x9fc013e0        0x8
 *(.vector_15)
 .vector_15     0x9fc013e0        0x8 c:/program files/microchip/xc32/v2.40/bin/bin/../../lib/gcc/pic32mx/4.8.3/../../../../pic32mx/lib\libpic32.a(vector15.o)
                0x9fc013e0                __vector_dispatch_15
                0x00000001                ASSERT (((_vector_spacing == 0x0) || (SIZEOF (.vector_15) <= (_vector_spacing << 0x5))), function at exception vector 15 too large)

.vector_16      0x9fc01400        0x8
 *(.vector_16)
 .vector_16     0x9fc01400        0x8 c:/program files/microchip/xc32/v2.40/bin/bin/../../lib/gcc/pic32mx/4.8.3/../../../../pic32mx/lib\libpic32.a(vector16.o)
                0x9fc01400                __vector_dispatch_16
                0x00000001                ASSERT (((_vector_spacing == 0x0) || (SIZEOF (.vector_16) <= (_vector_spacing << 0x5))), function at exception vector 16 too large)

.vector_17      0x9fc01420        0x8
 *(.vector_17)
 .vector_17     0x9fc01420        0x8 c:/program files/microchip/xc32/v2.40/bin/bin/../../lib/gcc/pic32mx/4.8.3/../../../../pic32mx/lib\libpic32.a(vector17.o)
                0x9fc01420                __vector_dispatch_17
                0x00000001                ASSERT (((_vector_spacing == 0x0) || (SIZEOF (.vector_17) <= (_vector_spacing << 0x5))), function at exception vector 17 too large)

.vector_18      0x9fc01440        0x8
 *(.vector_18)
 .vector_18     0x9fc01440        0x8 c:/program files/microchip/xc32/v2.40/bin/bin/../../lib/gcc/pic32mx/4.8.3/../../../../pic32mx/lib\libpic32.a(vector18.o)
                0x9fc01440                __vector_dispatch_18
                0x00000001                ASSERT (((_vector_spacing == 0x0) || (SIZEOF (.vector_18) <= (_vector_spacing << 0x5))), function at exception vector 18 too large)

.vector_19      0x9fc01460        0x8
 *(.vector_19)
 .vector_19     0x9fc01460        0x8 c:/program files/microchip/xc32/v2.40/bin/bin/../../lib/gcc/pic32mx/4.8.3/../../../../pic32mx/lib\libpic32.a(vector19.o)
                0x9fc01460                __vector_dispatch_19
                0x00000001                ASSERT (((_vector_spacing == 0x0) || (SIZEOF (.vector_19) <= (_vector_spacing << 0x5))), function at exception vector 19 too large)

.vector_20      0x9fc01480        0x8
 *(.vector_20)
 .vector_20     0x9fc01480        0x8 c:/program files/microchip/xc32/v2.40/bin/bin/../../lib/gcc/pic32mx/4.8.3/../../../../pic32mx/lib\libpic32.a(vector20.o)
                0x9fc01480                __vector_dispatch_20
                0x00000001                ASSERT (((_vector_spacing == 0x0) || (SIZEOF (.vector_20) <= (_vector_spacing << 0x5))), function at exception vector 20 too large)

.vector_21      0x9fc014a0        0x8
 *(.vector_21)
 .vector_21     0x9fc014a0        0x8 c:/program files/microchip/xc32/v2.40/bin/bin/../../lib/gcc/pic32mx/4.8.3/../../../../pic32mx/lib\libpic32.a(vector21.o)
                0x9fc014a0                __vector_dispatch_21
                0x00000001                ASSERT (((_vector_spacing == 0x0) || (SIZEOF (.vector_21) <= (_vector_spacing << 0x5))), function at exception vector 21 too large)

.vector_22      0x9fc014c0        0x8
 *(.vector_22)
 .vector_22     0x9fc014c0        0x8 c:/program files/microchip/xc32/v2.40/bin/bin/../../lib/gcc/pic32mx/4.8.3/../../../../pic32mx/lib\libpic32.a(vector22.o)
                0x9fc014c0                __vector_dispatch_22
                0x00000001                ASSERT (((_vector_spacing == 0x0) || (SIZEOF (.vector_22) <= (_vector_spacing << 0x5))), function at exception vector 22 too large)

.vector_23      0x9fc014e0        0x8
 *(.vector_23)
 .vector_23     0x9fc014e0        0x8 c:/program files/microchip/xc32/v2.40/bin/bin/../../lib/gcc/pic32mx/4.8.3/../../../../pic32mx/lib\libpic32.a(vector23.o)
                0x9fc014e0                __vector_dispatch_23
                0x00000001                ASSERT (((_vector_spacing == 0x0) || (SIZEOF (.vector_23) <= (_vector_spacing << 0x5))), function at exception vector 23 too large)

.vector_24      0x9fc01500        0x8
 *(.vector_24)
 .vector_24     0x9fc01500        0x8 c:/program files/microchip/xc32/v2.40/bin/bin/../../lib/gcc/pic32mx/4.8.3/../../../../pic32mx/lib\libpic32.a(vector24.o)
                0x9fc01500                __vector_dispatch_24
                0x00000001                ASSERT (((_vector_spacing == 0x0) || (SIZEOF (.vector_24) <= (_vector_spacing << 0x5))), function at exception vector 24 too large)

.vector_25      0x9fc01520        0x8
 *(.vector_25)
 .vector_25     0x9fc01520        0x8 c:/program files/microchip/xc32/v2.40/bin/bin/../../lib/gcc/pic32mx/4.8.3/../../../../pic32mx/lib\libpic32.a(vector25.o)
                0x9fc01520                __vector_dispatch_25
                0x00000001                ASSERT (((_vector_spacing == 0x0) || (SIZEOF (.vector_25) <= (_vector_spacing << 0x5))), function at exception vector 25 too large)

.vector_26      0x9fc01540        0x8
 *(.vector_26)
 .vector_26     0x9fc01540        0x8 build/default/production/_ext/1171490990/interrupts.o
                0x9fc01540                __vector_dispatch_26
                0x00000001                ASSERT (((_vector_spacing == 0x0) || (SIZEOF (.vector_26) <= (_vector_spacing << 0x5))), function at exception vector 26 too large)

.vector_27      0x9fc01560        0x8
 *(.vector_27)
 .vector_27     0x9fc01560        0x8 c:/program files/microchip/xc32/v2.40/bin/bin/../../lib/gcc/pic32mx/4.8.3/../../../../pic32mx/lib\libpic32.a(vector27.o)
                0x9fc01560                __vector_dispatch_27
                0x00000001                ASSERT (((_vector_spacing == 0x0) || (SIZEOF (.vector_27) <= (_vector_spacing << 0x5))), function at exception vector 27 too large)

.vector_28      0x9fc01580        0x8
 *(.vector_28)
 .vector_28     0x9fc01580        0x8 c:/program files/microchip/xc32/v2.40/bin/bin/../../lib/gcc/pic32mx/4.8.3/../../../../pic32mx/lib\libpic32.a(vector28.o)
                0x9fc01580                __vector_dispatch_28
                0x00000001                ASSERT (((_vector_spacing == 0x0) || (SIZEOF (.vector_28) <= (_vector_spacing << 0x5))), function at exception vector 28 too large)

.vector_29      0x9fc015a0        0x8
 *(.vector_29)
 .vector_29     0x9fc015a0        0x8 c:/program files/microchip/xc32/v2.40/bin/bin/../../lib/gcc/pic32mx/4.8.3/../../../../pic32mx/lib\libpic32.a(vector29.o)
                0x9fc015a0                __vector_dispatch_29
                0x00000001                ASSERT (((_vector_spacing == 0x0) || (SIZEOF (.vector_29) <= (_vector_spacing << 0x5))), function at exception vector 29 too large)

.vector_30      0x9fc015c0        0x8
 *(.vector_30)
 .vector_30     0x9fc015c0        0x8 c:/program files/microchip/xc32/v2.40/bin/bin/../../lib/gcc/pic32mx/4.8.3/../../../../pic32mx/lib\libpic32.a(vector30.o)
                0x9fc015c0                __vector_dispatch_30
                0x00000001                ASSERT (((_vector_spacing == 0x0) || (SIZEOF (.vector_30) <= (_vector_spacing << 0x5))), function at exception vector 30 too large)

.vector_31      0x9fc015e0        0x8
 *(.vector_31)
 .vector_31     0x9fc015e0        0x8 c:/program files/microchip/xc32/v2.40/bin/bin/../../lib/gcc/pic32mx/4.8.3/../../../../pic32mx/lib\libpic32.a(vector31.o)
                0x9fc015e0                __vector_dispatch_31
                0x00000001                ASSERT (((_vector_spacing == 0x0) || (SIZEOF (.vector_31) <= (_vector_spacing << 0x5))), function at exception vector 31 too large)

.vector_32      0x9fc01600        0x8
 *(.vector_32)
 .vector_32     0x9fc01600        0x8 c:/program files/microchip/xc32/v2.40/bin/bin/../../lib/gcc/pic32mx/4.8.3/../../../../pic32mx/lib\libpic32.a(vector32.o)
                0x9fc01600                __vector_dispatch_32
                0x00000001                ASSERT (((_vector_spacing == 0x0) || (SIZEOF (.vector_32) <= (_vector_spacing << 0x5))), function at exception vector 32 too large)

.vector_33      0x9fc01620        0x8
 *(.vector_33)
 .vector_33     0x9fc01620        0x8 c:/program files/microchip/xc32/v2.40/bin/bin/../../lib/gcc/pic32mx/4.8.3/../../../../pic32mx/lib\libpic32.a(vector33.o)
                0x9fc01620                __vector_dispatch_33
                0x00000001                ASSERT (((_vector_spacing == 0x0) || (SIZEOF (.vector_33) <= (_vector_spacing << 0x5))), function at exception vector 33 too large)

.vector_34      0x9fc01640        0x8
 *(.vector_34)
 .vector_34     0x9fc01640        0x8 c:/program files/microchip/xc32/v2.40/bin/bin/../../lib/gcc/pic32mx/4.8.3/../../../../pic32mx/lib\libpic32.a(vector34.o)
                0x9fc01640                __vector_dispatch_34
                0x00000001                ASSERT (((_vector_spacing == 0x0) || (SIZEOF (.vector_34) <= (_vector_spacing << 0x5))), function at exception vector 34 too large)

.vector_35      0x9fc01660        0x8
 *(.vector_35)
 .vector_35     0x9fc01660        0x8 c:/program files/microchip/xc32/v2.40/bin/bin/../../lib/gcc/pic32mx/4.8.3/../../../../pic32mx/lib\libpic32.a(vector35.o)
                0x9fc01660                __vector_dispatch_35
                0x00000001                ASSERT (((_vector_spacing == 0x0) || (SIZEOF (.vector_35) <= (_vector_spacing << 0x5))), function at exception vector 35 too large)

.vector_36      0x9fc01680        0x8
 *(.vector_36)
 .vector_36     0x9fc01680        0x8 build/default/production/_ext/1171490990/interrupts.o
                0x9fc01680                __vector_dispatch_36
                0x00000001                ASSERT (((_vector_spacing == 0x0) || (SIZEOF (.vector_36) <= (_vector_spacing << 0x5))), function at exception vector 36 too large)

.vector_37      0x9fc016a0        0x8
 *(.vector_37)
 .vector_37     0x9fc016a0        0x8 c:/program files/microchip/xc32/v2.40/bin/bin/../../lib/gcc/pic32mx/4.8.3/../../../../pic32mx/lib\libpic32.a(vector37.o)
                0x9fc016a0                __vector_dispatch_37
                0x00000001                ASSERT (((_vector_spacing == 0x0) || (SIZEOF (.vector_37) <= (_vector_spacing << 0x5))), function at exception vector 37 too large)

.vector_38      0x9fc016c0        0x8
 *(.vector_38)
 .vector_38     0x9fc016c0        0x8 c:/program files/microchip/xc32/v2.40/bin/bin/../../lib/gcc/pic32mx/4.8.3/../../../../pic32mx/lib\libpic32.a(vector38.o)
                0x9fc016c0                __vector_dispatch_38
                0x00000001                ASSERT (((_vector_spacing == 0x0) || (SIZEOF (.vector_38) <= (_vector_spacing << 0x5))), function at exception vector 38 too large)

.vector_39      0x9fc016e0        0x8
 *(.vector_39)
 .vector_39     0x9fc016e0        0x8 c:/program files/microchip/xc32/v2.40/bin/bin/../../lib/gcc/pic32mx/4.8.3/../../../../pic32mx/lib\libpic32.a(vector39.o)
                0x9fc016e0                __vector_dispatch_39
                0x00000001                ASSERT (((_vector_spacing == 0x0) || (SIZEOF (.vector_39) <= (_vector_spacing << 0x5))), function at exception vector 39 too large)

.vector_40      0x9fc01700        0x8
 *(.vector_40)
 .vector_40     0x9fc01700        0x8 c:/program files/microchip/xc32/v2.40/bin/bin/../../lib/gcc/pic32mx/4.8.3/../../../../pic32mx/lib\libpic32.a(vector40.o)
                0x9fc01700                __vector_dispatch_40
                0x00000001                ASSERT (((_vector_spacing == 0x0) || (SIZEOF (.vector_40) <= (_vector_spacing << 0x5))), function at exception vector 40 too large)

.vector_41      0x9fc01720        0x8
 *(.vector_41)
 .vector_41     0x9fc01720        0x8 c:/program files/microchip/xc32/v2.40/bin/bin/../../lib/gcc/pic32mx/4.8.3/../../../../pic32mx/lib\libpic32.a(vector41.o)
                0x9fc01720                __vector_dispatch_41
                0x00000001                ASSERT (((_vector_spacing == 0x0) || (SIZEOF (.vector_41) <= (_vector_spacing << 0x5))), function at exception vector 41 too large)

.vector_42      0x9fc01740        0x8
 *(.vector_42)
 .vector_42     0x9fc01740        0x8 c:/program files/microchip/xc32/v2.40/bin/bin/../../lib/gcc/pic32mx/4.8.3/../../../../pic32mx/lib\libpic32.a(vector42.o)
                0x9fc01740                __vector_dispatch_42
                0x00000001                ASSERT (((_vector_spacing == 0x0) || (SIZEOF (.vector_42) <= (_vector_spacing << 0x5))), function at exception vector 42 too large)

.vector_43      0x9fc01760        0x8
 *(.vector_43)
 .vector_43     0x9fc01760        0x8 c:/program files/microchip/xc32/v2.40/bin/bin/../../lib/gcc/pic32mx/4.8.3/../../../../pic32mx/lib\libpic32.a(vector43.o)
                0x9fc01760                __vector_dispatch_43
                0x00000001                ASSERT (((_vector_spacing == 0x0) || (SIZEOF (.vector_43) <= (_vector_spacing << 0x5))), function at exception vector 43 too large)

.vector_44      0x9fc01780        0x8
 *(.vector_44)
 .vector_44     0x9fc01780        0x8 c:/program files/microchip/xc32/v2.40/bin/bin/../../lib/gcc/pic32mx/4.8.3/../../../../pic32mx/lib\libpic32.a(vector44.o)
                0x9fc01780                __vector_dispatch_44
                0x00000001                ASSERT (((_vector_spacing == 0x0) || (SIZEOF (.vector_44) <= (_vector_spacing << 0x5))), function at exception vector 44 too large)

.vector_45      0x9fc017a0        0x8
 *(.vector_45)
 .vector_45     0x9fc017a0        0x8 c:/program files/microchip/xc32/v2.40/bin/bin/../../lib/gcc/pic32mx/4.8.3/../../../../pic32mx/lib\libpic32.a(vector45.o)
                0x9fc017a0                __vector_dispatch_45
                0x00000001                ASSERT (((_vector_spacing == 0x0) || (SIZEOF (.vector_45) <= (_vector_spacing << 0x5))), function at exception vector 45 too large)

.vector_46      0x9fc017c0        0x8
 *(.vector_46)
 .vector_46     0x9fc017c0        0x8 c:/program files/microchip/xc32/v2.40/bin/bin/../../lib/gcc/pic32mx/4.8.3/../../../../pic32mx/lib\libpic32.a(vector46.o)
                0x9fc017c0                __vector_dispatch_46
                0x00000001                ASSERT (((_vector_spacing == 0x0) || (SIZEOF (.vector_46) <= (_vector_spacing << 0x5))), function at exception vector 46 too large)

.vector_47      0x9fc017e0        0x8
 *(.vector_47)
 .vector_47     0x9fc017e0        0x8 c:/program files/microchip/xc32/v2.40/bin/bin/../../lib/gcc/pic32mx/4.8.3/../../../../pic32mx/lib\libpic32.a(vector47.o)
                0x9fc017e0                __vector_dispatch_47
                0x00000001                ASSERT (((_vector_spacing == 0x0) || (SIZEOF (.vector_47) <= (_vector_spacing << 0x5))), function at exception vector 47 too large)

.vector_48      0x9fc01800        0x8
 *(.vector_48)
 .vector_48     0x9fc01800        0x8 c:/program files/microchip/xc32/v2.40/bin/bin/../../lib/gcc/pic32mx/4.8.3/../../../../pic32mx/lib\libpic32.a(vector48.o)
                0x9fc01800                __vector_dispatch_48
                0x00000001                ASSERT (((_vector_spacing == 0x0) || (SIZEOF (.vector_48) <= (_vector_spacing << 0x5))), function at exception vector 48 too large)

.vector_49      0x9fc01820        0x8
 *(.vector_49)
 .vector_49     0x9fc01820        0x8 c:/program files/microchip/xc32/v2.40/bin/bin/../../lib/gcc/pic32mx/4.8.3/../../../../pic32mx/lib\libpic32.a(vector49.o)
                0x9fc01820                __vector_dispatch_49
                0x00000001                ASSERT (((_vector_spacing == 0x0) || (SIZEOF (.vector_49) <= (_vector_spacing << 0x5))), function at exception vector 49 too large)

.vector_50      0x9fc01840        0x8
 *(.vector_50)
 .vector_50     0x9fc01840        0x8 c:/program files/microchip/xc32/v2.40/bin/bin/../../lib/gcc/pic32mx/4.8.3/../../../../pic32mx/lib\libpic32.a(vector50.o)
                0x9fc01840                __vector_dispatch_50
                0x00000001                ASSERT (((_vector_spacing == 0x0) || (SIZEOF (.vector_50) <= (_vector_spacing << 0x5))), function at exception vector 50 too large)

.vector_51      0x9fc01860        0x8
 *(.vector_51)
 .vector_51     0x9fc01860        0x8 c:/program files/microchip/xc32/v2.40/bin/bin/../../lib/gcc/pic32mx/4.8.3/../../../../pic32mx/lib\libpic32.a(vector51.o)
                0x9fc01860                __vector_dispatch_51
                0x00000001                ASSERT (((_vector_spacing == 0x0) || (SIZEOF (.vector_51) <= (_vector_spacing << 0x5))), function at exception vector 51 too large)

.vector_52      0x9fc01880        0x0
 *(.vector_52)
                0x00000001                ASSERT (((_vector_spacing == 0x0) || (SIZEOF (.vector_52) <= (_vector_spacing << 0x5))), function at exception vector 52 too large)

.vector_53      0x9fc018a0        0x0
 *(.vector_53)
                0x00000001                ASSERT (((_vector_spacing == 0x0) || (SIZEOF (.vector_53) <= (_vector_spacing << 0x5))), function at exception vector 53 too large)

.vector_54      0x9fc018c0        0x0
 *(.vector_54)
                0x00000001                ASSERT (((_vector_spacing == 0x0) || (SIZEOF (.vector_54) <= (_vector_spacing << 0x5))), function at exception vector 54 too large)

.vector_55      0x9fc018e0        0x0
 *(.vector_55)
                0x00000001                ASSERT (((_vector_spacing == 0x0) || (SIZEOF (.vector_55) <= (_vector_spacing << 0x5))), function at exception vector 55 too large)

.vector_56      0x9fc01900        0x0
 *(.vector_56)
                0x00000001                ASSERT (((_vector_spacing == 0x0) || (SIZEOF (.vector_56) <= (_vector_spacing << 0x5))), function at exception vector 56 too large)

.vector_57      0x9fc01920        0x0
 *(.vector_57)
                0x00000001                ASSERT (((_vector_spacing == 0x0) || (SIZEOF (.vector_57) <= (_vector_spacing << 0x5))), function at exception vector 57 too large)

.vector_58      0x9fc01940        0x0
 *(.vector_58)
                0x00000001                ASSERT (((_vector_spacing == 0x0) || (SIZEOF (.vector_58) <= (_vector_spacing << 0x5))), function at exception vector 58 too large)

.vector_59      0x9fc01960        0x0
 *(.vector_59)
                0x00000001                ASSERT (((_vector_spacing == 0x0) || (SIZEOF (.vector_59) <= (_vector_spacing << 0x5))), function at exception vector 59 too large)

.vector_60      0x9fc01980        0x0
 *(.vector_60)
                0x00000001                ASSERT (((_vector_spacing == 0x0) || (SIZEOF (.vector_60) <= (_vector_spacing << 0x5))), function at exception vector 60 too large)

.vector_61      0x9fc019a0        0x0
 *(.vector_61)
                0x00000001                ASSERT (((_vector_spacing == 0x0) || (SIZEOF (.vector_61) <= (_vector_spacing << 0x5))), function at exception vector 61 too large)

.vector_62      0x9fc019c0        0x0
 *(.vector_62)
                0x00000001                ASSERT (((_vector_spacing == 0x0) || (SIZEOF (.vector_62) <= (_vector_spacing << 0x5))), function at exception vector 62 too large)

.vector_63      0x9fc019e0        0x0
 *(.vector_63)
                0x00000001                ASSERT (((_vector_spacing == 0x0) || (SIZEOF (.vector_63) <= (_vector_spacing << 0x5))), function at exception vector 63 too large)

.startup
 *(.startup)

.text           0x9d000000        0x0
 *(.stub .gnu.linkonce.t.*)
 *(.text.*personality*)
 *(.mips16.fn.*)
 *(.mips16.call.*)
 *(.gnu.warning)
                0x9d000000                . = ALIGN (0x4)

.init           0x9d000000        0x0
 *crti.o(.init)
 *crtbegin.o(.init)
 *(EXCLUDE_FILE(*crtn.o *crtend?.o *crtend.o) .init)
 *crtend.o(.init)
 *crtn.o(.init)
                0x9d000000                . = ALIGN (0x4)

.fini           0x9d000000        0x0
 *(.fini)
                0x9d000000                . = ALIGN (0x4)

.preinit_array  0x9d000000        0x0
                0x9d000000                PROVIDE (__preinit_array_start, .)
 *(.preinit_array)
                0x9d000000                PROVIDE (__preinit_array_end, .)
                0x9d000000                . = ALIGN (0x4)

.init_array     0x9d000000        0x0
                0x9d000000                PROVIDE (__init_array_start, .)
 *(SORT(.init_array.*))
 *(.init_array)
                0x9d000000                PROVIDE (__init_array_end, .)
                0x9d000000                . = ALIGN (0x4)

.fini_array     0x9d000000        0x0
                0x9d000000                PROVIDE (__fini_array_start, .)
 *(SORT(.fini_array.*))
 *(.fini_array)
                0x9d000000                PROVIDE (__fini_array_end, .)
                0x9d000000                . = ALIGN (0x4)

.ctors          0x9d000000        0x0
 *crtbegin.o(.ctors)
 *crtbegin?.o(.ctors)
 *(EXCLUDE_FILE(*crtend?.o *crtend.o) .ctors)
 *(SORT(.ctors.*))
 *(.ctors)
                0x9d000000                . = ALIGN (0x4)

.dtors          0x9d000000        0x0
 *crtbegin.o(.dtors)
 *crtbegin?.o(.dtors)
 *(EXCLUDE_FILE(*crtend?.o *crtend.o) .dtors)
 *(SORT(.dtors.*))
 *(.dtors)
                0x9d000000                . = ALIGN (0x4)

.rodata         0x9d000000        0x0
 *(.gnu.linkonce.r.*)
 *(.rodata1)
                0x9d000000                . = ALIGN (0x4)

.sdata2         0x9fc00490        0x0
 *(.sdata2 .sdata2.* .gnu.linkonce.s2.*)
                0x9fc00490                . = ALIGN (0x4)

.sbss2          0x9fc00490        0x0
 *(.sbss2 .sbss2.* .gnu.linkonce.sb2.*)
                0x9fc00490                . = ALIGN (0x4)

.eh_frame_hdr
 *(.eh_frame_hdr)
                0x9fc00490                . = ALIGN (0x4)

.eh_frame
 *(.eh_frame)
                0x9fc00490                . = ALIGN (0x4)

.gcc_except_table
 *(.gcc_except_table .gcc_except_table.*)
                0x9fc00490                . = ALIGN (0x4)

.dbg_data       0xa0000000        0x0
                0xa0000000                . = (. + DEFINED (_DEBUGGER)?0x200:0x0)

.jcr            0xa0000000        0x0
 *(.jcr)
                0xa0000000                . = ALIGN (0x4)

.eh_frame
 *(.eh_frame)
                0xa0000000                . = ALIGN (0x4)

.gcc_except_table
 *(.gcc_except_table .gcc_except_table.*)
                0xa0000000                . = ALIGN (0x4)

.persist        0xa0000000        0x0
                0xa0000000                _persist_begin = .
 *(.persist .persist.*)
                0xa0000000                . = ALIGN (0x4)
                0xa0000000                _persist_end = .

.data           0xa0000000        0x0
 *(.gnu.linkonce.d.*)
 *(.data1)
                0xa0000000                . = ALIGN (0x4)
                0xa0000000                . = .
                0xa0007ff0                _gp = (ALIGN (0x10) + 0x7ff0)

.got            0xa0000000        0x0
 *(.got.plt)
 *(.got)
                0xa0000000                . = ALIGN (0x4)

.sdata          0xa0000000       0x3c
                0xa0000000                _sdata_begin = .
 *(.sdata .sdata.* .gnu.linkonce.s.*)
 .sdata         0xa0000000       0x3c build/default/production/_ext/1445274692/Vesc_Can1.o
                0xa0000000                b_first1
                0xa0000001                b_first
                0xa0000004                lMoveIncrement
                0xa0000008                i_CurrentMax
                0xa000000c                SetPartCount
                0xa0000010                iCutSpeed
                0xa0000014                lMoveMM
                0xa0000018                lHomeMM
                0xa000001c                Ramp
                0xa0000020                VescLength
                0xa0000024                unit_id
                0xa0000028                DECEL
                0xa000002c                ACCEL
                0xa0000030                NEG_STEADYVEL
                0xa0000034                POS_STEADYVEL
                0xa0000038                STEADYVEL
                0xa000003c                . = ALIGN (0x4)
                0xa000003c                _sdata_end = .

.lit8
 *(.lit8)

.lit4
 *(.lit4)
                0xa000003c                . = ALIGN (0x4)
                0xa000003c                _data_end = .
                0xa000003c                _bss_begin = .

.sbss           0xa000003c       0xd4
                0xa000003c                _sbss_begin = .
 *(.dynsbss)
 *(.sbss .sbss.* .gnu.linkonce.sb.*)
 .sbss          0xa000003c        0x8 build/default/production/_ext/60181895/plib_tmr2.o
 .sbss          0xa0000044        0x8 build/default/production/_ext/1171490990/exceptions.o
 .sbss          0xa000004c       0x9c build/default/production/_ext/1445274692/Vesc_Can1.o
                0xa0000064                ControlledStop
                0xa0000065                Start
                0xa0000066                Stop
                0xa0000067                b_HomeStatus
                0xa0000068                direction
                0xa0000069                StopBtn
                0xa000006c                StopCount
                0xa0000070                StopPressed
                0xa0000071                StartBtn
                0xa0000074                StartCount
                0xa0000078                StartPressed
                0xa0000079                BtnPressed
                0xa000007c                i
                0xa0000080                iCut_ERpm
                0xa0000084                CutPos
                0xa0000088                BtnCount
                0xa000008c                Delay4
                0xa0000090                Delay3
                0xa0000094                Delay2
                0xa0000098                Delay
                0xa000009c                AtDuty
                0xa00000a0                AtPos
                0xa00000a4                AtSpeed
                0xa00000a8                iCut_eRpm
                0xa00000ac                Rpm
                0xa00000b0                Pos
                0xa00000b4                iMoveHomeRemainder
                0xa00000b8                iMoveHomeQuotient
                0xa00000bc                iMoveRemainder
                0xa00000c0                iMoveQuotient
                0xa00000c4                sendPos
                0xa00000c8                quotiant
                0xa00000cc                lMoveDistance
                0xa00000d0                lHomeOffset
                0xa00000d4                EstopDelay
                0xa00000d8                PartCount
                0xa00000dc                TotalTime
                0xa00000e0                Posnow
                0xa00000e2                iVescCase
                0xa00000e4                ENDTARGETPOS
 *(.scommon)
 .scommon       0xa00000e8        0x4 build/default/production/_ext/1445274692/main1.o
                0xa00000e8                VescFlags
 .scommon       0xa00000ec       0x24 build/default/production/_ext/1445274692/Vesc_Can1.o
                0xa00000ec                PartsLeft
                0xa00000f0                VescID
                0xa00000f4                PartsTotal
                0xa00000f8                Test1
                0xa00000fc                nPos
                0xa0000100                Vesc_cmd_id
                0xa0000104                xTxCanData
                0xa0000108                rxbuf
                0xa0000110                _sbss_end = .
                0xa0000110                . = ALIGN (0x4)

.bss            0xa0000110      0x1b0
 *(.dynbss)
 *(COMMON)
 COMMON         0xa0000110      0x170 build/default/production/_ext/1445274692/main1.o
                0xa0000110                Saw
                0xa000016c                FeedRoller
                0xa00001c8                Traverse
                0xa0000224                VescData
 COMMON         0xa0000280       0x40 build/default/production/_ext/1445274692/Vesc_Can1.o
                0xa0000280                RxMsg
                0xa0000298                uTrajectory
                0xa00002c0                . = ALIGN ((. != 0x0)?0x4:0x1)
                0xa00002c0                . = ALIGN (0x4)
                0xa00002c0                _end = .
                0xa00002c0                _bss_end = .
                0x00020000                _bmxdudba_address = 0x20000
                0x00020000                _bmxdupba_address = 0x20000

/DISCARD/
 *(.pdr)
 *(.rel.dyn)
 *(.note.GNU-stack)
 *(.note.GNU-stack)
 *(.gnu_debuglink)
 *(.gnu.lto_*)
 *(.discard)

.gptab.sdata
 *(.gptab.data)
 *(.gptab.sdata)

.gptab.sbss
 *(.gptab.bss)
 *(.gptab.sbss)

.mdebug.abi32   0x00000000        0x0
 *(.mdebug.abi32)
 .mdebug.abi32  0x00000000        0x0 build/default/production/_ext/60165182/plib_can1.o
 .mdebug.abi32  0x00000000        0x0 build/default/production/_ext/60165520/plib_clk.o
 .mdebug.abi32  0x00000000        0x0 build/default/production/_ext/1865161661/plib_dmac.o
 .mdebug.abi32  0x00000000        0x0 build/default/production/_ext/1865200349/plib_evic.o
 .mdebug.abi32  0x00000000        0x0 build/default/production/_ext/1865254177/plib_gpio.o
 .mdebug.abi32  0x00000000        0x0 build/default/production/_ext/60181895/plib_tmr2.o
 .mdebug.abi32  0x00000000        0x0 build/default/production/_ext/1865657120/plib_uart1.o
 .mdebug.abi32  0x00000000        0x0 build/default/production/_ext/163028504/xc32_monitor.o
 .mdebug.abi32  0x00000000        0x0 build/default/production/_ext/1171490990/initialization.o
 .mdebug.abi32  0x00000000        0x0 build/default/production/_ext/1171490990/interrupts.o
 .mdebug.abi32  0x00000000        0x0 build/default/production/_ext/1171490990/exceptions.o
 .mdebug.abi32  0x00000000        0x0 build/default/production/_ext/1445274692/main1.o
 .mdebug.abi32  0x00000000        0x0 build/default/production/_ext/1445274692/Trajectory.o
 .mdebug.abi32  0x00000000        0x0 build/default/production/_ext/1445274692/Vesc_Can1.o
 .mdebug.abi32  0x00000000        0x0 c:/program files/microchip/xc32/v2.40/bin/bin/../../lib/gcc/pic32mx/4.8.3\libgcc.a(_udivdi3.o)
 .mdebug.abi32  0x00000000        0x0 c:/program files/microchip/xc32/v2.40/bin/bin/../../lib/gcc/pic32mx/4.8.3/../../../../pic32mx/lib\libpic32.a(default-on-reset.o)
 .mdebug.abi32  0x00000000        0x0 c:/program files/microchip/xc32/v2.40/bin/bin/../../lib/gcc/pic32mx/4.8.3/../../../../pic32mx/lib\libpic32.a(default-on-bootstrap.o)
 .mdebug.abi32  0x00000000        0x0 c:/program files/microchip/xc32/v2.40/bin/bin/../../lib/gcc/pic32mx/4.8.3/../../../../pic32mx/lib\libpic32.a(defaultinterrupt.o)
 .mdebug.abi32  0x00000000        0x0 c:/program files/microchip/xc32/v2.40/bin/bin/../../lib/gcc/pic32mx/4.8.3/../../../../pic32mx/lib\libc.a(sprintf_cdfFnopuxX.eo)
 .mdebug.abi32  0x00000000        0x0 c:/program files/microchip/xc32/v2.40/bin/bin/../../lib/gcc/pic32mx/4.8.3/../../../../pic32mx/lib\libc.a(doprnt_cdfFnopuxX.eo)
 .mdebug.abi32  0x00000000        0x0 c:/program files/microchip/xc32/v2.40/bin/bin/../../lib/gcc/pic32mx/4.8.3/../../../../pic32mx/lib\libc.a(_fputc_simple.o)
 .mdebug.abi32  0x00000000        0x0 c:/program files/microchip/xc32/v2.40/bin/bin/../../lib/gcc/pic32mx/4.8.3/../../../../pic32mx/lib\libc.a(ctype.o)
 .mdebug.abi32  0x00000000        0x0 c:/program files/microchip/xc32/v2.40/bin/bin/../../lib/gcc/pic32mx/4.8.3/../../../../pic32mx/lib\libc.a(ldpowers.o)
 .mdebug.abi32  0x00000000        0x0 c:/program files/microchip/xc32/v2.40/bin/bin/../../lib/gcc/pic32mx/4.8.3/../../../../pic32mx/lib\libc.a(_iob.o)
 .mdebug.abi32  0x00000000        0x0 c:/program files/microchip/xc32/v2.40/bin/bin/../../lib/gcc/pic32mx/4.8.3/../../../../pic32mx/lib\libc.a(_flsbuf_simple.o)
 .mdebug.abi32  0x00000000        0x0 c:/program files/microchip/xc32/v2.40/bin/bin/../../lib/gcc/pic32mx/4.8.3/../../../../pic32mx/lib\libe.a(_fixunsdfdi.o)
 .mdebug.abi32  0x00000000        0x0 c:/program files/microchip/xc32/v2.40/bin/bin/../../lib/gcc/pic32mx/4.8.3/../../../../pic32mx/lib\libe.a(_orderdf2.o)
 .mdebug.abi32  0x00000000        0x0 c:/program files/microchip/xc32/v2.40/bin/bin/../../lib/gcc/pic32mx/4.8.3/../../../../pic32mx/lib\libe.a(_fixdfdi.o)
 .mdebug.abi32  0x00000000        0x0 c:/program files/microchip/xc32/v2.40/bin/bin/../../lib/gcc/pic32mx/4.8.3\libgcc.a(_floatundidf.o)
 .mdebug.abi32  0x00000000        0x0 c:/program files/microchip/xc32/v2.40/bin/bin/../../lib/gcc/pic32mx/4.8.3\libgcc.a(_umoddi3.o)
 .mdebug.abi32  0x00000000        0x0 c:/program files/microchip/xc32/v2.40/bin/bin/../../lib/gcc/pic32mx/4.8.3\libgcc.a(floatunsidf.o)
 .mdebug.abi32  0x00000000        0x0 c:/program files/microchip/xc32/v2.40/bin/bin/../../lib/gcc/pic32mx/4.8.3/../../../../pic32mx/lib\libpic32.a(write.o)

.mdebug.abiN32
 *(.mdebug.abiN32)

.mdebug.abi64
 *(.mdebug.abi64)

.mdebug.abiO64
 *(.mdebug.abiO64)

.mdebug.eabi32
 *(.mdebug.eabi32)

.mdebug.eabi64
 *(.mdebug.eabi64)

.gcc_compiled_long32
 *(.gcc_compiled_long32)

.gcc_compiled_long64
 *(.gcc_compiled_long64)

.stab
 *(.stab)

.stabstr
 *(.stabstr)

.stab.excl
 *(.stab.excl)

.stab.exclstr
 *(.stab.exclstr)

.stab.index
 *(.stab.index)

.stab.indexstr
 *(.stab.indexstr)

.comment        0x00000000      0x1fa
 *(.comment)
 .comment       0x00000000       0x3c build/default/production/_ext/60165182/plib_can1.o
                                 0x3d (size before relaxing)
 .comment       0x00000000       0x3d build/default/production/_ext/60165520/plib_clk.o
 .comment       0x00000000       0x3d build/default/production/_ext/1865161661/plib_dmac.o
 .comment       0x00000000       0x3d build/default/production/_ext/1865200349/plib_evic.o
 .comment       0x00000000       0x3d build/default/production/_ext/1865254177/plib_gpio.o
 .comment       0x00000000       0x3d build/default/production/_ext/60181895/plib_tmr2.o
 .comment       0x00000000       0x3d build/default/production/_ext/1865657120/plib_uart1.o
 .comment       0x00000000       0x3d build/default/production/_ext/163028504/xc32_monitor.o
 .comment       0x00000000       0x3d build/default/production/_ext/1171490990/initialization.o
 .comment       0x00000000       0x3d build/default/production/_ext/1171490990/interrupts.o
 .comment       0x00000000       0x3d build/default/production/_ext/1171490990/exceptions.o
 .comment       0x00000000       0x3d build/default/production/_ext/1445274692/main1.o
 .comment       0x00000000       0x3d build/default/production/_ext/1445274692/Trajectory.o
 .comment       0x00000000       0x3d build/default/production/_ext/1445274692/Vesc_Can1.o
 .comment       0x00000000       0x3d c:/program files/microchip/xc32/v2.40/bin/bin/../../lib/gcc/pic32mx/4.8.3\libgcc.a(_udivdi3.o)
 .comment       0x0000003c       0x18 c:/program files/microchip/xc32/v2.40/bin/bin/../../lib/gcc/pic32mx/4.8.3/../../../../pic32mx/lib\libpic32.a(memset.o)
                                 0x19 (size before relaxing)
 .comment       0x00000054       0x19 c:/program files/microchip/xc32/v2.40/bin/bin/../../lib/gcc/pic32mx/4.8.3/../../../../pic32mx/lib\libpic32.a(strlen.o)
                                 0x1a (size before relaxing)
 .comment       0x00000000       0x3d c:/program files/microchip/xc32/v2.40/bin/bin/../../lib/gcc/pic32mx/4.8.3/../../../../pic32mx/lib\libpic32.a(default-on-reset.o)
 .comment       0x00000000       0x3d c:/program files/microchip/xc32/v2.40/bin/bin/../../lib/gcc/pic32mx/4.8.3/../../../../pic32mx/lib\libpic32.a(default-on-bootstrap.o)
 .comment       0x00000000       0x3d c:/program files/microchip/xc32/v2.40/bin/bin/../../lib/gcc/pic32mx/4.8.3/../../../../pic32mx/lib\libpic32.a(defaultinterrupt.o)
 .comment       0x00000000       0x3d c:/program files/microchip/xc32/v2.40/bin/bin/../../lib/gcc/pic32mx/4.8.3/../../../../pic32mx/lib\libc.a(sprintf_cdfFnopuxX.eo)
 .comment       0x00000000       0x3d c:/program files/microchip/xc32/v2.40/bin/bin/../../lib/gcc/pic32mx/4.8.3/../../../../pic32mx/lib\libc.a(doprnt_cdfFnopuxX.eo)
 .comment       0x00000000       0x3d c:/program files/microchip/xc32/v2.40/bin/bin/../../lib/gcc/pic32mx/4.8.3/../../../../pic32mx/lib\libc.a(_fputc_simple.o)
 .comment       0x0000006d       0x4e c:/program files/microchip/xc32/v2.40/bin/bin/../../lib/gcc/pic32mx/4.8.3/../../../../pic32mx/lib\libc.a(ctype.o)
                                 0x8b (size before relaxing)
 .comment       0x00000000       0x3d c:/program files/microchip/xc32/v2.40/bin/bin/../../lib/gcc/pic32mx/4.8.3/../../../../pic32mx/lib\libc.a(ldpowers.o)
 .comment       0x00000000       0x3d c:/program files/microchip/xc32/v2.40/bin/bin/../../lib/gcc/pic32mx/4.8.3/../../../../pic32mx/lib\libc.a(_iob.o)
 .comment       0x00000000       0x3d c:/program files/microchip/xc32/v2.40/bin/bin/../../lib/gcc/pic32mx/4.8.3/../../../../pic32mx/lib\libc.a(_flsbuf_simple.o)
 .comment       0x000000bb       0x9f c:/program files/microchip/xc32/v2.40/bin/bin/../../lib/gcc/pic32mx/4.8.3/../../../../pic32mx/lib\libe.a(_fixunsdfdi.o)
                                 0xdc (size before relaxing)
 .comment       0x0000015a       0x50 c:/program files/microchip/xc32/v2.40/bin/bin/../../lib/gcc/pic32mx/4.8.3/../../../../pic32mx/lib\libe.a(_orderdf2.o)
                                 0xdb (size before relaxing)
 .comment       0x000001aa       0x50 c:/program files/microchip/xc32/v2.40/bin/bin/../../lib/gcc/pic32mx/4.8.3/../../../../pic32mx/lib\libe.a(_fixdfdi.o)
                                 0xdb (size before relaxing)
 .comment       0x00000000       0x3d c:/program files/microchip/xc32/v2.40/bin/bin/../../lib/gcc/pic32mx/4.8.3\libgcc.a(_floatundidf.o)
 .comment       0x00000000       0x3d c:/program files/microchip/xc32/v2.40/bin/bin/../../lib/gcc/pic32mx/4.8.3\libgcc.a(_umoddi3.o)
 .comment       0x00000000       0x3d c:/program files/microchip/xc32/v2.40/bin/bin/../../lib/gcc/pic32mx/4.8.3\libgcc.a(floatunsidf.o)
 .comment       0x00000000       0x3d c:/program files/microchip/xc32/v2.40/bin/bin/../../lib/gcc/pic32mx/4.8.3/../../../../pic32mx/lib\libpic32.a(write.o)

.debug
 *.elf(.debug)
 *(.debug)

.line
 *.elf(.line)
 *(.line)

.debug_srcinfo
 *.elf(.debug_srcinfo)
 *(.debug_srcinfo)

.debug_sfnames
 *.elf(.debug_sfnames)
 *(.debug_sfnames)

.debug_aranges  0x00000000      0x620
 *.elf(.debug_aranges)
 *(.debug_aranges)
 .debug_aranges
                0x00000000       0x80 build/default/production/_ext/60165182/plib_can1.o
 .debug_aranges
                0x00000080       0x20 build/default/production/_ext/60165520/plib_clk.o
 .debug_aranges
                0x000000a0       0x48 build/default/production/_ext/1865161661/plib_dmac.o
 .debug_aranges
                0x000000e8       0x50 build/default/production/_ext/1865200349/plib_evic.o
 .debug_aranges
                0x00000138       0x80 build/default/production/_ext/1865254177/plib_gpio.o
 .debug_aranges
                0x000001b8       0x70 build/default/production/_ext/60181895/plib_tmr2.o
 .debug_aranges
                0x00000228       0x68 build/default/production/_ext/1865657120/plib_uart1.o
 .debug_aranges
                0x00000290       0x28 build/default/production/_ext/163028504/xc32_monitor.o
 .debug_aranges
                0x000002b8       0x20 build/default/production/_ext/1171490990/initialization.o
 .debug_aranges
                0x000002d8       0x30 build/default/production/_ext/1171490990/interrupts.o
 .debug_aranges
                0x00000308       0x28 build/default/production/_ext/1171490990/exceptions.o
 .debug_aranges
                0x00000330       0x20 build/default/production/_ext/1445274692/main1.o
 .debug_aranges
                0x00000350       0x40 build/default/production/_ext/1445274692/Trajectory.o
 .debug_aranges
                0x00000390       0xa8 build/default/production/_ext/1445274692/Vesc_Can1.o
 .debug_aranges
                0x00000438       0x20 c:/program files/microchip/xc32/v2.40/bin/bin/../../lib/gcc/pic32mx/4.8.3\libgcc.a(_udivdi3.o)
 .debug_aranges
                0x00000458       0x20 c:/program files/microchip/xc32/v2.40/bin/bin/../../lib/gcc/pic32mx/4.8.3/../../../../pic32mx/lib\libpic32.a(default-on-reset.o)
 .debug_aranges
                0x00000478       0x20 c:/program files/microchip/xc32/v2.40/bin/bin/../../lib/gcc/pic32mx/4.8.3/../../../../pic32mx/lib\libpic32.a(default-on-bootstrap.o)
 .debug_aranges
                0x00000498       0x20 c:/program files/microchip/xc32/v2.40/bin/bin/../../lib/gcc/pic32mx/4.8.3/../../../../pic32mx/lib\libpic32.a(defaultinterrupt.o)
 .debug_aranges
                0x000004b8       0x20 c:/program files/microchip/xc32/v2.40/bin/bin/../../lib/gcc/pic32mx/4.8.3/../../../../pic32mx/lib\libc.a(sprintf_cdfFnopuxX.eo)
 .debug_aranges
                0x000004d8       0x28 c:/program files/microchip/xc32/v2.40/bin/bin/../../lib/gcc/pic32mx/4.8.3/../../../../pic32mx/lib\libc.a(doprnt_cdfFnopuxX.eo)
 .debug_aranges
                0x00000500       0x20 c:/program files/microchip/xc32/v2.40/bin/bin/../../lib/gcc/pic32mx/4.8.3/../../../../pic32mx/lib\libc.a(_fputc_simple.o)
 .debug_aranges
                0x00000520       0x20 c:/program files/microchip/xc32/v2.40/bin/bin/../../lib/gcc/pic32mx/4.8.3/../../../../pic32mx/lib\libc.a(_flsbuf_simple.o)
 .debug_aranges
                0x00000540       0x20 c:/program files/microchip/xc32/v2.40/bin/bin/../../lib/gcc/pic32mx/4.8.3/../../../../pic32mx/lib\libe.a(_fixunsdfdi.o)
 .debug_aranges
                0x00000560       0x20 c:/program files/microchip/xc32/v2.40/bin/bin/../../lib/gcc/pic32mx/4.8.3/../../../../pic32mx/lib\libe.a(_orderdf2.o)
 .debug_aranges
                0x00000580       0x20 c:/program files/microchip/xc32/v2.40/bin/bin/../../lib/gcc/pic32mx/4.8.3/../../../../pic32mx/lib\libe.a(_fixdfdi.o)
 .debug_aranges
                0x000005a0       0x20 c:/program files/microchip/xc32/v2.40/bin/bin/../../lib/gcc/pic32mx/4.8.3\libgcc.a(_floatundidf.o)
 .debug_aranges
                0x000005c0       0x20 c:/program files/microchip/xc32/v2.40/bin/bin/../../lib/gcc/pic32mx/4.8.3\libgcc.a(_umoddi3.o)
 .debug_aranges
                0x000005e0       0x20 c:/program files/microchip/xc32/v2.40/bin/bin/../../lib/gcc/pic32mx/4.8.3\libgcc.a(floatunsidf.o)
 .debug_aranges
                0x00000600       0x20 c:/program files/microchip/xc32/v2.40/bin/bin/../../lib/gcc/pic32mx/4.8.3/../../../../pic32mx/lib\libpic32.a(write.o)

.debug_pubnames
 *.elf(.debug_pubnames)
 *(.debug_pubnames)

.debug_info     0x00000000     0xae2f
 *.elf(.debug_info .gnu.linkonce.wi.*)
 *(.debug_info .gnu.linkonce.wi.*)
 .debug_info    0x00000000      0xd50 build/default/production/_ext/60165182/plib_can1.o
 .debug_info    0x00000d50      0x18d build/default/production/_ext/60165520/plib_clk.o
 .debug_info    0x00000edd      0x9cc build/default/production/_ext/1865161661/plib_dmac.o
 .debug_info    0x000018a9      0xcee build/default/production/_ext/1865200349/plib_evic.o
 .debug_info    0x00002597      0xea2 build/default/production/_ext/1865254177/plib_gpio.o
 .debug_info    0x00003439      0x906 build/default/production/_ext/60181895/plib_tmr2.o
 .debug_info    0x00003d3f      0x830 build/default/production/_ext/1865657120/plib_uart1.o
 .debug_info    0x0000456f      0x11d build/default/production/_ext/163028504/xc32_monitor.o
 .debug_info    0x0000468c      0x4fb build/default/production/_ext/1171490990/initialization.o
 .debug_info    0x00004b87      0x259 build/default/production/_ext/1171490990/interrupts.o
 .debug_info    0x00004de0      0x2bd build/default/production/_ext/1171490990/exceptions.o
 .debug_info    0x0000509d      0x779 build/default/production/_ext/1445274692/main1.o
 .debug_info    0x00005816      0x622 build/default/production/_ext/1445274692/Trajectory.o
 .debug_info    0x00005e38     0x34cc build/default/production/_ext/1445274692/Vesc_Can1.o
 .debug_info    0x00009304      0x74b c:/program files/microchip/xc32/v2.40/bin/bin/../../lib/gcc/pic32mx/4.8.3\libgcc.a(_udivdi3.o)
 .debug_info    0x00009a4f       0xcd c:/program files/microchip/xc32/v2.40/bin/bin/../../lib/gcc/pic32mx/4.8.3/../../../../pic32mx/lib\libpic32.a(default-on-reset.o)
 .debug_info    0x00009b1c       0xd5 c:/program files/microchip/xc32/v2.40/bin/bin/../../lib/gcc/pic32mx/4.8.3/../../../../pic32mx/lib\libpic32.a(default-on-bootstrap.o)
 .debug_info    0x00009bf1       0xe7 c:/program files/microchip/xc32/v2.40/bin/bin/../../lib/gcc/pic32mx/4.8.3/../../../../pic32mx/lib\libpic32.a(defaultinterrupt.o)
 .debug_info    0x00009cd8       0xd2 c:/program files/microchip/xc32/v2.40/bin/bin/../../lib/gcc/pic32mx/4.8.3/../../../../pic32mx/lib\libc.a(sprintf_cdfFnopuxX.eo)
 .debug_info    0x00009daa       0xfa c:/program files/microchip/xc32/v2.40/bin/bin/../../lib/gcc/pic32mx/4.8.3/../../../../pic32mx/lib\libc.a(doprnt_cdfFnopuxX.eo)
 .debug_info    0x00009ea4       0xc2 c:/program files/microchip/xc32/v2.40/bin/bin/../../lib/gcc/pic32mx/4.8.3/../../../../pic32mx/lib\libc.a(_fputc_simple.o)
 .debug_info    0x00009f66       0xc5 c:/program files/microchip/xc32/v2.40/bin/bin/../../lib/gcc/pic32mx/4.8.3/../../../../pic32mx/lib\libc.a(_flsbuf_simple.o)
 .debug_info    0x0000a02b       0xce c:/program files/microchip/xc32/v2.40/bin/bin/../../lib/gcc/pic32mx/4.8.3/../../../../pic32mx/lib\libe.a(_fixunsdfdi.o)
 .debug_info    0x0000a0f9       0xba c:/program files/microchip/xc32/v2.40/bin/bin/../../lib/gcc/pic32mx/4.8.3/../../../../pic32mx/lib\libe.a(_orderdf2.o)
 .debug_info    0x0000a1b3       0xb9 c:/program files/microchip/xc32/v2.40/bin/bin/../../lib/gcc/pic32mx/4.8.3/../../../../pic32mx/lib\libe.a(_fixdfdi.o)
 .debug_info    0x0000a26c      0x245 c:/program files/microchip/xc32/v2.40/bin/bin/../../lib/gcc/pic32mx/4.8.3\libgcc.a(_floatundidf.o)
 .debug_info    0x0000a4b1      0x788 c:/program files/microchip/xc32/v2.40/bin/bin/../../lib/gcc/pic32mx/4.8.3\libgcc.a(_umoddi3.o)
 .debug_info    0x0000ac39      0x137 c:/program files/microchip/xc32/v2.40/bin/bin/../../lib/gcc/pic32mx/4.8.3\libgcc.a(floatunsidf.o)
 .debug_info    0x0000ad70       0xbf c:/program files/microchip/xc32/v2.40/bin/bin/../../lib/gcc/pic32mx/4.8.3/../../../../pic32mx/lib\libpic32.a(write.o)

.debug_abbrev   0x00000000     0x180b
 *.elf(.debug_abbrev)
 *(.debug_abbrev)
 .debug_abbrev  0x00000000      0x1c0 build/default/production/_ext/60165182/plib_can1.o
 .debug_abbrev  0x000001c0       0x39 build/default/production/_ext/60165520/plib_clk.o
 .debug_abbrev  0x000001f9      0x257 build/default/production/_ext/1865161661/plib_dmac.o
 .debug_abbrev  0x00000450       0xfc build/default/production/_ext/1865200349/plib_evic.o
 .debug_abbrev  0x0000054c      0x1d9 build/default/production/_ext/1865254177/plib_gpio.o
 .debug_abbrev  0x00000725      0x183 build/default/production/_ext/60181895/plib_tmr2.o
 .debug_abbrev  0x000008a8      0x1d3 build/default/production/_ext/1865657120/plib_uart1.o
 .debug_abbrev  0x00000a7b       0x66 build/default/production/_ext/163028504/xc32_monitor.o
 .debug_abbrev  0x00000ae1       0xe9 build/default/production/_ext/1171490990/initialization.o
 .debug_abbrev  0x00000bca       0x57 build/default/production/_ext/1171490990/interrupts.o
 .debug_abbrev  0x00000c21       0x6b build/default/production/_ext/1171490990/exceptions.o
 .debug_abbrev  0x00000c8c      0x11d build/default/production/_ext/1445274692/main1.o
 .debug_abbrev  0x00000da9      0x1de build/default/production/_ext/1445274692/Trajectory.o
 .debug_abbrev  0x00000f87      0x35b build/default/production/_ext/1445274692/Vesc_Can1.o
 .debug_abbrev  0x000012e2      0x138 c:/program files/microchip/xc32/v2.40/bin/bin/../../lib/gcc/pic32mx/4.8.3\libgcc.a(_udivdi3.o)
 .debug_abbrev  0x0000141a       0x28 c:/program files/microchip/xc32/v2.40/bin/bin/../../lib/gcc/pic32mx/4.8.3/../../../../pic32mx/lib\libpic32.a(default-on-reset.o)
 .debug_abbrev  0x00001442       0x28 c:/program files/microchip/xc32/v2.40/bin/bin/../../lib/gcc/pic32mx/4.8.3/../../../../pic32mx/lib\libpic32.a(default-on-bootstrap.o)
 .debug_abbrev  0x0000146a       0x28 c:/program files/microchip/xc32/v2.40/bin/bin/../../lib/gcc/pic32mx/4.8.3/../../../../pic32mx/lib\libpic32.a(defaultinterrupt.o)
 .debug_abbrev  0x00001492       0x28 c:/program files/microchip/xc32/v2.40/bin/bin/../../lib/gcc/pic32mx/4.8.3/../../../../pic32mx/lib\libc.a(sprintf_cdfFnopuxX.eo)
 .debug_abbrev  0x000014ba       0x45 c:/program files/microchip/xc32/v2.40/bin/bin/../../lib/gcc/pic32mx/4.8.3/../../../../pic32mx/lib\libc.a(doprnt_cdfFnopuxX.eo)
 .debug_abbrev  0x000014ff       0x28 c:/program files/microchip/xc32/v2.40/bin/bin/../../lib/gcc/pic32mx/4.8.3/../../../../pic32mx/lib\libc.a(_fputc_simple.o)
 .debug_abbrev  0x00001527       0x28 c:/program files/microchip/xc32/v2.40/bin/bin/../../lib/gcc/pic32mx/4.8.3/../../../../pic32mx/lib\libc.a(_flsbuf_simple.o)
 .debug_abbrev  0x0000154f       0x37 c:/program files/microchip/xc32/v2.40/bin/bin/../../lib/gcc/pic32mx/4.8.3/../../../../pic32mx/lib\libe.a(_fixunsdfdi.o)
 .debug_abbrev  0x00001586       0x28 c:/program files/microchip/xc32/v2.40/bin/bin/../../lib/gcc/pic32mx/4.8.3/../../../../pic32mx/lib\libe.a(_orderdf2.o)
 .debug_abbrev  0x000015ae       0x28 c:/program files/microchip/xc32/v2.40/bin/bin/../../lib/gcc/pic32mx/4.8.3/../../../../pic32mx/lib\libe.a(_fixdfdi.o)
 .debug_abbrev  0x000015d6       0x64 c:/program files/microchip/xc32/v2.40/bin/bin/../../lib/gcc/pic32mx/4.8.3\libgcc.a(_floatundidf.o)
 .debug_abbrev  0x0000163a      0x147 c:/program files/microchip/xc32/v2.40/bin/bin/../../lib/gcc/pic32mx/4.8.3\libgcc.a(_umoddi3.o)
 .debug_abbrev  0x00001781       0x62 c:/program files/microchip/xc32/v2.40/bin/bin/../../lib/gcc/pic32mx/4.8.3\libgcc.a(floatunsidf.o)
 .debug_abbrev  0x000017e3       0x28 c:/program files/microchip/xc32/v2.40/bin/bin/../../lib/gcc/pic32mx/4.8.3/../../../../pic32mx/lib\libpic32.a(write.o)

.debug_line     0x00000000     0x28b1
 *.elf(.debug_line)
 *(.debug_line)
 .debug_line    0x00000000      0x314 build/default/production/_ext/60165182/plib_can1.o
 .debug_line    0x00000314       0x8c build/default/production/_ext/60165520/plib_clk.o
 .debug_line    0x000003a0      0x2a3 build/default/production/_ext/1865161661/plib_dmac.o
 .debug_line    0x00000643      0x1cd build/default/production/_ext/1865200349/plib_evic.o
 .debug_line    0x00000810      0x259 build/default/production/_ext/1865254177/plib_gpio.o
 .debug_line    0x00000a69      0x210 build/default/production/_ext/60181895/plib_tmr2.o
 .debug_line    0x00000c79      0x29f build/default/production/_ext/1865657120/plib_uart1.o
 .debug_line    0x00000f18       0x96 build/default/production/_ext/163028504/xc32_monitor.o
 .debug_line    0x00000fae      0x3f0 build/default/production/_ext/1171490990/initialization.o
 .debug_line    0x0000139e       0xb1 build/default/production/_ext/1171490990/interrupts.o
 .debug_line    0x0000144f       0x93 build/default/production/_ext/1171490990/exceptions.o
 .debug_line    0x000014e2      0x110 build/default/production/_ext/1445274692/main1.o
 .debug_line    0x000015f2      0x1ae build/default/production/_ext/1445274692/Trajectory.o
 .debug_line    0x000017a0      0x806 build/default/production/_ext/1445274692/Vesc_Can1.o
 .debug_line    0x00001fa6       0xf7 c:/program files/microchip/xc32/v2.40/bin/bin/../../lib/gcc/pic32mx/4.8.3\libgcc.a(_udivdi3.o)
 .debug_line    0x0000209d       0x93 c:/program files/microchip/xc32/v2.40/bin/bin/../../lib/gcc/pic32mx/4.8.3/../../../../pic32mx/lib\libpic32.a(default-on-reset.o)
 .debug_line    0x00002130       0x97 c:/program files/microchip/xc32/v2.40/bin/bin/../../lib/gcc/pic32mx/4.8.3/../../../../pic32mx/lib\libpic32.a(default-on-bootstrap.o)
 .debug_line    0x000021c7       0xa5 c:/program files/microchip/xc32/v2.40/bin/bin/../../lib/gcc/pic32mx/4.8.3/../../../../pic32mx/lib\libpic32.a(defaultinterrupt.o)
 .debug_line    0x0000226c       0x7f c:/program files/microchip/xc32/v2.40/bin/bin/../../lib/gcc/pic32mx/4.8.3/../../../../pic32mx/lib\libc.a(sprintf_cdfFnopuxX.eo)
 .debug_line    0x000022eb       0x7e c:/program files/microchip/xc32/v2.40/bin/bin/../../lib/gcc/pic32mx/4.8.3/../../../../pic32mx/lib\libc.a(doprnt_cdfFnopuxX.eo)
 .debug_line    0x00002369       0x7d c:/program files/microchip/xc32/v2.40/bin/bin/../../lib/gcc/pic32mx/4.8.3/../../../../pic32mx/lib\libc.a(_fputc_simple.o)
 .debug_line    0x000023e6        0x0 c:/program files/microchip/xc32/v2.40/bin/bin/../../lib/gcc/pic32mx/4.8.3/../../../../pic32mx/lib\libc.a(ctype.o)
 .debug_line    0x000023e6        0x0 c:/program files/microchip/xc32/v2.40/bin/bin/../../lib/gcc/pic32mx/4.8.3/../../../../pic32mx/lib\libc.a(ldpowers.o)
 .debug_line    0x000023e6        0x0 c:/program files/microchip/xc32/v2.40/bin/bin/../../lib/gcc/pic32mx/4.8.3/../../../../pic32mx/lib\libc.a(_iob.o)
 .debug_line    0x000023e6       0x7e c:/program files/microchip/xc32/v2.40/bin/bin/../../lib/gcc/pic32mx/4.8.3/../../../../pic32mx/lib\libc.a(_flsbuf_simple.o)
 .debug_line    0x00002464       0x82 c:/program files/microchip/xc32/v2.40/bin/bin/../../lib/gcc/pic32mx/4.8.3/../../../../pic32mx/lib\libe.a(_fixunsdfdi.o)
 .debug_line    0x000024e6       0x81 c:/program files/microchip/xc32/v2.40/bin/bin/../../lib/gcc/pic32mx/4.8.3/../../../../pic32mx/lib\libe.a(_orderdf2.o)
 .debug_line    0x00002567       0x81 c:/program files/microchip/xc32/v2.40/bin/bin/../../lib/gcc/pic32mx/4.8.3/../../../../pic32mx/lib\libe.a(_fixdfdi.o)
 .debug_line    0x000025e8       0xa5 c:/program files/microchip/xc32/v2.40/bin/bin/../../lib/gcc/pic32mx/4.8.3\libgcc.a(_floatundidf.o)
 .debug_line    0x0000268d      0x109 c:/program files/microchip/xc32/v2.40/bin/bin/../../lib/gcc/pic32mx/4.8.3\libgcc.a(_umoddi3.o)
 .debug_line    0x00002796       0x93 c:/program files/microchip/xc32/v2.40/bin/bin/../../lib/gcc/pic32mx/4.8.3\libgcc.a(floatunsidf.o)
 .debug_line    0x00002829       0x88 c:/program files/microchip/xc32/v2.40/bin/bin/../../lib/gcc/pic32mx/4.8.3/../../../../pic32mx/lib\libpic32.a(write.o)

.debug_frame    0x00000000      0xb10
 *.elf(.debug_frame)
 *(.debug_frame)
 .debug_frame   0x00000000       0xe0 build/default/production/_ext/60165182/plib_can1.o
 .debug_frame   0x000000e0       0x20 build/default/production/_ext/60165520/plib_clk.o
 .debug_frame   0x00000100       0x84 build/default/production/_ext/1865161661/plib_dmac.o
 .debug_frame   0x00000184       0x80 build/default/production/_ext/1865200349/plib_evic.o
 .debug_frame   0x00000204       0xf4 build/default/production/_ext/1865254177/plib_gpio.o
 .debug_frame   0x000002f8       0xcc build/default/production/_ext/60181895/plib_tmr2.o
 .debug_frame   0x000003c4       0xc0 build/default/production/_ext/1865657120/plib_uart1.o
 .debug_frame   0x00000484       0x30 build/default/production/_ext/163028504/xc32_monitor.o
 .debug_frame   0x000004b4       0x2c build/default/production/_ext/1171490990/initialization.o
 .debug_frame   0x000004e0       0xe8 build/default/production/_ext/1171490990/interrupts.o
 .debug_frame   0x000005c8       0x40 build/default/production/_ext/1171490990/exceptions.o
 .debug_frame   0x00000608       0x28 build/default/production/_ext/1445274692/main1.o
 .debug_frame   0x00000630       0x7c build/default/production/_ext/1445274692/Trajectory.o
 .debug_frame   0x000006ac      0x1bc build/default/production/_ext/1445274692/Vesc_Can1.o
 .debug_frame   0x00000868       0x20 c:/program files/microchip/xc32/v2.40/bin/bin/../../lib/gcc/pic32mx/4.8.3\libgcc.a(_udivdi3.o)
 .debug_frame   0x00000888       0x20 c:/program files/microchip/xc32/v2.40/bin/bin/../../lib/gcc/pic32mx/4.8.3/../../../../pic32mx/lib\libpic32.a(default-on-reset.o)
 .debug_frame   0x000008a8       0x20 c:/program files/microchip/xc32/v2.40/bin/bin/../../lib/gcc/pic32mx/4.8.3/../../../../pic32mx/lib\libpic32.a(default-on-bootstrap.o)
 .debug_frame   0x000008c8       0x20 c:/program files/microchip/xc32/v2.40/bin/bin/../../lib/gcc/pic32mx/4.8.3/../../../../pic32mx/lib\libpic32.a(defaultinterrupt.o)
 .debug_frame   0x000008e8       0x2c c:/program files/microchip/xc32/v2.40/bin/bin/../../lib/gcc/pic32mx/4.8.3/../../../../pic32mx/lib\libc.a(sprintf_cdfFnopuxX.eo)
 .debug_frame   0x00000914       0x70 c:/program files/microchip/xc32/v2.40/bin/bin/../../lib/gcc/pic32mx/4.8.3/../../../../pic32mx/lib\libc.a(doprnt_cdfFnopuxX.eo)
 .debug_frame   0x00000984       0x30 c:/program files/microchip/xc32/v2.40/bin/bin/../../lib/gcc/pic32mx/4.8.3/../../../../pic32mx/lib\libc.a(_fputc_simple.o)
 .debug_frame   0x000009b4       0x38 c:/program files/microchip/xc32/v2.40/bin/bin/../../lib/gcc/pic32mx/4.8.3/../../../../pic32mx/lib\libc.a(_flsbuf_simple.o)
 .debug_frame   0x000009ec       0x34 c:/program files/microchip/xc32/v2.40/bin/bin/../../lib/gcc/pic32mx/4.8.3/../../../../pic32mx/lib\libe.a(_fixunsdfdi.o)
 .debug_frame   0x00000a20       0x20 c:/program files/microchip/xc32/v2.40/bin/bin/../../lib/gcc/pic32mx/4.8.3/../../../../pic32mx/lib\libe.a(_orderdf2.o)
 .debug_frame   0x00000a40       0x20 c:/program files/microchip/xc32/v2.40/bin/bin/../../lib/gcc/pic32mx/4.8.3/../../../../pic32mx/lib\libe.a(_fixdfdi.o)
 .debug_frame   0x00000a60       0x2c c:/program files/microchip/xc32/v2.40/bin/bin/../../lib/gcc/pic32mx/4.8.3\libgcc.a(_floatundidf.o)
 .debug_frame   0x00000a8c       0x20 c:/program files/microchip/xc32/v2.40/bin/bin/../../lib/gcc/pic32mx/4.8.3\libgcc.a(_umoddi3.o)
 .debug_frame   0x00000aac       0x2c c:/program files/microchip/xc32/v2.40/bin/bin/../../lib/gcc/pic32mx/4.8.3\libgcc.a(floatunsidf.o)
 .debug_frame   0x00000ad8       0x38 c:/program files/microchip/xc32/v2.40/bin/bin/../../lib/gcc/pic32mx/4.8.3/../../../../pic32mx/lib\libpic32.a(write.o)

.debug_str      0x00000000      0x1dd
 *.elf(.debug_str)
 *(.debug_str)
 .debug_str     0x00000000       0x42 build/default/production/_ext/60165182/plib_can1.o
 .debug_str     0x00000042        0x0 build/default/production/_ext/60165520/plib_clk.o
 .debug_str     0x00000042       0x11 build/default/production/_ext/1865161661/plib_dmac.o
 .debug_str     0x00000053        0x7 build/default/production/_ext/1865200349/plib_evic.o
 .debug_str     0x0000005a       0x35 build/default/production/_ext/1865254177/plib_gpio.o
 .debug_str     0x0000008f        0xc build/default/production/_ext/60181895/plib_tmr2.o
 .debug_str     0x0000009b       0x15 build/default/production/_ext/1865657120/plib_uart1.o
 .debug_str     0x000000b0        0x0 build/default/production/_ext/163028504/xc32_monitor.o
 .debug_str     0x000000b0        0x0 build/default/production/_ext/1171490990/initialization.o
 .debug_str     0x000000b0        0x0 build/default/production/_ext/1171490990/interrupts.o
 .debug_str     0x000000b0        0x0 build/default/production/_ext/1171490990/exceptions.o
 .debug_str     0x000000b0       0x49 build/default/production/_ext/1445274692/main1.o
 .debug_str     0x000000f9       0x42 build/default/production/_ext/1445274692/Trajectory.o
 .debug_str     0x0000013b       0xa2 build/default/production/_ext/1445274692/Vesc_Can1.o
 .debug_str     0x000001dd        0x0 c:/program files/microchip/xc32/v2.40/bin/bin/../../lib/gcc/pic32mx/4.8.3\libgcc.a(_udivdi3.o)
 .debug_str     0x000001dd        0x0 c:/program files/microchip/xc32/v2.40/bin/bin/../../lib/gcc/pic32mx/4.8.3/../../../../pic32mx/lib\libpic32.a(default-on-reset.o)
 .debug_str     0x000001dd        0x0 c:/program files/microchip/xc32/v2.40/bin/bin/../../lib/gcc/pic32mx/4.8.3/../../../../pic32mx/lib\libpic32.a(default-on-bootstrap.o)
 .debug_str     0x000001dd        0x0 c:/program files/microchip/xc32/v2.40/bin/bin/../../lib/gcc/pic32mx/4.8.3/../../../../pic32mx/lib\libpic32.a(defaultinterrupt.o)
 .debug_str     0x000001dd        0x0 c:/program files/microchip/xc32/v2.40/bin/bin/../../lib/gcc/pic32mx/4.8.3/../../../../pic32mx/lib\libc.a(sprintf_cdfFnopuxX.eo)
 .debug_str     0x000001dd        0x0 c:/program files/microchip/xc32/v2.40/bin/bin/../../lib/gcc/pic32mx/4.8.3/../../../../pic32mx/lib\libc.a(doprnt_cdfFnopuxX.eo)
 .debug_str     0x000001dd        0x0 c:/program files/microchip/xc32/v2.40/bin/bin/../../lib/gcc/pic32mx/4.8.3/../../../../pic32mx/lib\libc.a(_fputc_simple.o)
 .debug_str     0x000001dd        0x0 c:/program files/microchip/xc32/v2.40/bin/bin/../../lib/gcc/pic32mx/4.8.3/../../../../pic32mx/lib\libc.a(ctype.o)
 .debug_str     0x000001dd        0x0 c:/program files/microchip/xc32/v2.40/bin/bin/../../lib/gcc/pic32mx/4.8.3/../../../../pic32mx/lib\libc.a(ldpowers.o)
 .debug_str     0x000001dd        0x0 c:/program files/microchip/xc32/v2.40/bin/bin/../../lib/gcc/pic32mx/4.8.3/../../../../pic32mx/lib\libc.a(_iob.o)
 .debug_str     0x000001dd        0x0 c:/program files/microchip/xc32/v2.40/bin/bin/../../lib/gcc/pic32mx/4.8.3/../../../../pic32mx/lib\libc.a(_flsbuf_simple.o)
 .debug_str     0x000001dd        0x0 c:/program files/microchip/xc32/v2.40/bin/bin/../../lib/gcc/pic32mx/4.8.3/../../../../pic32mx/lib\libe.a(_fixunsdfdi.o)
 .debug_str     0x000001dd        0x0 c:/program files/microchip/xc32/v2.40/bin/bin/../../lib/gcc/pic32mx/4.8.3/../../../../pic32mx/lib\libe.a(_orderdf2.o)
 .debug_str     0x000001dd        0x0 c:/program files/microchip/xc32/v2.40/bin/bin/../../lib/gcc/pic32mx/4.8.3/../../../../pic32mx/lib\libe.a(_fixdfdi.o)
 .debug_str     0x000001dd        0x0 c:/program files/microchip/xc32/v2.40/bin/bin/../../lib/gcc/pic32mx/4.8.3\libgcc.a(_floatundidf.o)
 .debug_str     0x000001dd        0x0 c:/program files/microchip/xc32/v2.40/bin/bin/../../lib/gcc/pic32mx/4.8.3\libgcc.a(_umoddi3.o)
 .debug_str     0x000001dd        0x0 c:/program files/microchip/xc32/v2.40/bin/bin/../../lib/gcc/pic32mx/4.8.3\libgcc.a(floatunsidf.o)
 .debug_str     0x000001dd        0x0 c:/program files/microchip/xc32/v2.40/bin/bin/../../lib/gcc/pic32mx/4.8.3/../../../../pic32mx/lib\libpic32.a(write.o)

.debug_loc      0x00000000     0x2fe9
 *.elf(.debug_loc)
 *(.debug_loc)
 .debug_loc     0x00000000      0x53d build/default/production/_ext/60165182/plib_can1.o
 .debug_loc     0x0000053d      0x5c1 build/default/production/_ext/1865161661/plib_dmac.o
 .debug_loc     0x00000afe       0xc4 build/default/production/_ext/1865200349/plib_evic.o
 .debug_loc     0x00000bc2      0x2f6 build/default/production/_ext/1865254177/plib_gpio.o
 .debug_loc     0x00000eb8       0x13 build/default/production/_ext/60181895/plib_tmr2.o
 .debug_loc     0x00000ecb      0x4c9 build/default/production/_ext/1865657120/plib_uart1.o
 .debug_loc     0x00001394       0x21 build/default/production/_ext/1171490990/initialization.o
 .debug_loc     0x000013b5      0x294 build/default/production/_ext/1445274692/Trajectory.o
 .debug_loc     0x00001649      0x3d4 build/default/production/_ext/1445274692/Vesc_Can1.o
 .debug_loc     0x00001a1d      0xa6a c:/program files/microchip/xc32/v2.40/bin/bin/../../lib/gcc/pic32mx/4.8.3\libgcc.a(_udivdi3.o)
 .debug_loc     0x00002487       0x2c c:/program files/microchip/xc32/v2.40/bin/bin/../../lib/gcc/pic32mx/4.8.3/../../../../pic32mx/lib\libe.a(_fixunsdfdi.o)
 .debug_loc     0x000024b3       0x41 c:/program files/microchip/xc32/v2.40/bin/bin/../../lib/gcc/pic32mx/4.8.3\libgcc.a(_floatundidf.o)
 .debug_loc     0x000024f4      0xa3d c:/program files/microchip/xc32/v2.40/bin/bin/../../lib/gcc/pic32mx/4.8.3\libgcc.a(_umoddi3.o)
 .debug_loc     0x00002f31       0x80 c:/program files/microchip/xc32/v2.40/bin/bin/../../lib/gcc/pic32mx/4.8.3\libgcc.a(floatunsidf.o)
 .debug_loc     0x00002fb1       0x38 c:/program files/microchip/xc32/v2.40/bin/bin/../../lib/gcc/pic32mx/4.8.3/../../../../pic32mx/lib\libpic32.a(write.o)

.debug_macinfo
 *.elf(.debug_macinfo)
 *(.debug_macinfo)

.debug_weaknames
 *.elf(.debug_weaknames)
 *(.debug_weaknames)

.debug_funcnames
 *.elf(.debug_funcnames)
 *(.debug_funcnames)

.debug_typenames
 *.elf(.debug_typenames)
 *(.debug_typenames)

.debug_varnames
 *.elf(.debug_varnames)
 *(.debug_varnames)

.debug_pubtypes
 *.elf(.debug_pubtypes)
 *(.debug_pubtypes)

.debug_ranges   0x00000000      0x5f8
 *.elf(.debug_ranges)
 *(.debug_ranges)
 .debug_ranges  0x00000000       0x70 build/default/production/_ext/60165182/plib_can1.o
 .debug_ranges  0x00000070       0x10 build/default/production/_ext/60165520/plib_clk.o
 .debug_ranges  0x00000080       0x80 build/default/production/_ext/1865161661/plib_dmac.o
 .debug_ranges  0x00000100       0x40 build/default/production/_ext/1865200349/plib_evic.o
 .debug_ranges  0x00000140       0x70 build/default/production/_ext/1865254177/plib_gpio.o
 .debug_ranges  0x000001b0       0x60 build/default/production/_ext/60181895/plib_tmr2.o
 .debug_ranges  0x00000210       0x70 build/default/production/_ext/1865657120/plib_uart1.o
 .debug_ranges  0x00000280       0x18 build/default/production/_ext/163028504/xc32_monitor.o
 .debug_ranges  0x00000298       0x10 build/default/production/_ext/1171490990/initialization.o
 .debug_ranges  0x000002a8       0x20 build/default/production/_ext/1171490990/interrupts.o
 .debug_ranges  0x000002c8       0x18 build/default/production/_ext/1171490990/exceptions.o
 .debug_ranges  0x000002e0       0x10 build/default/production/_ext/1445274692/main1.o
 .debug_ranges  0x000002f0       0x48 build/default/production/_ext/1445274692/Trajectory.o
 .debug_ranges  0x00000338       0x98 build/default/production/_ext/1445274692/Vesc_Can1.o
 .debug_ranges  0x000003d0       0x98 c:/program files/microchip/xc32/v2.40/bin/bin/../../lib/gcc/pic32mx/4.8.3\libgcc.a(_udivdi3.o)
 .debug_ranges  0x00000468       0x10 c:/program files/microchip/xc32/v2.40/bin/bin/../../lib/gcc/pic32mx/4.8.3/../../../../pic32mx/lib\libpic32.a(default-on-reset.o)
 .debug_ranges  0x00000478       0x10 c:/program files/microchip/xc32/v2.40/bin/bin/../../lib/gcc/pic32mx/4.8.3/../../../../pic32mx/lib\libpic32.a(default-on-bootstrap.o)
 .debug_ranges  0x00000488       0x10 c:/program files/microchip/xc32/v2.40/bin/bin/../../lib/gcc/pic32mx/4.8.3/../../../../pic32mx/lib\libpic32.a(defaultinterrupt.o)
 .debug_ranges  0x00000498       0x10 c:/program files/microchip/xc32/v2.40/bin/bin/../../lib/gcc/pic32mx/4.8.3/../../../../pic32mx/lib\libc.a(sprintf_cdfFnopuxX.eo)
 .debug_ranges  0x000004a8       0x18 c:/program files/microchip/xc32/v2.40/bin/bin/../../lib/gcc/pic32mx/4.8.3/../../../../pic32mx/lib\libc.a(doprnt_cdfFnopuxX.eo)
 .debug_ranges  0x000004c0       0x10 c:/program files/microchip/xc32/v2.40/bin/bin/../../lib/gcc/pic32mx/4.8.3/../../../../pic32mx/lib\libc.a(_fputc_simple.o)
 .debug_ranges  0x000004d0       0x10 c:/program files/microchip/xc32/v2.40/bin/bin/../../lib/gcc/pic32mx/4.8.3/../../../../pic32mx/lib\libc.a(_flsbuf_simple.o)
 .debug_ranges  0x000004e0       0x10 c:/program files/microchip/xc32/v2.40/bin/bin/../../lib/gcc/pic32mx/4.8.3/../../../../pic32mx/lib\libe.a(_fixunsdfdi.o)
 .debug_ranges  0x000004f0       0x10 c:/program files/microchip/xc32/v2.40/bin/bin/../../lib/gcc/pic32mx/4.8.3/../../../../pic32mx/lib\libe.a(_orderdf2.o)
 .debug_ranges  0x00000500       0x10 c:/program files/microchip/xc32/v2.40/bin/bin/../../lib/gcc/pic32mx/4.8.3/../../../../pic32mx/lib\libe.a(_fixdfdi.o)
 .debug_ranges  0x00000510       0xd8 c:/program files/microchip/xc32/v2.40/bin/bin/../../lib/gcc/pic32mx/4.8.3\libgcc.a(_umoddi3.o)
 .debug_ranges  0x000005e8       0x10 c:/program files/microchip/xc32/v2.40/bin/bin/../../lib/gcc/pic32mx/4.8.3/../../../../pic32mx/lib\libpic32.a(write.o)

.gnu.attributes
                0x00000000       0x10
 *(.gnu.attributes)
 .gnu.attributes
                0x00000000       0x10 build/default/production/_ext/60165182/plib_can1.o
 .gnu.attributes
                0x00000010       0x10 build/default/production/_ext/60165520/plib_clk.o
 .gnu.attributes
                0x00000020       0x10 build/default/production/_ext/1865161661/plib_dmac.o
 .gnu.attributes
                0x00000030       0x10 build/default/production/_ext/1865200349/plib_evic.o
 .gnu.attributes
                0x00000040       0x10 build/default/production/_ext/1865254177/plib_gpio.o
 .gnu.attributes
                0x00000050       0x10 build/default/production/_ext/60181895/plib_tmr2.o
 .gnu.attributes
                0x00000060       0x10 build/default/production/_ext/1865657120/plib_uart1.o
 .gnu.attributes
                0x00000070       0x10 build/default/production/_ext/163028504/xc32_monitor.o
 .gnu.attributes
                0x00000080       0x10 build/default/production/_ext/1171490990/initialization.o
 .gnu.attributes
                0x00000090       0x10 build/default/production/_ext/1171490990/interrupts.o
 .gnu.attributes
                0x000000a0       0x10 build/default/production/_ext/1171490990/exceptions.o
 .gnu.attributes
                0x000000b0       0x10 build/default/production/_ext/1445274692/main1.o
 .gnu.attributes
                0x000000c0       0x10 build/default/production/_ext/1445274692/Trajectory.o
 .gnu.attributes
                0x000000d0       0x10 build/default/production/_ext/1445274692/Vesc_Can1.o
 .gnu.attributes
                0x000000e0       0x10 c:/program files/microchip/xc32/v2.40/bin/bin/../../lib/gcc/pic32mx/4.8.3\libgcc.a(_udivdi3.o)
 .gnu.attributes
                0x000000f0       0x10 c:/program files/microchip/xc32/v2.40/bin/bin/../../lib/gcc/pic32mx/4.8.3/../../../../pic32mx/lib\libpic32.a(default-on-reset.o)
 .gnu.attributes
                0x00000100       0x10 c:/program files/microchip/xc32/v2.40/bin/bin/../../lib/gcc/pic32mx/4.8.3/../../../../pic32mx/lib\libpic32.a(default-on-bootstrap.o)
 .gnu.attributes
                0x00000110       0x10 c:/program files/microchip/xc32/v2.40/bin/bin/../../lib/gcc/pic32mx/4.8.3/../../../../pic32mx/lib\libpic32.a(defaultinterrupt.o)
 .gnu.attributes
                0x00000120       0x10 c:/program files/microchip/xc32/v2.40/bin/bin/../../lib/gcc/pic32mx/4.8.3/../../../../pic32mx/lib\libc.a(sprintf_cdfFnopuxX.eo)
 .gnu.attributes
                0x00000130       0x10 c:/program files/microchip/xc32/v2.40/bin/bin/../../lib/gcc/pic32mx/4.8.3/../../../../pic32mx/lib\libc.a(doprnt_cdfFnopuxX.eo)
 .gnu.attributes
                0x00000140       0x10 c:/program files/microchip/xc32/v2.40/bin/bin/../../lib/gcc/pic32mx/4.8.3/../../../../pic32mx/lib\libc.a(_fputc_simple.o)
 .gnu.attributes
                0x00000150       0x10 c:/program files/microchip/xc32/v2.40/bin/bin/../../lib/gcc/pic32mx/4.8.3/../../../../pic32mx/lib\libc.a(ctype.o)
 .gnu.attributes
                0x00000160       0x10 c:/program files/microchip/xc32/v2.40/bin/bin/../../lib/gcc/pic32mx/4.8.3/../../../../pic32mx/lib\libc.a(ldpowers.o)
 .gnu.attributes
                0x00000170       0x10 c:/program files/microchip/xc32/v2.40/bin/bin/../../lib/gcc/pic32mx/4.8.3/../../../../pic32mx/lib\libc.a(_iob.o)
 .gnu.attributes
                0x00000180       0x10 c:/program files/microchip/xc32/v2.40/bin/bin/../../lib/gcc/pic32mx/4.8.3/../../../../pic32mx/lib\libc.a(_flsbuf_simple.o)
 .gnu.attributes
                0x00000190       0x10 c:/program files/microchip/xc32/v2.40/bin/bin/../../lib/gcc/pic32mx/4.8.3/../../../../pic32mx/lib\libe.a(_fixunsdfdi.o)
 .gnu.attributes
                0x000001a0       0x10 c:/program files/microchip/xc32/v2.40/bin/bin/../../lib/gcc/pic32mx/4.8.3/../../../../pic32mx/lib\libe.a(_orderdf2.o)
 .gnu.attributes
                0x000001b0       0x10 c:/program files/microchip/xc32/v2.40/bin/bin/../../lib/gcc/pic32mx/4.8.3/../../../../pic32mx/lib\libe.a(_fixdfdi.o)
 .gnu.attributes
                0x000001c0       0x10 c:/program files/microchip/xc32/v2.40/bin/bin/../../lib/gcc/pic32mx/4.8.3\libgcc.a(_floatundidf.o)
 .gnu.attributes
                0x000001d0       0x10 c:/program files/microchip/xc32/v2.40/bin/bin/../../lib/gcc/pic32mx/4.8.3\libgcc.a(_umoddi3.o)
 .gnu.attributes
                0x000001e0       0x10 c:/program files/microchip/xc32/v2.40/bin/bin/../../lib/gcc/pic32mx/4.8.3\libgcc.a(floatunsidf.o)
 .gnu.attributes
                0x000001f0       0x10 c:/program files/microchip/xc32/v2.40/bin/bin/../../lib/gcc/pic32mx/4.8.3/../../../../pic32mx/lib\libpic32.a(write.o)
                0x00000200                _min_heap_size = 0x200
LOAD C:\Users\zig\AppData\Local\Temp\ccbStO26.o
LOAD C:\Users\zig\AppData\Local\Temp\ccewcsHx.o
LOAD C:\Users\zig\AppData\Local\Temp\ccHhmTXm.o
LOAD c:/program files/microchip/xc32/v2.40/bin/bin/../../lib/gcc/pic32mx/4.8.3/../../../../pic32mx/lib/./proc/32MX795F512L\default_isr_vectors.o
LOAD c:/program files/microchip/xc32/v2.40/bin/bin/../../lib/gcc/pic32mx/4.8.3/../../../../pic32mx/lib\pic32_software_reset.o
LOAD c:/program files/microchip/xc32/v2.40/bin/bin/../../lib/gcc/pic32mx/4.8.3\libgcc.a
START GROUP
LOAD c:/program files/microchip/xc32/v2.40/bin/bin/../../lib/gcc/pic32mx/4.8.3/../../../../pic32mx/lib\libpic32.a
LOAD c:/program files/microchip/xc32/v2.40/bin/bin/../../lib/gcc/pic32mx/4.8.3/../../../../pic32mx/lib\libdebug.a
LOAD c:/program files/microchip/xc32/v2.40/bin/bin/../../lib/gcc/pic32mx/4.8.3/../../../../pic32mx/lib\libpic32.a
LOAD c:/program files/microchip/xc32/v2.40/bin/bin/../../lib/gcc/pic32mx/4.8.3/../../../../pic32mx/lib\libc.a
LOAD c:/program files/microchip/xc32/v2.40/bin/bin/../../lib/gcc/pic32mx/4.8.3/../../../../pic32mx/lib\libc.a
LOAD c:/program files/microchip/xc32/v2.40/bin/bin/../../lib/gcc/pic32mx/4.8.3/../../../../pic32mx/lib\libm.a
LOAD c:/program files/microchip/xc32/v2.40/bin/bin/../../lib/gcc/pic32mx/4.8.3/../../../../pic32mx/lib\libe.a
LOAD c:/program files/microchip/xc32/v2.40/bin/bin/../../lib/gcc/pic32mx/4.8.3/../../../../pic32mx/lib\libdsp.a
LOAD c:/program files/microchip/xc32/v2.40/bin/bin/../../lib/gcc/pic32mx/4.8.3\libgcc.a
LOAD c:/program files/microchip/xc32/v2.40/bin/bin/../../lib/gcc/pic32mx/4.8.3/../../../../pic32mx/lib\libpic32.a
END GROUP
LOAD c:/program files/microchip/xc32/v2.40/bin/bin/../../lib/gcc/pic32mx/4.8.3\libgcc.a
OUTPUT(dist/default/production/230214_CTL_SAW.X.production.elf elf32-tradlittlemips)
LOAD stack
LOAD data_init

.reginfo        0x00000000       0x18
 .reginfo       0x00000000       0x18 c:/program files/microchip/xc32/v2.40/bin/bin/../../lib/gcc/pic32mx/4.8.3/../../../../pic32mx/lib\debug-exception-return.o

.stack          0xa0000820      0x400
 .stack         0xa0000820      0x400 stack

.COHERENTBSS$   0xa00002c0      0x140
 .COHERENTBSS$  0xa00002c0      0x140 build/default/production/_ext/60165182/plib_can1.o

.bss            0xa0000400      0x180
 .bss           0xa0000400      0x100 build/default/production/_ext/1445274692/Vesc_Can1.o
                0xa0000400                Buf
                0xa0000484                VescRx_msg
 .bss           0xa0000500       0x80 build/default/production/_ext/1865161661/plib_dmac.o

.bss            0xa0000580       0x44
 .bss           0xa0000580       0x44 c:/program files/microchip/xc32/v2.40/bin/bin/../../lib/gcc/pic32mx/4.8.3/../../../../pic32mx/lib\libc.a(_iob.o)
                0xa0000580                _sobuf
                0xa00005a0                _sibuf
                0xa00005c0                _outdone

.data           0xa00005c4       0x3c
 .data          0xa00005c4       0x3c build/default/production/_ext/1865254177/plib_gpio.o
                0xa00005c4                cnPinObj

._debug_exception
                0xbfc00480       0x2c
 ._debug_exception
                0xbfc00480       0x2c c:/program files/microchip/xc32/v2.40/bin/bin/../../lib/gcc/pic32mx/4.8.3/../../../../pic32mx/lib\debug-exception-return.o
                0xbfc00480                __DbgExecReturn

.text.VescCan   0x9d000000     0x17e8
 .text.VescCan  0x9d000000     0x17e8 build/default/production/_ext/1445274692/Vesc_Can1.o
                0x9d000000                VescCan

.text._vfprintf_cdfFnopuxX
                0x9d0017e8     0x1550
 .text._vfprintf_cdfFnopuxX
                0x9d0017e8     0x1550 c:/program files/microchip/xc32/v2.40/bin/bin/../../lib/gcc/pic32mx/4.8.3/../../../../pic32mx/lib\libc.a(doprnt_cdfFnopuxX.eo)
                0x9d0017e8                _vfprintf_cdfFnopuxX

.text.TrajectoryUpdate
                0x9d002d38      0x568
 .text.TrajectoryUpdate
                0x9d002d38      0x568 build/default/production/_ext/1445274692/Trajectory.o
                0x9d002d38                TrajectoryUpdate

.text.receiveVescMessage
                0x9d0032a0      0x510
 .text.receiveVescMessage
                0x9d0032a0      0x510 build/default/production/_ext/1445274692/Vesc_Can1.o
                0x9d0032a0                receiveVescMessage

.text.dp32mul   0x9d0037b0      0x4b8
 .text.dp32mul  0x9d0037b0      0x4b8 c:/program files/microchip/xc32/v2.40/bin/bin/../../lib/gcc/pic32mx/4.8.3/../../../../pic32mx/lib\libm.a(dp32div.o)
                0x9d0037b0                dpdiv
                0x9d0037b0                __divdf3

.text           0x9d003c68      0x8bc
 .text          0x9d003c68      0x464 c:/program files/microchip/xc32/v2.40/bin/bin/../../lib/gcc/pic32mx/4.8.3\libgcc.a(_umoddi3.o)
                0x9d003c68                __umoddi3
 .text          0x9d0040cc      0x458 c:/program files/microchip/xc32/v2.40/bin/bin/../../lib/gcc/pic32mx/4.8.3\libgcc.a(_udivdi3.o)
                0x9d0040cc                __udivdi3

.text.dp32subadd
                0x9d004524      0x430
 .text.dp32subadd
                0x9d004524      0x430 c:/program files/microchip/xc32/v2.40/bin/bin/../../lib/gcc/pic32mx/4.8.3/../../../../pic32mx/lib\libm.a(dp32subadd.o)
                0x9d004524                dpsub
                0x9d004524                __subdf3
                0x9d00452c                __adddf3
                0x9d00452c                dpadd

.text.dp32mul   0x9d004954      0x32c
 .text.dp32mul  0x9d004954      0x32c c:/program files/microchip/xc32/v2.40/bin/bin/../../lib/gcc/pic32mx/4.8.3/../../../../pic32mx/lib\libm.a(dp32mul.o)
                0x9d004954                __muldf3
                0x9d004954                dpmul

.text.scale     0x9d004c80      0x230
 .text.scale    0x9d004c80      0x230 c:/program files/microchip/xc32/v2.40/bin/bin/../../lib/gcc/pic32mx/4.8.3/../../../../pic32mx/lib\libc.a(doprnt_cdfFnopuxX.eo)

.text.fp32div   0x9d004eb0      0x230
 .text.fp32div  0x9d004eb0      0x230 c:/program files/microchip/xc32/v2.40/bin/bin/../../lib/gcc/pic32mx/4.8.3/../../../../pic32mx/lib\libm.a(fp32div.o)
                0x9d004eb0                fpdiv
                0x9d004eb0                __divsf3

.rodata         0x9d0050e0      0x208
 .rodata        0x9d0050e0      0x208 build/default/production/_ext/1445274692/Vesc_Can1.o

.text.DMAC_ChannelTransfer
                0x9d0052e8      0x1e8
 .text.DMAC_ChannelTransfer
                0x9d0052e8      0x1e8 build/default/production/_ext/1865161661/plib_dmac.o
                0x9d0052e8                DMAC_ChannelTransfer

.text.CAN1_Initialize
                0x9d0054d0      0x1d0
 .text.CAN1_Initialize
                0x9d0054d0      0x1d0 build/default/production/_ext/60165182/plib_can1.o
                0x9d0054d0                CAN1_Initialize

.text.fp32mul   0x9d0056a0      0x1bc
 .text.fp32mul  0x9d0056a0      0x1bc c:/program files/microchip/xc32/v2.40/bin/bin/../../lib/gcc/pic32mx/4.8.3/../../../../pic32mx/lib\libm.a(fp32mul.o)
                0x9d0056a0                __mulsf3
                0x9d0056a0                fpmul

.text           0x9d00585c      0x168
 .text          0x9d00585c      0x168 c:/program files/microchip/xc32/v2.40/bin/bin/../../lib/gcc/pic32mx/4.8.3/../../../../pic32mx/lib\libpic32.a(strlen.o)
                0x9d00585c                strlen

.rodata         0x9d0059c8      0x160
 .rodata        0x9d0059c8      0x160 c:/program files/microchip/xc32/v2.40/bin/bin/../../lib/gcc/pic32mx/4.8.3/../../../../pic32mx/lib\libc.a(ldpowers.o)
                0x9d0059c8                _npowers_
                0x9d005a78                _powers_

.text.fputc     0x9d005b28      0x144
 .text.fputc    0x9d005b28      0x144 c:/program files/microchip/xc32/v2.40/bin/bin/../../lib/gcc/pic32mx/4.8.3/../../../../pic32mx/lib\libc.a(_fputc_simple.o)
                0x9d005b28                fputc

.text.CAN1_MessageReceive
                0x9d005c6c      0x13c
 .text.CAN1_MessageReceive
                0x9d005c6c      0x13c build/default/production/_ext/60165182/plib_can1.o
                0x9d005c6c                CAN1_MessageReceive

.text._flsbuf   0x9d005da8      0x12c
 .text._flsbuf  0x9d005da8      0x12c c:/program files/microchip/xc32/v2.40/bin/bin/../../lib/gcc/pic32mx/4.8.3/../../../../pic32mx/lib\libc.a(_flsbuf_simple.o)
                0x9d005da8                _flsbuf

.text.dpcmp     0x9d005ed4      0x12c
 .text.dpcmp    0x9d005ed4      0x12c c:/program files/microchip/xc32/v2.40/bin/bin/../../lib/gcc/pic32mx/4.8.3/../../../../pic32mx/lib\libm.a(dpcmp.o)
                0x9d005ed4                __ltdf2
                0x9d005ed4                __gedf2
                0x9d005ed4                dpcmp
                0x9d005ed4                __ledf2
                0x9d005ed4                __nedf2
                0x9d005ed4                __eqdf2
                0x9d005ed4                __gtdf2

.text.TIMER_2_Handler
                0x9d006000      0x110
 .text.TIMER_2_Handler
                0x9d006000      0x110 build/default/production/_ext/1171490990/interrupts.o
                0x9d006000                TIMER_2_Handler

.text.CHANGE_NOTICE_Handler
                0x9d006110      0x110
 .text.CHANGE_NOTICE_Handler
                0x9d006110      0x110 build/default/production/_ext/1171490990/interrupts.o
                0x9d006110                CHANGE_NOTICE_Handler

.text.DMA_0_Handler
                0x9d006220      0x110
 .text.DMA_0_Handler
                0x9d006220      0x110 build/default/production/_ext/1171490990/interrupts.o
                0x9d006220                DMA_0_Handler

.text.CAN1_MessageTransmit
                0x9d006330      0x104
 .text.CAN1_MessageTransmit
                0x9d006330      0x104 build/default/production/_ext/60165182/plib_can1.o
                0x9d006330                CAN1_MessageTransmit

.rodata         0x9d006434      0x104
 .rodata        0x9d006434      0x104 c:/program files/microchip/xc32/v2.40/bin/bin/../../lib/gcc/pic32mx/4.8.3/../../../../pic32mx/lib\libc.a(ctype.o)
                0x9d006434                _ctype

.dinit          0x9d006538      0x100
 .dinit         0x9d006538      0x100 data_init

.text.DMA_0_InterruptHandler
                0x9d006638       0xf8
 .text.DMA_0_InterruptHandler
                0x9d006638       0xf8 build/default/production/_ext/1865161661/plib_dmac.o
                0x9d006638                DMA_0_InterruptHandler

.rodata         0x9d006730       0xf0
 .rodata        0x9d006730       0xf0 c:/program files/microchip/xc32/v2.40/bin/bin/../../lib/gcc/pic32mx/4.8.3/../../../../pic32mx/lib\libc.a(doprnt_cdfFnopuxX.eo)

.text.DecelRamp
                0x9d006820       0xe8
 .text.DecelRamp
                0x9d006820       0xe8 build/default/production/_ext/1445274692/Trajectory.o

.text.StopBtnTrigger
                0x9d006908       0xe8
 .text.StopBtnTrigger
                0x9d006908       0xe8 build/default/production/_ext/1445274692/Vesc_Can1.o
                0x9d006908                StopBtnTrigger

.text.__fixdfdi
                0x9d0069f0       0xe8
 .text.__fixdfdi
                0x9d0069f0       0xe8 c:/program files/microchip/xc32/v2.40/bin/bin/../../lib/gcc/pic32mx/4.8.3/../../../../pic32mx/lib\libe.a(_fixdfdi.o)
                0x9d0069f0                __fixdfdi

.text.Button1Trigger
                0x9d006ad8       0xe4
 .text.Button1Trigger
                0x9d006ad8       0xe4 build/default/production/_ext/1445274692/Vesc_Can1.o
                0x9d006ad8                Button1Trigger

.text.StartBtnTrigger
                0x9d006bbc       0xe4
 .text.StartBtnTrigger
                0x9d006bbc       0xe4 build/default/production/_ext/1445274692/Vesc_Can1.o
                0x9d006bbc                StartBtnTrigger

.text.SetCurrentLimits
                0x9d006ca0       0xe0
 .text.SetCurrentLimits
                0x9d006ca0       0xe0 build/default/production/_ext/1445274692/Vesc_Can1.o
                0x9d006ca0                SetCurrentLimits

.text.general_exception
                0x9d006d80       0xdc
 .text.general_exception