
Optional file libmchp_peripheral.a not found

Optional file libmchp_peripheral_32MX795F512L.a not found
Archive member included to satisfy reference by file (symbol)

c:/program files/microchip/xc32/v4.21/bin/bin/../../lib/gcc/pic32mx/8.3.1\libgcc.a(_udivdi3.o)
                              build/default/debug/_ext/1360937237/Trajectory.o (__udivdi3)
c:/program files/microchip/xc32/v4.21/bin/bin/../../lib/gcc/pic32mx/8.3.1/../../../../pic32mx/lib\libpic32.a(memset.o)
                              build/default/debug/_ext/1360937237/Vesc_Can1.o (memset)
c:/program files/microchip/xc32/v4.21/bin/bin/../../lib/gcc/pic32mx/8.3.1/../../../../pic32mx/lib\libpic32.a(strlen.o)
                              build/default/debug/_ext/1360937237/Vesc_Can1.o (strlen)
c:/program files/microchip/xc32/v4.21/bin/bin/../../lib/gcc/pic32mx/8.3.1/../../../../pic32mx/lib\libpic32.a(default-on-reset.o)
                              C:\Users\zig\AppData\Local\Temp\ccWQprwX.o (_on_reset)
c:/program files/microchip/xc32/v4.21/bin/bin/../../lib/gcc/pic32mx/8.3.1/../../../../pic32mx/lib\libpic32.a(default-on-bootstrap.o)
                              C:\Users\zig\AppData\Local\Temp\ccWQprwX.o (_on_bootstrap)
c:/program files/microchip/xc32/v4.21/bin/bin/../../lib/gcc/pic32mx/8.3.1/../../../../pic32mx/lib\libpic32.a(default-nmi-handler.o)
                              C:\Users\zig\AppData\Local\Temp\ccWQprwX.o (_nmi_handler)
c:/program files/microchip/xc32/v4.21/bin/bin/../../lib/gcc/pic32mx/8.3.1/../../../../pic32mx/lib\libpic32.a(pic32_data_init_wrapper.o)
                              C:\Users\zig\AppData\Local\Temp\ccWQprwX.o (__pic32_data_init)
c:/program files/microchip/xc32/v4.21/bin/bin/../../lib/gcc/pic32mx/8.3.1/../../../../pic32mx/lib\libpic32.a(pic32_data_init_0_1.o)
                              (__copy_needed)
c:/program files/microchip/xc32/v4.21/bin/bin/../../lib/gcc/pic32mx/8.3.1/../../../../pic32mx/lib\libpic32.a(general-exception.o)
                              C:\Users\zig\AppData\Local\Temp\ccWQprwX.o (_general_exception_context)
c:/program files/microchip/xc32/v4.21/bin/bin/../../lib/gcc/pic32mx/8.3.1/../../../../pic32mx/lib\libpic32.a(vector0.o)
                              C:\Users\zig\AppData\Local\Temp\ccsZlJeD.o (__vector_dispatch_0)
c:/program files/microchip/xc32/v4.21/bin/bin/../../lib/gcc/pic32mx/8.3.1/../../../../pic32mx/lib\libpic32.a(vector1.o)
                              C:\Users\zig\AppData\Local\Temp\ccsZlJeD.o (__vector_dispatch_1)
c:/program files/microchip/xc32/v4.21/bin/bin/../../lib/gcc/pic32mx/8.3.1/../../../../pic32mx/lib\libpic32.a(vector2.o)
                              C:\Users\zig\AppData\Local\Temp\ccsZlJeD.o (__vector_dispatch_2)
c:/program files/microchip/xc32/v4.21/bin/bin/../../lib/gcc/pic32mx/8.3.1/../../../../pic32mx/lib\libpic32.a(vector3.o)
                              C:\Users\zig\AppData\Local\Temp\ccsZlJeD.o (__vector_dispatch_3)
c:/program files/microchip/xc32/v4.21/bin/bin/../../lib/gcc/pic32mx/8.3.1/../../../../pic32mx/lib\libpic32.a(vector4.o)
                              C:\Users\zig\AppData\Local\Temp\ccsZlJeD.o (__vector_dispatch_4)
c:/program files/microchip/xc32/v4.21/bin/bin/../../lib/gcc/pic32mx/8.3.1/../../../../pic32mx/lib\libpic32.a(vector5.o)
                              C:\Users\zig\AppData\Local\Temp\ccsZlJeD.o (__vector_dispatch_5)
c:/program files/microchip/xc32/v4.21/bin/bin/../../lib/gcc/pic32mx/8.3.1/../../../../pic32mx/lib\libpic32.a(vector6.o)
                              C:\Users\zig\AppData\Local\Temp\ccsZlJeD.o (__vector_dispatch_6)
c:/program files/microchip/xc32/v4.21/bin/bin/../../lib/gcc/pic32mx/8.3.1/../../../../pic32mx/lib\libpic32.a(vector7.o)
                              C:\Users\zig\AppData\Local\Temp\ccsZlJeD.o (__vector_dispatch_7)
c:/program files/microchip/xc32/v4.21/bin/bin/../../lib/gcc/pic32mx/8.3.1/../../../../pic32mx/lib\libpic32.a(vector9.o)
                              C:\Users\zig\AppData\Local\Temp\ccsZlJeD.o (__vector_dispatch_9)
c:/program files/microchip/xc32/v4.21/bin/bin/../../lib/gcc/pic32mx/8.3.1/../../../../pic32mx/lib\libpic32.a(vector10.o)
                              C:\Users\zig\AppData\Local\Temp\ccsZlJeD.o (__vector_dispatch_10)
c:/program files/microchip/xc32/v4.21/bin/bin/../../lib/gcc/pic32mx/8.3.1/../../../../pic32mx/lib\libpic32.a(vector11.o)
                              C:\Users\zig\AppData\Local\Temp\ccsZlJeD.o (__vector_dispatch_11)
c:/program files/microchip/xc32/v4.21/bin/bin/../../lib/gcc/pic32mx/8.3.1/../../../../pic32mx/lib\libpic32.a(vector12.o)
                              C:\Users\zig\AppData\Local\Temp\ccsZlJeD.o (__vector_dispatch_12)
c:/program files/microchip/xc32/v4.21/bin/bin/../../lib/gcc/pic32mx/8.3.1/../../../../pic32mx/lib\libpic32.a(vector13.o)
                              C:\Users\zig\AppData\Local\Temp\ccsZlJeD.o (__vector_dispatch_13)
c:/program files/microchip/xc32/v4.21/bin/bin/../../lib/gcc/pic32mx/8.3.1/../../../../pic32mx/lib\libpic32.a(vector14.o)
[...]
Memory Configuration

Name             Origin             Length             Attributes
kseg0_data_mem   0x0000000080000000 0x0000000000000200
kseg1_data_mem   0x00000000a0000000 0x0000000000020000 w !x
kseg0_boot_mem   0x000000009fc00490 0x0000000000000970
kseg1_boot_mem   0x00000000bfc00000 0x0000000000000490
kseg0_program_mem 0x000000009d000000 0x0000000000080000 xr
exception_mem    0x000000009fc01000 0x0000000000001000
debug_exec_mem   0x00000000bfc02000 0x0000000000000ff0
config3          0x00000000bfc02ff0 0x0000000000000004
config2          0x00000000bfc02ff4 0x0000000000000004
config1          0x00000000bfc02ff8 0x0000000000000004
config0          0x00000000bfc02ffc 0x0000000000000004
sfrs             0x00000000bf800000 0x0000000000100000
configsfrs       0x00000000bfc02ff0 0x0000000000000010
*default*        0x0000000000000000 0xffffffffffffffff

Linker script and memory map


reserve_data_0_kseg0
                0x0000000080000000      0x200
                0x0000000080000000        0x2 SHORT 0x0
                0x00000000000001fd                . = 0x1fd
 *fill*         0x0000000080000002      0x1fb 
                0x0000000080000200                . = ALIGN (0x4)
 *fill*         0x00000000800001fd        0x3 

reserve_data_0_kseg1
                0x00000000a0000000      0x200
                0x00000000a0000000        0x2 SHORT 0x0
                0x00000000000001fd                . = 0x1fd
 *fill*         0x00000000a0000002      0x1fb 
                0x00000000a0000200                . = ALIGN (0x4)
 *fill*         0x00000000a00001fd        0x3 

reserve_boot_0x1fc02000_kseg0
                0x000000009fc02000      0xff0
                0x000000009fc02000        0x2 SHORT 0x0
                0x0000000000000500                . = 0x500
 *fill*         0x000000009fc02002      0x4fe 
                0x000000009fc02500                . = ALIGN (0x4)
                0x000000009fc02500        0x2 SHORT 0x0
                0x0000000000000ff0                . = 0xff0
 *fill*         0x000000009fc02502      0xaee 
                0x000000009fc02ff0                . = ALIGN (0x4)

reserve_boot_0x1fc02000_kseg1
                0x00000000bfc02000      0xff0
                0x00000000bfc02000        0x2 SHORT 0x0
                0x0000000000000500                . = 0x500
 *fill*         0x00000000bfc02002      0x4fe 
                0x00000000bfc02500                . = ALIGN (0x4)
                0x00000000bfc02500        0x2 SHORT 0x0
                0x0000000000000ff0                . = 0xff0
 *fill*         0x00000000bfc02502      0xaee 
                0x00000000bfc02ff0                . = ALIGN (0x4)
LOAD c:/program files/microchip/xc32/v4.21/bin/bin/../../lib/gcc/pic32mx/8.3.1/../../../../pic32mx/lib\software-debug-break.o
LOAD build/default/debug/_ext/60165182/plib_can1.o
LOAD build/default/debug/_ext/60165520/plib_clk.o
LOAD build/default/debug/_ext/1865161661/plib_dmac.o
LOAD build/default/debug/_ext/1865200349/plib_evic.o
LOAD build/default/debug/_ext/1865254177/plib_gpio.o
LOAD build/default/debug/_ext/60181895/plib_tmr2.o
LOAD build/default/debug/_ext/1865657120/plib_uart1.o
LOAD build/default/debug/_ext/163028504/xc32_monitor.o
LOAD build/default/debug/_ext/1171490990/initialization.o
LOAD build/default/debug/_ext/1171490990/interrupts.o
LOAD build/default/debug/_ext/1171490990/exceptions.o
LOAD build/default/debug/_ext/1360937237/Trajectory.o
LOAD build/default/debug/_ext/1360937237/Vesc_Can1.o
LOAD build/default/debug/_ext/1360937237/main2.o
LOAD build/default/debug/_ext/1360937237/HMIComms.o
LOAD build/default/debug/_ext/60181895/plib_tmr4.o
LOAD build/default/debug/_ext/1865657120/plib_uart2.o
                0x0000000000000001                __MPLAB_BUILD = 0x1
                0x0000000000000400                PROVIDE (_min_stack_size = 0x400)
START GROUP
LOAD libmchp_peripheral.a
END GROUP
START GROUP
LOAD libmchp_peripheral_32MX795F512L.a
END GROUP
                0x0000000000000001                PROVIDE (_vector_spacing = 0x1)
                0x000000009fc01000                PROVIDE (_ebase_address = 0x9fc01000)
                0x00000000bfc00000                _RESET_ADDR = 0xbfc00000
                0x00000000bfc00380                _BEV_EXCPT_ADDR = 0xbfc00380
                0x00000000bfc00480                _DBG_EXCPT_ADDR = 0xbfc00480
                0x00000000bfc02000                _DBG_CODE_ADDR = 0xbfc02000
                0x0000000000000ff0                _DBG_CODE_SIZE = 0xff0
                0x000000009fc01180                _GEN_EXCPT_ADDR = (_ebase_address + 0x180)

.config_BFC02FF0
                0x00000000bfc02ff0        0x4
 *(.config_BFC02FF0)
 .config_BFC02FF0
                0x00000000bfc02ff0        0x4 build/default/debug/_ext/1171490990/initialization.o
                0x00000000bfc02ff0                __config_BFC02FF0

.config_BFC02FF4
                0x00000000bfc02ff4        0x4
 *(.config_BFC02FF4)
 .config_BFC02FF4
                0x00000000bfc02ff4        0x4 build/default/debug/_ext/1171490990/initialization.o
                0x00000000bfc02ff4                __config_BFC02FF4

.config_BFC02FF8
                0x00000000bfc02ff8        0x4
 *(.config_BFC02FF8)
 .config_BFC02FF8
                0x00000000bfc02ff8        0x4 build/default/debug/_ext/1171490990/initialization.o
                0x00000000bfc02ff8                __config_BFC02FF8

.config_BFC02FFC
                0x00000000bfc02ffc        0x4
 *(.config_BFC02FFC)
 .config_BFC02FFC
                0x00000000bfc02ffc        0x4 build/default/debug/_ext/1171490990/initialization.o
                0x00000000bfc02ffc                __config_BFC02FFC

.reset          0x00000000bfc00000      0x19c
 *(.reset)
 .reset         0x00000000bfc00000        0x8 C:\Users\zig\AppData\Local\Temp\ccWQprwX.o
                0x00000000bfc00000                _reset
 *(.reset.startup)
 .reset.startup
                0x00000000bfc00008      0x194 C:\Users\zig\AppData\Local\Temp\ccWQprwX.o
                0x00000000bfc00008                _startup

.bev_excpt      0x00000000bfc00380       0x10
 *(.bev_handler)
 .bev_handler   0x00000000bfc00380       0x10 C:\Users\zig\AppData\Local\Temp\ccWQprwX.o

.dbg_excpt      0x00000000bfc00480        0x0
                0x00000000bfc00480                . = (. + DEFINED (_DEBUGGER)?0x8:0x0)

.dbg_code       0x00000000bfc02000        0x0
                0x00000000bfc02000                . = (. + DEFINED (_DEBUGGER)?_DBG_CODE_SIZE:0x0)

.app_excpt      0x000000009fc01180       0x10
 *(.gen_handler)
 .gen_handler   0x000000009fc01180       0x10 C:\Users\zig\AppData\Local\Temp\ccWQprwX.o

.vector_0       0x000000009fc01200        0x8
 *(.vector_0)
 .vector_0      0x000000009fc01200        0x8 c:/program files/microchip/xc32/v4.21/bin/bin/../../lib/gcc/pic32mx/8.3.1/../../../../pic32mx/lib\libpic32.a(vector0.o)
                0x000000009fc01200                __vector_dispatch_0
                0x0000000000000001                ASSERT (((_vector_spacing == 0x0) || (SIZEOF (.vector_0) <= (_vector_spacing << 0x5))), function at exception vector 0 too large)

.vector_1       0x000000009fc01220        0x8
 *(.vector_1)
 .vector_1      0x000000009fc01220        0x8 c:/program files/microchip/xc32/v4.21/bin/bin/../../lib/gcc/pic32mx/8.3.1/../../../../pic32mx/lib\libpic32.a(vector1.o)
                0x000000009fc01220                __vector_dispatch_1
                0x0000000000000001                ASSERT (((_vector_spacing == 0x0) || (SIZEOF (.vector_1) <= (_vector_spacing << 0x5))), function at exception vector 1 too large)

.vector_2       0x000000009fc01240        0x8
 *(.vector_2)
 .vector_2      0x000000009fc01240        0x8 c:/program files/microchip/xc32/v4.21/bin/bin/../../lib/gcc/pic32mx/8.3.1/../../../../pic32mx/lib\libpic32.a(vector2.o)
                0x000000009fc01240                __vector_dispatch_2
                0x0000000000000001                ASSERT (((_vector_spacing == 0x0) || (SIZEOF (.vector_2) <= (_vector_spacing << 0x5))), function at exception vector 2 too large)

.vector_3       0x000000009fc01260        0x8
 *(.vector_3)
 .vector_3      0x000000009fc01260        0x8 c:/program files/microchip/xc32/v4.21/bin/bin/../../lib/gcc/pic32mx/8.3.1/../../../../pic32mx/lib\libpic32.a(vector3.o)
                0x000000009fc01260                __vector_dispatch_3
                0x0000000000000001                ASSERT (((_vector_spacing == 0x0) || (SIZEOF (.vector_3) <= (_vector_spacing << 0x5))), function at exception vector 3 too large)

.vector_4       0x000000009fc01280        0x8
 *(.vector_4)
 .vector_4      0x000000009fc01280        0x8 c:/program files/microchip/xc32/v4.21/bin/bin/../../lib/gcc/pic32mx/8.3.1/../../../../pic32mx/lib\libpic32.a(vector4.o)
                0x000000009fc01280                __vector_dispatch_4
                0x0000000000000001                ASSERT (((_vector_spacing == 0x0) || (SIZEOF (.vector_4) <= (_vector_spacing << 0x5))), function at exception vector 4 too large)

.vector_5       0x000000009fc012a0        0x8
 *(.vector_5)
 .vector_5      0x000000009fc012a0        0x8 c:/program files/microchip/xc32/v4.21/bin/bin/../../lib/gcc/pic32mx/8.3.1/../../../../pic32mx/lib\libpic32.a(vector5.o)
                0x000000009fc012a0                __vector_dispatch_5
                0x0000000000000001                ASSERT (((_vector_spacing == 0x0) || (SIZEOF (.vector_5) <= (_vector_spacing << 0x5))), function at exception vector 5 too large)

.vector_6       0x000000009fc012c0        0x8
 *(.vector_6)
 .vector_6      0x000000009fc012c0        0x8 c:/program files/microchip/xc32/v4.21/bin/bin/../../lib/gcc/pic32mx/8.3.1/../../../../pic32mx/lib\libpic32.a(vector6.o)
                0x000000009fc012c0                __vector_dispatch_6
                0x0000000000000001                ASSERT (((_vector_spacing == 0x0) || (SIZEOF (.vector_6) <= (_vector_spacing << 0x5))), function at exception vector 6 too large)

.vector_7       0x000000009fc012e0        0x8
 *(.vector_7)
 .vector_7      0x000000009fc012e0        0x8 c:/program files/microchip/xc32/v4.21/bin/bin/../../lib/gcc/pic32mx/8.3.1/../../../../pic32mx/lib\libpic32.a(vector7.o)
                0x000000009fc012e0                __vector_dispatch_7
                0x0000000000000001                ASSERT (((_vector_spacing == 0x0) || (SIZEOF (.vector_7) <= (_vector_spacing << 0x5))), function at exception vector 7 too large)

.vector_8       0x000000009fc01300        0x8
 *(.vector_8)
 .vector_8      0x000000009fc01300        0x8 build/default/debug/_ext/1171490990/interrupts.o
                0x000000009fc01300                __vector_dispatch_8
                0x0000000000000001                ASSERT (((_vector_spacing == 0x0) || (SIZEOF (.vector_8) <= (_vector_spacing << 0x5))), function at exception vector 8 too large)

.vector_9       0x000000009fc01320        0x8
 *(.vector_9)
 .vector_9      0x000000009fc01320        0x8 c:/program files/microchip/xc32/v4.21/bin/bin/../../lib/gcc/pic32mx/8.3.1/../../../../pic32mx/lib\libpic32.a(vector9.o)
                0x000000009fc01320                __vector_dispatch_9
                0x0000000000000001                ASSERT (((_vector_spacing == 0x0) || (SIZEOF (.vector_9) <= (_vector_spacing << 0x5))), function at exception vector 9 too large)

.vector_10      0x000000009fc01340        0x8
 *(.vector_10)
 .vector_10     0x000000009fc01340        0x8 c:/program files/microchip/xc32/v4.21/bin/bin/../../lib/gcc/pic32mx/8.3.1/../../../../pic32mx/lib\libpic32.a(vector10.o)
                0x000000009fc01340                __vector_dispatch_10
                0x0000000000000001                ASSERT (((_vector_spacing == 0x0) || (SIZEOF (.vector_10) <= (_vector_spacing << 0x5))), function at exception vector 10 too large)

.vector_11      0x000000009fc01360        0x8
 *(.vector_11)
 .vector_11     0x000000009fc01360        0x8 c:/program files/microchip/xc32/v4.21/bin/bin/../../lib/gcc/pic32mx/8.3.1/../../../../pic32mx/lib\libpic32.a(vector11.o)
                0x000000009fc01360                __vector_dispatch_11
                0x0000000000000001                ASSERT (((_vector_spacing == 0x0) || (SIZEOF (.vector_11) <= (_vector_spacing << 0x5))), function at exception vector 11 too large)

.vector_12      0x000000009fc01380        0x8
 *(.vector_12)
 .vector_12     0x000000009fc01380        0x8 c:/program files/microchip/xc32/v4.21/bin/bin/../../lib/gcc/pic32mx/8.3.1/../../../../pic32mx/lib\libpic32.a(vector12.o)
                0x000000009fc01380                __vector_dispatch_12
                0x0000000000000001                ASSERT (((_vector_spacing == 0x0) || (SIZEOF (.vector_12) <= (_vector_spacing << 0x5))), function at exception vector 12 too large)

.vector_13      0x000000009fc013a0        0x8
 *(.vector_13)
 .vector_13     0x000000009fc013a0        0x8 c:/program files/microchip/xc32/v4.21/bin/bin/../../lib/gcc/pic32mx/8.3.1/../../../../pic32mx/lib\libpic32.a(vector13.o)
                0x000000009fc013a0                __vector_dispatch_13
                0x0000000000000001                ASSERT (((_vector_spacing == 0x0) || (SIZEOF (.vector_13) <= (_vector_spacing << 0x5))), function at exception vector 13 too large)

.vector_14      0x000000009fc013c0        0x8
 *(.vector_14)
 .vector_14     0x000000009fc013c0        0x8 c:/program files/microchip/xc32/v4.21/bin/bin/../../lib/gcc/pic32mx/8.3.1/../../../../pic32mx/lib\libpic32.a(vector14.o)
                0x000000009fc013c0                __vector_dispatch_14
                0x0000000000000001                ASSERT (((_vector_spacing == 0x0) || (SIZEOF (.vector_14) <= (_vector_spacing << 0x5))), function at exception vector 14 too large)

.vector_15      0x000000009fc013e0        0x8
 *(.vector_15)
 .vector_15     0x000000009fc013e0        0x8 c:/program files/microchip/xc32/v4.21/bin/bin/../../lib/gcc/pic32mx/8.3.1/../../../../pic32mx/lib\libpic32.a(vector15.o)
                0x000000009fc013e0                __vector_dispatch_15
                0x0000000000000001                ASSERT (((_vector_spacing == 0x0) || (SIZEOF (.vector_15) <= (_vector_spacing << 0x5))), function at exception vector 15 too large)

.vector_16      0x000000009fc01400        0x8
 *(.vector_16)
 .vector_16     0x000000009fc01400        0x8 build/default/debug/_ext/1171490990/interrupts.o
                0x000000009fc01400                __vector_dispatch_16
                0x0000000000000001                ASSERT (((_vector_spacing == 0x0) || (SIZEOF (.vector_16) <= (_vector_spacing << 0x5))), function at exception vector 16 too large)

.vector_17      0x000000009fc01420        0x8
 *(.vector_17)
 .vector_17     0x000000009fc01420        0x8 c:/program files/microchip/xc32/v4.21/bin/bin/../../lib/gcc/pic32mx/8.3.1/../../../../pic32mx/lib\libpic32.a(vector17.o)
                0x000000009fc01420                __vector_dispatch_17
                0x0000000000000001                ASSERT (((_vector_spacing == 0x0) || (SIZEOF (.vector_17) <= (_vector_spacing << 0x5))), function at exception vector 17 too large)

.vector_18      0x000000009fc01440        0x8
 *(.vector_18)
 .vector_18     0x000000009fc01440        0x8 c:/program files/microchip/xc32/v4.21/bin/bin/../../lib/gcc/pic32mx/8.3.1/../../../../pic32mx/lib\libpic32.a(vector18.o)
                0x000000009fc01440                __vector_dispatch_18
                0x0000000000000001                ASSERT (((_vector_spacing == 0x0) || (SIZEOF (.vector_18) <= (_vector_spacing << 0x5))), function at exception vector 18 too large)

.vector_19      0x000000009fc01460        0x8
 *(.vector_19)
 .vector_19     0x000000009fc01460        0x8 c:/program files/microchip/xc32/v4.21/bin/bin/../../lib/gcc/pic32mx/8.3.1/../../../../pic32mx/lib\libpic32.a(vector19.o)
                0x000000009fc01460                __vector_dispatch_19
                0x0000000000000001                ASSERT (((_vector_spacing == 0x0) || (SIZEOF (.vector_19) <= (_vector_spacing << 0x5))), function at exception vector 19 too large)

.vector_20      0x000000009fc01480        0x8
 *(.vector_20)
 .vector_20     0x000000009fc01480        0x8 c:/program files/microchip/xc32/v4.21/bin/bin/../../lib/gcc/pic32mx/8.3.1/../../../../pic32mx/lib\libpic32.a(vector20.o)
                0x000000009fc01480                __vector_dispatch_20
                0x0000000000000001                ASSERT (((_vector_spacing == 0x0) || (SIZEOF (.vector_20) <= (_vector_spacing << 0x5))), function at exception vector 20 too large)

.vector_21      0x000000009fc014a0        0x8
 *(.vector_21)
 .vector_21     0x000000009fc014a0        0x8 c:/program files/microchip/xc32/v4.21/bin/bin/../../lib/gcc/pic32mx/8.3.1/../../../../pic32mx/lib\libpic32.a(vector21.o)
                0x000000009fc014a0                __vector_dispatch_21
                0x0000000000000001                ASSERT (((_vector_spacing == 0x0) || (SIZEOF (.vector_21) <= (_vector_spacing << 0x5))), function at exception vector 21 too large)

.vector_22      0x000000009fc014c0        0x8
 *(.vector_22)
 .vector_22     0x000000009fc014c0        0x8 c:/program files/microchip/xc32/v4.21/bin/bin/../../lib/gcc/pic32mx/8.3.1/../../../../pic32mx/lib\libpic32.a(vector22.o)
                0x000000009fc014c0                __vector_dispatch_22
                0x0000000000000001                ASSERT (((_vector_spacing == 0x0) || (SIZEOF (.vector_22) <= (_vector_spacing << 0x5))), function at exception vector 22 too large)

.vector_23      0x000000009fc014e0        0x8
 *(.vector_23)
 .vector_23     0x000000009fc014e0        0x8 c:/program files/microchip/xc32/v4.21/bin/bin/../../lib/gcc/pic32mx/8.3.1/../../../../pic32mx/lib\libpic32.a(vector23.o)
                0x000000009fc014e0                __vector_dispatch_23
                0x0000000000000001                ASSERT (((_vector_spacing == 0x0) || (SIZEOF (.vector_23) <= (_vector_spacing << 0x5))), function at exception vector 23 too large)

.vector_24      0x000000009fc01500        0x8
 *(.vector_24)
 .vector_24     0x000000009fc01500        0x8 c:/program files/microchip/xc32/v4.21/bin/bin/../../lib/gcc/pic32mx/8.3.1/../../../../pic32mx/lib\libpic32.a(vector24.o)
                0x000000009fc01500                __vector_dispatch_24
                0x0000000000000001                ASSERT (((_vector_spacing == 0x0) || (SIZEOF (.vector_24) <= (_vector_spacing << 0x5))), function at exception vector 24 too large)

.vector_25      0x000000009fc01520        0x8
 *(.vector_25)
 .vector_25     0x000000009fc01520        0x8 c:/program files/microchip/xc32/v4.21/bin/bin/../../lib/gcc/pic32mx/8.3.1/../../../../pic32mx/lib\libpic32.a(vector25.o)
                0x000000009fc01520                __vector_dispatch_25
                0x0000000000000001                ASSERT (((_vector_spacing == 0x0) || (SIZEOF (.vector_25) <= (_vector_spacing << 0x5))), function at exception vector 25 too large)

.vector_26      0x000000009fc01540        0x8
 *(.vector_26)
 .vector_26     0x000000009fc01540        0x8 build/default/debug/_ext/1171490990/interrupts.o
                0x000000009fc01540                __vector_dispatch_26
                0x0000000000000001                ASSERT (((_vector_spacing == 0x0) || (SIZEOF (.vector_26) <= (_vector_spacing << 0x5))), function at exception vector 26 too large)

.vector_27      0x000000009fc01560        0x8
 *(.vector_27)
 .vector_27     0x000000009fc01560        0x8 c:/program files/microchip/xc32/v4.21/bin/bin/../../lib/gcc/pic32mx/8.3.1/../../../../pic32mx/lib\libpic32.a(vector27.o)
                0x000000009fc01560                __vector_dispatch_27
                0x0000000000000001                ASSERT (((_vector_spacing == 0x0) || (SIZEOF (.vector_27) <= (_vector_spacing << 0x5))), function at exception vector 27 too large)

.vector_28      0x000000009fc01580        0x8
 *(.vector_28)
 .vector_28     0x000000009fc01580        0x8 c:/program files/microchip/xc32/v4.21/bin/bin/../../lib/gcc/pic32mx/8.3.1/../../../../pic32mx/lib\libpic32.a(vector28.o)
                0x000000009fc01580                __vector_dispatch_28
                0x0000000000000001                ASSERT (((_vector_spacing == 0x0) || (SIZEOF (.vector_28) <= (_vector_spacing << 0x5))), function at exception vector 28 too large)

.vector_29      0x000000009fc015a0        0x8
 *(.vector_29)
 .vector_29     0x000000009fc015a0        0x8 c:/program files/microchip/xc32/v4.21/bin/bin/../../lib/gcc/pic32mx/8.3.1/../../../../pic32mx/lib\libpic32.a(vector29.o)
                0x000000009fc015a0                __vector_dispatch_29
                0x0000000000000001                ASSERT (((_vector_spacing == 0x0) || (SIZEOF (.vector_29) <= (_vector_spacing << 0x5))), function at exception vector 29 too large)

.vector_30      0x000000009fc015c0        0x8
 *(.vector_30)
 .vector_30     0x000000009fc015c0        0x8 c:/program files/microchip/xc32/v4.21/bin/bin/../../lib/gcc/pic32mx/8.3.1/../../../../pic32mx/lib\libpic32.a(vector30.o)
                0x000000009fc015c0                __vector_dispatch_30
                0x0000000000000001                ASSERT (((_vector_spacing == 0x0) || (SIZEOF (.vector_30) <= (_vector_spacing << 0x5))), function at exception vector 30 too large)

.vector_31      0x000000009fc015e0        0x8
 *(.vector_31)
 .vector_31     0x000000009fc015e0        0x8 c:/program files/microchip/xc32/v4.21/bin/bin/../../lib/gcc/pic32mx/8.3.1/../../../../pic32mx/lib\libpic32.a(vector31.o)
                0x000000009fc015e0                __vector_dispatch_31
                0x0000000000000001                ASSERT (((_vector_spacing == 0x0) || (SIZEOF (.vector_31) <= (_vector_spacing << 0x5))), function at exception vector 31 too large)

.vector_32      0x000000009fc01600        0x8
 *(.vector_32)
 .vector_32     0x000000009fc01600        0x8 build/default/debug/_ext/1171490990/interrupts.o
                0x000000009fc01600                __vector_dispatch_32
                0x0000000000000001                ASSERT (((_vector_spacing == 0x0) || (SIZEOF (.vector_32) <= (_vector_spacing << 0x5))), function at exception vector 32 too large)

.vector_33      0x000000009fc01620        0x8
 *(.vector_33)
 .vector_33     0x000000009fc01620        0x8 c:/program files/microchip/xc32/v4.21/bin/bin/../../lib/gcc/pic32mx/8.3.1/../../../../pic32mx/lib\libpic32.a(vector33.o)
                0x000000009fc01620                __vector_dispatch_33
                0x0000000000000001                ASSERT (((_vector_spacing == 0x0) || (SIZEOF (.vector_33) <= (_vector_spacing << 0x5))), function at exception vector 33 too large)

.vector_34      0x000000009fc01640        0x8
 *(.vector_34)
 .vector_34     0x000000009fc01640        0x8 c:/program files/microchip/xc32/v4.21/bin/bin/../../lib/gcc/pic32mx/8.3.1/../../../../pic32mx/lib\libpic32.a(vector34.o)
                0x000000009fc01640                __vector_dispatch_34
                0x0000000000000001                ASSERT (((_vector_spacing == 0x0) || (SIZEOF (.vector_34) <= (_vector_spacing << 0x5))), function at exception vector 34 too large)

.vector_35      0x000000009fc01660        0x8
 *(.vector_35)
 .vector_35     0x000000009fc01660        0x8 c:/program files/microchip/xc32/v4.21/bin/bin/../../lib/gcc/pic32mx/8.3.1/../../../../pic32mx/lib\libpic32.a(vector35.o)
                0x000000009fc01660                __vector_dispatch_35
                0x0000000000000001                ASSERT (((_vector_spacing == 0x0) || (SIZEOF (.vector_35) <= (_vector_spacing << 0x5))), function at exception vector 35 too large)

.vector_36      0x000000009fc01680        0x8
 *(.vector_36)
 .vector_36     0x000000009fc01680        0x8 build/default/debug/_ext/1171490990/interrupts.o
                0x000000009fc01680                __vector_dispatch_36
                0x0000000000000001                ASSERT (((_vector_spacing == 0x0) || (SIZEOF (.vector_36) <= (_vector_spacing << 0x5))), function at exception vector 36 too large)

.vector_37      0x000000009fc016a0        0x8
 *(.vector_37)
 .vector_37     0x000000009fc016a0        0x8 build/default/debug/_ext/1171490990/interrupts.o
                0x000000009fc016a0                __vector_dispatch_37
                0x0000000000000001                ASSERT (((_vector_spacing == 0x0) || (SIZEOF (.vector_37) <= (_vector_spacing << 0x5))), function at exception vector 37 too large)

.vector_38      0x000000009fc016c0        0x8
 *(.vector_38)
 .vector_38     0x000000009fc016c0        0x8 build/default/debug/_ext/1171490990/interrupts.o
                0x000000009fc016c0                __vector_dispatch_38
                0x0000000000000001                ASSERT (((_vector_spacing == 0x0) || (SIZEOF (.vector_38) <= (_vector_spacing << 0x5))), function at exception vector 38 too large)

.vector_39      0x000000009fc016e0        0x8
 *(.vector_39)
 .vector_39     0x000000009fc016e0        0x8 c:/program files/microchip/xc32/v4.21/bin/bin/../../lib/gcc/pic32mx/8.3.1/../../../../pic32mx/lib\libpic32.a(vector39.o)
                0x000000009fc016e0                __vector_dispatch_39
                0x0000000000000001                ASSERT (((_vector_spacing == 0x0) || (SIZEOF (.vector_39) <= (_vector_spacing << 0x5))), function at exception vector 39 too large)

.vector_40      0x000000009fc01700        0x8
 *(.vector_40)
 .vector_40     0x000000009fc01700        0x8 c:/program files/microchip/xc32/v4.21/bin/bin/../../lib/gcc/pic32mx/8.3.1/../../../../pic32mx/lib\libpic32.a(vector40.o)
                0x000000009fc01700                __vector_dispatch_40
                0x0000000000000001                ASSERT (((_vector_spacing == 0x0) || (SIZEOF (.vector_40) <= (_vector_spacing << 0x5))), function at exception vector 40 too large)

.vector_41      0x000000009fc01720        0x8
 *(.vector_41)
 .vector_41     0x000000009fc01720        0x8 c:/program files/microchip/xc32/v4.21/bin/bin/../../lib/gcc/pic32mx/8.3.1/../../../../pic32mx/lib\libpic32.a(vector41.o)
                0x000000009fc01720                __vector_dispatch_41
                0x0000000000000001                ASSERT (((_vector_spacing == 0x0) || (SIZEOF (.vector_41) <= (_vector_spacing << 0x5))), function at exception vector 41 too large)

.vector_42      0x000000009fc01740        0x8
 *(.vector_42)
 .vector_42     0x000000009fc01740        0x8 c:/program files/microchip/xc32/v4.21/bin/bin/../../lib/gcc/pic32mx/8.3.1/../../../../pic32mx/lib\libpic32.a(vector42.o)
                0x000000009fc01740                __vector_dispatch_42
                0x0000000000000001                ASSERT (((_vector_spacing == 0x0) || (SIZEOF (.vector_42) <= (_vector_spacing << 0x5))), function at exception vector 42 too large)

.vector_43      0x000000009fc01760        0x8
 *(.vector_43)
 .vector_43     0x000000009fc01760        0x8 c:/program files/microchip/xc32/v4.21/bin/bin/../../lib/gcc/pic32mx/8.3.1/../../../../pic32mx/lib\libpic32.a(vector43.o)
                0x000000009fc01760                __vector_dispatch_43
                0x0000000000000001                ASSERT (((_vector_spacing == 0x0) || (SIZEOF (.vector_43) <= (_vector_spacing << 0x5))), function at exception vector 43 too large)

.vector_44      0x000000009fc01780        0x8
 *(.vector_44)
 .vector_44     0x000000009fc01780        0x8 c:/program files/microchip/xc32/v4.21/bin/bin/../../lib/gcc/pic32mx/8.3.1/../../../../pic32mx/lib\libpic32.a(vector44.o)
                0x000000009fc01780                __vector_dispatch_44
                0x0000000000000001                ASSERT (((_vector_spacing == 0x0) || (SIZEOF (.vector_44) <= (_vector_spacing << 0x5))), function at exception vector 44 too large)

.vector_45      0x000000009fc017a0        0x8
 *(.vector_45)
 .vector_45     0x000000009fc017a0        0x8 c:/program files/microchip/xc32/v4.21/bin/bin/../../lib/gcc/pic32mx/8.3.1/../../../../pic32mx/lib\libpic32.a(vector45.o)
                0x000000009fc017a0                __vector_dispatch_45
                0x0000000000000001                ASSERT (((_vector_spacing == 0x0) || (SIZEOF (.vector_45) <= (_vector_spacing << 0x5))), function at exception vector 45 too large)

.vector_46      0x000000009fc017c0        0x8
 *(.vector_46)
 .vector_46     0x000000009fc017c0        0x8 c:/program files/microchip/xc32/v4.21/bin/bin/../../lib/gcc/pic32mx/8.3.1/../../../../pic32mx/lib\libpic32.a(vector46.o)
                0x000000009fc017c0                __vector_dispatch_46
                0x0000000000000001                ASSERT (((_vector_spacing == 0x0) || (SIZEOF (.vector_46) <= (_vector_spacing << 0x5))), function at exception vector 46 too large)

.vector_47      0x000000009fc017e0        0x8
 *(.vector_47)
 .vector_47     0x000000009fc017e0        0x8 c:/program files/microchip/xc32/v4.21/bin/bin/../../lib/gcc/pic32mx/8.3.1/../../../../pic32mx/lib\libpic32.a(vector47.o)
                0x000000009fc017e0                __vector_dispatch_47
                0x0000000000000001                ASSERT (((_vector_spacing == 0x0) || (SIZEOF (.vector_47) <= (_vector_spacing << 0x5))), function at exception vector 47 too large)

.vector_48      0x000000009fc01800        0x8
 *(.vector_48)
 .vector_48     0x000000009fc01800        0x8 c:/program files/microchip/xc32/v4.21/bin/bin/../../lib/gcc/pic32mx/8.3.1/../../../../pic32mx/lib\libpic32.a(vector48.o)
                0x000000009fc01800                __vector_dispatch_48
                0x0000000000000001                ASSERT (((_vector_spacing == 0x0) || (SIZEOF (.vector_48) <= (_vector_spacing << 0x5))), function at exception vector 48 too large)

.vector_49      0x000000009fc01820        0x8
 *(.vector_49)
 .vector_49     0x000000009fc01820        0x8 c:/program files/microchip/xc32/v4.21/bin/bin/../../lib/gcc/pic32mx/8.3.1/../../../../pic32mx/lib\libpic32.a(vector49.o)
                0x000000009fc01820                __vector_dispatch_49
                0x0000000000000001                ASSERT (((_vector_spacing == 0x0) || (SIZEOF (.vector_49) <= (_vector_spacing << 0x5))), function at exception vector 49 too large)

.vector_50      0x000000009fc01840        0x8
 *(.vector_50)
 .vector_50     0x000000009fc01840        0x8 c:/program files/microchip/xc32/v4.21/bin/bin/../../lib/gcc/pic32mx/8.3.1/../../../../pic32mx/lib\libpic32.a(vector50.o)
                0x000000009fc01840                __vector_dispatch_50
                0x0000000000000001                ASSERT (((_vector_spacing == 0x0) || (SIZEOF (.vector_50) <= (_vector_spacing << 0x5))), function at exception vector 50 too large)

.vector_51      0x000000009fc01860        0x8
 *(.vector_51)
 .vector_51     0x000000009fc01860        0x8 c:/program files/microchip/xc32/v4.21/bin/bin/../../lib/gcc/pic32mx/8.3.1/../../../../pic32mx/lib\libpic32.a(vector51.o)
                0x000000009fc01860                __vector_dispatch_51
                0x0000000000000001                ASSERT (((_vector_spacing == 0x0) || (SIZEOF (.vector_51) <= (_vector_spacing << 0x5))), function at exception vector 51 too large)

.vector_52      0x000000009fc01880        0x0
 *(.vector_52)
                0x0000000000000001                ASSERT (((_vector_spacing == 0x0) || (SIZEOF (.vector_52) <= (_vector_spacing << 0x5))), function at exception vector 52 too large)

.vector_53      0x000000009fc018a0        0x0
 *(.vector_53)
                0x0000000000000001                ASSERT (((_vector_spacing == 0x0) || (SIZEOF (.vector_53) <= (_vector_spacing << 0x5))), function at exception vector 53 too large)

.vector_54      0x000000009fc018c0        0x0
 *(.vector_54)
                0x0000000000000001                ASSERT (((_vector_spacing == 0x0) || (SIZEOF (.vector_54) <= (_vector_spacing << 0x5))), function at exception vector 54 too large)

.vector_55      0x000000009fc018e0        0x0
 *(.vector_55)
                0x0000000000000001                ASSERT (((_vector_spacing == 0x0) || (SIZEOF (.vector_55) <= (_vector_spacing << 0x5))), function at exception vector 55 too large)

.vector_56      0x000000009fc01900        0x0
 *(.vector_56)
                0x0000000000000001                ASSERT (((_vector_spacing == 0x0) || (SIZEOF (.vector_56) <= (_vector_spacing << 0x5))), function at exception vector 56 too large)

.vector_57      0x000000009fc01920        0x0
 *(.vector_57)
                0x0000000000000001                ASSERT (((_vector_spacing == 0x0) || (SIZEOF (.vector_57) <= (_vector_spacing << 0x5))), function at exception vector 57 too large)

.vector_58      0x000000009fc01940        0x0
 *(.vector_58)
                0x0000000000000001                ASSERT (((_vector_spacing == 0x0) || (SIZEOF (.vector_58) <= (_vector_spacing << 0x5))), function at exception vector 58 too large)

.vector_59      0x000000009fc01960        0x0
 *(.vector_59)
                0x0000000000000001                ASSERT (((_vector_spacing == 0x0) || (SIZEOF (.vector_59) <= (_vector_spacing << 0x5))), function at exception vector 59 too large)

.vector_60      0x000000009fc01980        0x0
 *(.vector_60)
                0x0000000000000001                ASSERT (((_vector_spacing == 0x0) || (SIZEOF (.vector_60) <= (_vector_spacing << 0x5))), function at exception vector 60 too large)

.vector_61      0x000000009fc019a0        0x0
 *(.vector_61)
                0x0000000000000001                ASSERT (((_vector_spacing == 0x0) || (SIZEOF (.vector_61) <= (_vector_spacing << 0x5))), function at exception vector 61 too large)

.vector_62      0x000000009fc019c0        0x0
 *(.vector_62)
                0x0000000000000001                ASSERT (((_vector_spacing == 0x0) || (SIZEOF (.vector_62) <= (_vector_spacing << 0x5))), function at exception vector 62 too large)

.vector_63      0x000000009fc019e0        0x0
 *(.vector_63)
                0x0000000000000001                ASSERT (((_vector_spacing == 0x0) || (SIZEOF (.vector_63) <= (_vector_spacing << 0x5))), function at exception vector 63 too large)

.startup
 *(.startup)

.text           0x000000009d000000        0x0
 *(.stub .gnu.linkonce.t.*)
 *(.text.*personality*)
 *(.mips16.fn.*)
 *(.mips16.call.*)
 *(.gnu.warning)
                0x000000009d000000                . = ALIGN (0x4)

.init           0x000000009d000000        0x0
 *crti.o(.init)
 *crtbegin.o(.init)
 *(EXCLUDE_FILE(*crtn.o *crtend?.o *crtend.o) .init)
 *crtend.o(.init)
 *crtn.o(.init)
                0x000000009d000000                . = ALIGN (0x4)

.fini           0x000000009d000000        0x0
 *(.fini)
                0x000000009d000000                . = ALIGN (0x4)

.preinit_array  0x000000009d000000        0x0
                [!provide]                        PROVIDE (__preinit_array_start = .)
 *(.preinit_array)
                [!provide]                        PROVIDE (__preinit_array_end = .)
                0x000000009d000000                . = ALIGN (0x4)

.init_array     0x000000009d000000        0x0
                [!provide]                        PROVIDE (__init_array_start = .)
 *(SORT_BY_NAME(.init_array.*))
 *(.init_array)
                [!provide]                        PROVIDE (__init_array_end = .)
                0x000000009d000000                . = ALIGN (0x4)

.fini_array     0x000000009d000000        0x0
                [!provide]                        PROVIDE (__fini_array_start = .)
 *(SORT_BY_NAME(.fini_array.*))
 *(.fini_array)
                [!provide]                        PROVIDE (__fini_array_end = .)
                0x000000009d000000                . = ALIGN (0x4)

.ctors          0x000000009d000000        0x0
 *crtbegin.o(.ctors)
 *crtbegin?.o(.ctors)
 *(EXCLUDE_FILE(*crtend?.o *crtend.o) .ctors)
 *(SORT_BY_NAME(.ctors.*))
 *(.ctors)
                0x000000009d000000                . = ALIGN (0x4)

.dtors          0x000000009d000000        0x0
 *crtbegin.o(.dtors)
 *crtbegin?.o(.dtors)
 *(EXCLUDE_FILE(*crtend?.o *crtend.o) .dtors)
 *(SORT_BY_NAME(.dtors.*))
 *(.dtors)
                0x000000009d000000                . = ALIGN (0x4)

.rodata         0x000000009d000000        0x0
 *(.gnu.linkonce.r.*)
 *(.rodata1)
                0x000000009d000000                . = ALIGN (0x4)

.sdata2         0x000000009d000000        0x0
 *(.sdata2 .sdata2.* .gnu.linkonce.s2.*)
                0x000000009d000000                . = ALIGN (0x4)

.sbss2          0x000000009d000000        0x0
 *(.sbss2 .sbss2.* .gnu.linkonce.sb2.*)
                0x000000009d000000                . = ALIGN (0x4)

.eh_frame_hdr
 *(.eh_frame_hdr)
                0x000000009d000000                . = ALIGN (0x4)

.eh_frame
 *(.eh_frame)
                0x000000009d000000                . = ALIGN (0x4)

.gcc_except_table
 *(.gcc_except_table .gcc_except_table.*)
                0x000000009d000000                . = ALIGN (0x4)

.dbg_data       0x00000000a0000200        0x0
                0x00000000a0000200                . = (. + DEFINED (_DEBUGGER)?0x200:0x0)

.jcr            0x00000000a0000200        0x0
 *(.jcr)
                0x00000000a0000200                . = ALIGN (0x4)

.eh_frame
 *(.eh_frame)
                0x00000000a0000200                . = ALIGN (0x4)

.gcc_except_table
 *(.gcc_except_table .gcc_except_table.*)
                0x00000000a0000200                . = ALIGN (0x4)

.persist        0x00000000a0000200        0x0
                0x00000000a0000200                _persist_begin = .
 *(.persist .persist.*)
                0x00000000a0000200                . = ALIGN (0x4)
                0x00000000a0000200                _persist_end = .

.data           0x00000000a0000200        0x0
 *(.gnu.linkonce.d.*)
 *(.data1)
                0x00000000a0000200                . = ALIGN (0x4)
                0x00000000a0000200                . = .
                0x00000000a00081f0                _gp = (ALIGN (0x10) + 0x7ff0)

.got            0x00000000a0000200        0x0
 *(.got.plt)
 *(.got)
                0x00000000a0000200                . = ALIGN (0x4)

.sdata          0x00000000a0000200       0x44
                0x00000000a0000200                _sdata_begin = .
 *(.sdata .sdata.* .gnu.linkonce.s.*)
 .sdata         0x00000000a0000200       0x3c build/default/debug/_ext/1360937237/Vesc_Can1.o
                0x00000000a0000200                b_first1
                0x00000000a0000201                b_first
                0x00000000a0000204                lMoveIncrement
                0x00000000a0000208                i_CurrentMax
                0x00000000a000020c                SetPartCount
                0x00000000a0000210                iCutSpeed
                0x00000000a0000214                lMoveMM
                0x00000000a0000218                lHomeMM
                0x00000000a000021c                Ramp
                0x00000000a0000220                VescLength
                0x00000000a0000224                unit_id
                0x00000000a0000228                DECEL
                0x00000000a000022c                ACCEL
                0x00000000a0000230                NEG_STEADYVEL
                0x00000000a0000234                POS_STEADYVEL
                0x00000000a0000238                STEADYVEL
 .sdata         0x00000000a000023c        0x8 build/default/debug/_ext/1360937237/main2.o
                0x00000000a000023c                time
                0x00000000a0000240                count
                0x00000000a0000244                . = ALIGN (0x4)
                0x00000000a0000244                _sdata_end = .

.lit8
 *(.lit8)

.lit4
 *(.lit4)
                0x00000000a0000244                . = ALIGN (0x4)
                0x00000000a0000244                _data_end = .
                0x00000000a0000244                _bss_begin = .

.sbss           0x00000000a0000244       0xc4
                0x00000000a0000244                _sbss_begin = .
 *(.dynsbss)
 *(.sbss .sbss.* .gnu.linkonce.sb.*)
 .sbss          0x00000000a0000244        0x8 build/default/debug/_ext/60181895/plib_tmr2.o
 .sbss          0x00000000a000024c       0x9c build/default/debug/_ext/1360937237/Vesc_Can1.o
                0x00000000a0000264                ControlledStop
                0x00000000a0000265                Start
                0x00000000a0000266                Stop
                0x00000000a0000267                b_HomeStatus
                0x00000000a0000268                direction
                0x00000000a0000269                StopBtn
                0x00000000a000026c                StopCount
                0x00000000a0000270                StopPressed
                0x00000000a0000271                StartBtn
                0x00000000a0000274                StartCount
                0x00000000a0000278                StartPressed
                0x00000000a0000279                BtnPressed
                0x00000000a000027c                i
                0x00000000a0000280                iCut_ERpm
                0x00000000a0000284                CutPos
                0x00000000a0000288                BtnCount
                0x00000000a000028c                Delay4
                0x00000000a0000290                Delay3
                0x00000000a0000294                Delay2
                0x00000000a0000298                Delay
                0x00000000a000029c                AtDuty
                0x00000000a00002a0                AtPos
                0x00000000a00002a4                AtSpeed
                0x00000000a00002a8                iCut_eRpm
                0x00000000a00002ac                Rpm
                0x00000000a00002b0                Pos
                0x00000000a00002b4                iMoveHomeRemainder
                0x00000000a00002b8                iMoveHomeQuotient
                0x00000000a00002bc                iMoveRemainder
                0x00000000a00002c0                iMoveQuotient
                0x00000000a00002c4                sendPos
                0x00000000a00002c8                quotiant
                0x00000000a00002cc                lMoveDistance
                0x00000000a00002d0                lHomeOffset
                0x00000000a00002d4                EstopDelay
                0x00000000a00002d8                PartCount
                0x00000000a00002dc                TotalTime
                0x00000000a00002e0                Posnow
                0x00000000a00002e2                iVescCase
                0x00000000a00002e4                ENDTARGETPOS
 .sbss          0x00000000a00002e8        0x7 build/default/debug/_ext/1360937237/main2.o
                0x00000000a00002e8                TimeCount
                0x00000000a00002ec                xTimerDone
                0x00000000a00002ed                TransferComplete
                0x00000000a00002ee                isUART1TxComplete
 *fill*         0x00000000a00002ef        0x1 
 .sbss          0x00000000a00002f0        0x4 build/default/debug/_ext/1360937237/HMIComms.o
                0x00000000a00002f0                HmiState
 .sbss          0x00000000a00002f4        0x8 build/default/debug/_ext/60181895/plib_tmr4.o
 *(.scommon)
 .scommon       0x00000000a00002fc        0xc build/default/debug/_ext/1360937237/HMIComms.o
                0x00000000a00002fc                RxHmiCmd
                0x00000000a0000300                HmiStatus
                0x00000000a0000308                _sbss_end = .
                0x00000000a0000308                . = ALIGN (0x4)

.bss            0x00000000a0000308       0xa8
 *(.dynbss)
 *(COMMON)
 COMMON         0x00000000a0000308       0x34 build/default/debug/_ext/1865657120/plib_uart1.o
                0x00000000a0000308                uart1Obj
 COMMON         0x00000000a000033c       0x40 build/default/debug/_ext/1360937237/HMIComms.o
                0x00000000a000033c                PrevAutoPage
                0x00000000a000035c                AutoPage
 COMMON         0x00000000a000037c       0x34 build/default/debug/_ext/1865657120/plib_uart2.o
                0x00000000a000037c                uart2Obj
                0x00000000a00003b0                . = ALIGN ((. != 0x0)?0x4:0x1)
                0x00000000a00003b0                . = ALIGN (0x4)
                0x00000000a00003b0                _end = .
                0x00000000a00003b0                _bss_end = .
                0x0000000000020000                _bmxdudba_address = LENGTH (kseg1_data_mem)
                0x0000000000020000                _bmxdupba_address = LENGTH (kseg1_data_mem)

/DISCARD/
 *(.pdr)
 *(.rel.dyn)
 *(.note.GNU-stack)
 *(.note.GNU-stack)
 *(.gnu_debuglink)
 *(.gnu.lto_*)
 *(.discard)

.gptab.sdata
 *(.gptab.data)
 *(.gptab.sdata)

.gptab.sbss
 *(.gptab.bss)
 *(.gptab.sbss)

.mdebug.abi32   0x0000000000000000        0x0
 *(.mdebug.abi32)
 .mdebug.abi32  0x0000000000000000        0x0 c:/program files/microchip/xc32/v4.21/bin/bin/../../lib/gcc/pic32mx/8.3.1/../../../../pic32mx/lib\software-debug-break.o
 .mdebug.abi32  0x0000000000000000        0x0 build/default/debug/_ext/60165182/plib_can1.o
 .mdebug.abi32  0x0000000000000000        0x0 build/default/debug/_ext/60165520/plib_clk.o
 .mdebug.abi32  0x0000000000000000        0x0 build/default/debug/_ext/1865161661/plib_dmac.o
 .mdebug.abi32  0x0000000000000000        0x0 build/default/debug/_ext/1865200349/plib_evic.o
 .mdebug.abi32  0x0000000000000000        0x0 build/default/debug/_ext/1865254177/plib_gpio.o
 .mdebug.abi32  0x0000000000000000        0x0 build/default/debug/_ext/60181895/plib_tmr2.o
 .mdebug.abi32  0x0000000000000000        0x0 build/default/debug/_ext/1865657120/plib_uart1.o
 .mdebug.abi32  0x0000000000000000        0x0 build/default/debug/_ext/163028504/xc32_monitor.o
 .mdebug.abi32  0x0000000000000000        0x0 build/default/debug/_ext/1171490990/initialization.o
 .mdebug.abi32  0x0000000000000000        0x0 build/default/debug/_ext/1171490990/interrupts.o
 .mdebug.abi32  0x0000000000000000        0x0 build/default/debug/_ext/1171490990/exceptions.o
 .mdebug.abi32  0x0000000000000000        0x0 build/default/debug/_ext/1360937237/Trajectory.o
 .mdebug.abi32  0x0000000000000000        0x0 build/default/debug/_ext/1360937237/Vesc_Can1.o
 .mdebug.abi32  0x0000000000000000        0x0 build/default/debug/_ext/1360937237/main2.o
 .mdebug.abi32  0x0000000000000000        0x0 build/default/debug/_ext/1360937237/HMIComms.o
 .mdebug.abi32  0x0000000000000000        0x0 build/default/debug/_ext/60181895/plib_tmr4.o
 .mdebug.abi32  0x0000000000000000        0x0 build/default/debug/_ext/1865657120/plib_uart2.o
 .mdebug.abi32  0x0000000000000000        0x0 c:/program files/microchip/xc32/v4.21/bin/bin/../../lib/gcc/pic32mx/8.3.1\libgcc.a(_udivdi3.o)
 .mdebug.abi32  0x0000000000000000        0x0 c:/program files/microchip/xc32/v4.21/bin/bin/../../lib/gcc/pic32mx/8.3.1/../../../../pic32mx/lib\libpic32.a(default-on-reset.o)
 .mdebug.abi32  0x0000000000000000        0x0 c:/program files/microchip/xc32/v4.21/bin/bin/../../lib/gcc/pic32mx/8.3.1/../../../../pic32mx/lib\libpic32.a(default-on-bootstrap.o)
 .mdebug.abi32  0x0000000000000000        0x0 c:/program files/microchip/xc32/v4.21/bin/bin/../../lib/gcc/pic32mx/8.3.1/../../../../pic32mx/lib\libpic32.a(defaultinterrupt.o)
 .mdebug.abi32  0x0000000000000000        0x0 c:/program files/microchip/xc32/v4.21/bin/bin/../../lib/gcc/pic32mx/8.3.1/../../../../pic32mx/lib\libc-musl.a(__sio_sprintf_dfoux.o)
 .mdebug.abi32  0x0000000000000000        0x0 c:/program files/microchip/xc32/v4.21/bin/bin/../../lib/gcc/pic32mx/8.3.1/../../../../pic32mx/lib\libc-musl.a(__sio_sprintf_dosux.o)
 .mdebug.abi32  0x0000000000000000        0x0 c:/program files/microchip/xc32/v4.21/bin/bin/../../lib/gcc/pic32mx/8.3.1/../../../../pic32mx/lib\libc-musl.a(__sio_sprintf_doux.o)
 .mdebug.abi32  0x0000000000000000        0x0 c:/program files/microchip/xc32/v4.21/bin/bin/../../lib/gcc/pic32mx/8.3.1/../../../../pic32mx/lib\libc-musl.a(__fmt_d.o)
 .mdebug.abi32  0x0000000000000000        0x0 c:/program files/microchip/xc32/v4.21/bin/bin/../../lib/gcc/pic32mx/8.3.1/../../../../pic32mx/lib\libc-musl.a(__fmt_fp.o)
 .mdebug.abi32  0x0000000000000000        0x0 c:/program files/microchip/xc32/v4.21/bin/bin/../../lib/gcc/pic32mx/8.3.1/../../../../pic32mx/lib\libc-musl.a(__fmt_o.o)
 .mdebug.abi32  0x0000000000000000        0x0 c:/program files/microchip/xc32/v4.21/bin/bin/../../lib/gcc/pic32mx/8.3.1/../../../../pic32mx/lib\libc-musl.a(__fmt_s.o)
 .mdebug.abi32  0x0000000000000000        0x0 c:/program files/microchip/xc32/v4.21/bin/bin/../../lib/gcc/pic32mx/8.3.1/../../../../pic32mx/lib\libc-musl.a(__fmt_u.o)
 .mdebug.abi32  0x0000000000000000        0x0 c:/program files/microchip/xc32/v4.21/bin/bin/../../lib/gcc/pic32mx/8.3.1/../../../../pic32mx/lib\libc-musl.a(__fmt_x.o)
 .mdebug.abi32  0x0000000000000000        0x0 c:/program files/microchip/xc32/v4.21/bin/bin/../../lib/gcc/pic32mx/8.3.1/../../../../pic32mx/lib\libc-musl.a(__pop_float.o)
 .mdebug.abi32  0x0000000000000000        0x0 c:/program files/microchip/xc32/v4.21/bin/bin/../../lib/gcc/pic32mx/8.3.1/../../../../pic32mx/lib\libc-musl.a(__pop_int.o)
 .mdebug.abi32  0x0000000000000000        0x0 c:/program files/microchip/xc32/v4.21/bin/bin/../../lib/gcc/pic32mx/8.3.1/../../../../pic32mx/lib\libc-musl.a(__pop_ptr.o)
 .mdebug.abi32  0x0000000000000000        0x0 c:/program files/microchip/xc32/v4.21/bin/bin/../../lib/gcc/pic32mx/8.3.1/../../../../pic32mx/lib\libc-musl.a(__printf_core.o)
 .mdebug.abi32  0x0000000000000000        0x0 c:/program files/microchip/xc32/v4.21/bin/bin/../../lib/gcc/pic32mx/8.3.1/../../../../pic32mx/lib\libc-musl.a(atoi.o)
 .mdebug.abi32  0x0000000000000000        0x0 c:/program files/microchip/xc32/v4.21/bin/bin/../../lib/gcc/pic32mx/8.3.1/../../../../pic32mx/lib\libc-musl.a(memcpy.o)
 .mdebug.abi32  0x0000000000000000        0x0 c:/program files/microchip/xc32/v4.21/bin/bin/../../lib/gcc/pic32mx/8.3.1/../../../../pic32mx/lib\libc-musl.a(strstr.o)
 .mdebug.abi32  0x0000000000000000        0x0 c:/program files/microchip/xc32/v4.21/bin/bin/../../lib/gcc/pic32mx/8.3.1/../../../../pic32mx/lib\libc-musl.a(strcpy.o)
 .mdebug.abi32  0x0000000000000000        0x0 c:/program files/microchip/xc32/v4.21/bin/bin/../../lib/gcc/pic32mx/8.3.1/../../../../pic32mx/lib\libc-musl.a(tolower.o)
 .mdebug.abi32  0x0000000000000000        0x0 c:/program files/microchip/xc32/v4.21/bin/bin/../../lib/gcc/pic32mx/8.3.1/../../../../pic32mx/lib\libc-musl.a(toupper.o)
 .mdebug.abi32  0x0000000000000000        0x0 c:/program files/microchip/xc32/v4.21/bin/bin/../../lib/gcc/pic32mx/8.3.1/../../../../pic32mx/lib\libc-musl.a(__int_vsprintf.o)
 .mdebug.abi32  0x0000000000000000        0x0 c:/program files/microchip/xc32/v4.21/bin/bin/../../lib/gcc/pic32mx/8.3.1/../../../../pic32mx/lib\libc-musl.a(stpcpy.o)
 .mdebug.abi32  0x0000000000000000        0x0 c:/program files/microchip/xc32/v4.21/bin/bin/../../lib/gcc/pic32mx/8.3.1/../../../../pic32mx/lib\libc-musl.a(__int_vsnprintf.o)
 .mdebug.abi32  0x0000000000000000        0x0 c:/program files/microchip/xc32/v4.21/bin/bin/../../lib/gcc/pic32mx/8.3.1/../../../../pic32mx/lib\libc-musl.a(__int_vfprintf.o)
 .mdebug.abi32  0x0000000000000000        0x0 c:/program files/microchip/xc32/v4.21/bin/bin/../../lib/gcc/pic32mx/8.3.1/../../../../pic32mx/lib\libm-musl.a(fma.o)
 .mdebug.abi32  0x0000000000000000        0x0 c:/program files/microchip/xc32/v4.21/bin/bin/../../lib/gcc/pic32mx/8.3.1/../../../../pic32mx/lib\libm-musl.a(scalbn.o)
 .mdebug.abi32  0x0000000000000000        0x0 c:/program files/microchip/xc32/v4.21/bin/bin/../../lib/gcc/pic32mx/8.3.1\libgcc.a(_lshrdi3.o)
 .mdebug.abi32  0x0000000000000000        0x0 c:/program files/microchip/xc32/v4.21/bin/bin/../../lib/gcc/pic32mx/8.3.1\libgcc.a(_ashldi3.o)
 .mdebug.abi32  0x0000000000000000        0x0 c:/program files/microchip/xc32/v4.21/bin/bin/../../lib/gcc/pic32mx/8.3.1\libgcc.a(_floatdidf.o)
 .mdebug.abi32  0x0000000000000000        0x0 c:/program files/microchip/xc32/v4.21/bin/bin/../../lib/gcc/pic32mx/8.3.1\libgcc.a(_umoddi3.o)
 .mdebug.abi32  0x0000000000000000        0x0 c:/program files/microchip/xc32/v4.21/bin/bin/../../lib/gcc/pic32mx/8.3.1\libgcc.a(floatunsidf.o)
 .mdebug.abi32  0x0000000000000000        0x0 c:/program files/microchip/xc32/v4.21/bin/bin/../../lib/gcc/pic32mx/8.3.1/../../../../pic32mx/lib\libpic32.a(errno.o)

.mdebug.abiN32
 *(.mdebug.abiN32)

.mdebug.abi64
 *(.mdebug.abi64)

.mdebug.abiO64
 *(.mdebug.abiO64)

.mdebug.eabi32
 *(.mdebug.eabi32)

.mdebug.eabi64
 *(.mdebug.eabi64)

.gcc_compiled_long32
 *(.gcc_compiled_long32)

.gcc_compiled_long64
 *(.gcc_compiled_long64)

.stab
 *(.stab)

.stabstr
 *(.stabstr)

.stab.excl
 *(.stab.excl)

.stab.exclstr
 *(.stab.exclstr)

.stab.index
 *(.stab.index)

.stab.indexstr
 *(.stab.indexstr)

.comment        0x0000000000000000       0x5c
 *(.comment)
 .comment       0x0000000000000000       0x2b c:/program files/microchip/xc32/v4.21/bin/bin/../../lib/gcc/pic32mx/8.3.1/../../../../pic32mx/lib\software-debug-break.o
                                         0x2c (size before relaxing)
 .comment       0x000000000000002b       0x2c build/default/debug/_ext/60165182/plib_can1.o
 .comment       0x000000000000002b       0x2c build/default/debug/_ext/60165520/plib_clk.o
 .comment       0x000000000000002b       0x2c build/default/debug/_ext/1865161661/plib_dmac.o
 .comment       0x000000000000002b       0x2c build/default/debug/_ext/1865200349/plib_evic.o
 .comment       0x000000000000002b       0x2c build/default/debug/_ext/1865254177/plib_gpio.o
 .comment       0x000000000000002b       0x2c build/default/debug/_ext/60181895/plib_tmr2.o
 .comment       0x000000000000002b       0x2c build/default/debug/_ext/1865657120/plib_uart1.o
 .comment       0x000000000000002b       0x2c build/default/debug/_ext/163028504/xc32_monitor.o
 .comment       0x000000000000002b       0x2c build/default/debug/_ext/1171490990/initialization.o
 .comment       0x000000000000002b       0x2c build/default/debug/_ext/1171490990/interrupts.o
 .comment       0x000000000000002b       0x2c build/default/debug/_ext/1171490990/exceptions.o
 .comment       0x000000000000002b       0x2c build/default/debug/_ext/1360937237/Trajectory.o
 .comment       0x000000000000002b       0x2c build/default/debug/_ext/1360937237/Vesc_Can1.o
 .comment       0x000000000000002b       0x2c build/default/debug/_ext/1360937237/main2.o
 .comment       0x000000000000002b       0x2c build/default/debug/_ext/1360937237/HMIComms.o
 .comment       0x000000000000002b       0x2c build/default/debug/_ext/60181895/plib_tmr4.o
 .comment       0x000000000000002b       0x2c build/default/debug/_ext/1865657120/plib_uart2.o
 .comment       0x000000000000002b       0x2c c:/program files/microchip/xc32/v4.21/bin/bin/../../lib/gcc/pic32mx/8.3.1\libgcc.a(_udivdi3.o)
 .comment       0x000000000000002b       0x18 c:/program files/microchip/xc32/v4.21/bin/bin/../../lib/gcc/pic32mx/8.3.1/../../../../pic32mx/lib\libpic32.a(memset.o)
                                         0x19 (size before relaxing)
 .comment       0x0000000000000043       0x19 c:/program files/microchip/xc32/v4.21/bin/bin/../../lib/gcc/pic32mx/8.3.1/../../../../pic32mx/lib\libpic32.a(strlen.o)
                                         0x1a (size before relaxing)
 .comment       0x000000000000005c       0x2c c:/program files/microchip/xc32/v4.21/bin/bin/../../lib/gcc/pic32mx/8.3.1/../../../../pic32mx/lib\libpic32.a(default-on-reset.o)
 .comment       0x000000000000005c       0x2c c:/program files/microchip/xc32/v4.21/bin/bin/../../lib/gcc/pic32mx/8.3.1/../../../../pic32mx/lib\libpic32.a(default-on-bootstrap.o)
 .comment       0x000000000000005c       0x2c c:/program files/microchip/xc32/v4.21/bin/bin/../../lib/gcc/pic32mx/8.3.1/../../../../pic32mx/lib\libpic32.a(defaultinterrupt.o)
 .comment       0x000000000000005c       0x2c c:/program files/microchip/xc32/v4.21/bin/bin/../../lib/gcc/pic32mx/8.3.1/../../../../pic32mx/lib\libc-musl.a(__sio_sprintf_dfoux.o)
 .comment       0x000000000000005c       0x2c c:/program files/microchip/xc32/v4.21/bin/bin/../../lib/gcc/pic32mx/8.3.1/../../../../pic32mx/lib\libc-musl.a(__sio_sprintf_dosux.o)
 .comment       0x000000000000005c       0x2c c:/program files/microchip/xc32/v4.21/bin/bin/../../lib/gcc/pic32mx/8.3.1/../../../../pic32mx/lib\libc-musl.a(__sio_sprintf_doux.o)
 .comment       0x000000000000005c       0x2c c:/program files/microchip/xc32/v4.21/bin/bin/../../lib/gcc/pic32mx/8.3.1/../../../../pic32mx/lib\libc-musl.a(__fmt_d.o)
 .comment       0x000000000000005c       0x2c c:/program files/microchip/xc32/v4.21/bin/bin/../../lib/gcc/pic32mx/8.3.1/../../../../pic32mx/lib\libc-musl.a(__fmt_fp.o)
 .comment       0x000000000000005c       0x2c c:/program files/microchip/xc32/v4.21/bin/bin/../../lib/gcc/pic32mx/8.3.1/../../../../pic32mx/lib\libc-musl.a(__fmt_o.o)
 .comment       0x000000000000005c       0x2c c:/program files/microchip/xc32/v4.21/bin/bin/../../lib/gcc/pic32mx/8.3.1/../../../../pic32mx/lib\libc-musl.a(__fmt_s.o)
 .comment       0x000000000000005c       0x2c c:/program files/microchip/xc32/v4.21/bin/bin/../../lib/gcc/pic32mx/8.3.1/../../../../pic32mx/lib\libc-musl.a(__fmt_u.o)
 .comment       0x000000000000005c       0x2c c:/program files/microchip/xc32/v4.21/bin/bin/../../lib/gcc/pic32mx/8.3.1/../../../../pic32mx/lib\libc-musl.a(__fmt_x.o)
 .comment       0x000000000000005c       0x2c c:/program files/microchip/xc32/v4.21/bin/bin/../../lib/gcc/pic32mx/8.3.1/../../../../pic32mx/lib\libc-musl.a(__pop_float.o)
 .comment       0x000000000000005c       0x2c c:/program files/microchip/xc32/v4.21/bin/bin/../../lib/gcc/pic32mx/8.3.1/../../../../pic32mx/lib\libc-musl.a(__pop_int.o)
 .comment       0x000000000000005c       0x2c c:/program files/microchip/xc32/v4.21/bin/bin/../../lib/gcc/pic32mx/8.3.1/../../../../pic32mx/lib\libc-musl.a(__pop_ptr.o)
 .comment       0x000000000000005c       0x2c c:/program files/microchip/xc32/v4.21/bin/bin/../../lib/gcc/pic32mx/8.3.1/../../../../pic32mx/lib\libc-musl.a(__printf_core.o)
 .comment       0x000000000000005c       0x2c c:/program files/microchip/xc32/v4.21/bin/bin/../../lib/gcc/pic32mx/8.3.1/../../../../pic32mx/lib\libc-musl.a(atoi.o)
 .comment       0x000000000000005c       0x2c c:/program files/microchip/xc32/v4.21/bin/bin/../../lib/gcc/pic32mx/8.3.1/../../../../pic32mx/lib\libc-musl.a(memcpy.o)
 .comment       0x000000000000005c       0x2c c:/program files/microchip/xc32/v4.21/bin/bin/../../lib/gcc/pic32mx/8.3.1/../../../../pic32mx/lib\libc-musl.a(strstr.o)
 .comment       0x000000000000005c       0x2c c:/program files/microchip/xc32/v4.21/bin/bin/../../lib/gcc/pic32mx/8.3.1/../../../../pic32mx/lib\libc-musl.a(strcpy.o)
 .comment       0x000000000000005c       0x2c c:/program files/microchip/xc32/v4.21/bin/bin/../../lib/gcc/pic32mx/8.3.1/../../../../pic32mx/lib\libc-musl.a(tolower.o)
 .comment       0x000000000000005c       0x2c c:/program files/microchip/xc32/v4.21/bin/bin/../../lib/gcc/pic32mx/8.3.1/../../../../pic32mx/lib\libc-musl.a(toupper.o)
 .comment       0x000000000000005c       0x2c c:/program files/microchip/xc32/v4.21/bin/bin/../../lib/gcc/pic32mx/8.3.1/../../../../pic32mx/lib\libc-musl.a(__int_vsprintf.o)
 .comment       0x000000000000005c       0x2c c:/program files/microchip/xc32/v4.21/bin/bin/../../lib/gcc/pic32mx/8.3.1/../../../../pic32mx/lib\libc-musl.a(stpcpy.o)
 .comment       0x000000000000005c       0x2c c:/program files/microchip/xc32/v4.21/bin/bin/../../lib/gcc/pic32mx/8.3.1/../../../../pic32mx/lib\libc-musl.a(__int_vsnprintf.o)
 .comment       0x000000000000005c       0x2c c:/program files/microchip/xc32/v4.21/bin/bin/../../lib/gcc/pic32mx/8.3.1/../../../../pic32mx/lib\libc-musl.a(__int_vfprintf.o)
 .comment       0x000000000000005c       0x2c c:/program files/microchip/xc32/v4.21/bin/bin/../../lib/gcc/pic32mx/8.3.1/../../../../pic32mx/lib\libm-musl.a(fma.o)
 .comment       0x000000000000005c       0x2c c:/program files/microchip/xc32/v4.21/bin/bin/../../lib/gcc/pic32mx/8.3.1/../../../../pic32mx/lib\libm-musl.a(scalbn.o)
 .comment       0x000000000000005c       0x2c c:/program files/microchip/xc32/v4.21/bin/bin/../../lib/gcc/pic32mx/8.3.1\libgcc.a(_lshrdi3.o)
 .comment       0x000000000000005c       0x2c c:/program files/microchip/xc32/v4.21/bin/bin/../../lib/gcc/pic32mx/8.3.1\libgcc.a(_ashldi3.o)
 .comment       0x000000000000005c       0x2c c:/program files/microchip/xc32/v4.21/bin/bin/../../lib/gcc/pic32mx/8.3.1\libgcc.a(_floatdidf.o)
 .comment       0x000000000000005c       0x2c c:/program files/microchip/xc32/v4.21/bin/bin/../../lib/gcc/pic32mx/8.3.1\libgcc.a(_umoddi3.o)
 .comment       0x000000000000005c       0x2c c:/program files/microchip/xc32/v4.21/bin/bin/../../lib/gcc/pic32mx/8.3.1\libgcc.a(floatunsidf.o)
 .comment       0x000000000000005c       0x2c c:/program files/microchip/xc32/v4.21/bin/bin/../../lib/gcc/pic32mx/8.3.1/../../../../pic32mx/lib\libpic32.a(errno.o)

.debug
 *.elf(.debug)
 *(.debug)

.line
 *.elf(.line)
 *(.line)

.debug_srcinfo
 *.elf(.debug_srcinfo)
 *(.debug_srcinfo)

.debug_sfnames
 *.elf(.debug_sfnames)
 *(.debug_sfnames)

.debug_aranges  0x0000000000000000      0xb90
 *.elf(.debug_aranges)
 *(.debug_aranges)
 .debug_aranges
                0x0000000000000000       0x20 c:/program files/microchip/xc32/v4.21/bin/bin/../../lib/gcc/pic32mx/8.3.1/../../../../pic32mx/lib\software-debug-break.o
 .debug_aranges
                0x0000000000000020       0x80 build/default/debug/_ext/60165182/plib_can1.o
 .debug_aranges
                0x00000000000000a0       0x20 build/default/debug/_ext/60165520/plib_clk.o
 .debug_aranges
                0x00000000000000c0       0x98 build/default/debug/_ext/1865161661/plib_dmac.o
 .debug_aranges
                0x0000000000000158       0x68 build/default/debug/_ext/1865200349/plib_evic.o
 .debug_aranges
                0x00000000000001c0       0x80 build/default/debug/_ext/1865254177/plib_gpio.o
 .debug_aranges
                0x0000000000000240       0x70 build/default/debug/_ext/60181895/plib_tmr2.o
 .debug_aranges
                0x00000000000002b0       0xa0 build/default/debug/_ext/1865657120/plib_uart1.o
 .debug_aranges
                0x0000000000000350       0x28 build/default/debug/_ext/163028504/xc32_monitor.o
 .debug_aranges
                0x0000000000000378       0x20 build/default/debug/_ext/1171490990/initialization.o
 .debug_aranges
                0x0000000000000398       0x50 build/default/debug/_ext/1171490990/interrupts.o
 .debug_aranges
                0x00000000000003e8       0x28 build/default/debug/_ext/1171490990/exceptions.o
 .debug_aranges
                0x0000000000000410       0x40 build/default/debug/_ext/1360937237/Trajectory.o
 .debug_aranges
                0x0000000000000450       0xa8 build/default/debug/_ext/1360937237/Vesc_Can1.o
 .debug_aranges
                0x00000000000004f8       0x48 build/default/debug/_ext/1360937237/main2.o
 .debug_aranges
                0x0000000000000540       0x50 build/default/debug/_ext/1360937237/HMIComms.o
 .debug_aranges
                0x0000000000000590       0x70 build/default/debug/_ext/60181895/plib_tmr4.o
 .debug_aranges
                0x0000000000000600       0xa0 build/default/debug/_ext/1865657120/plib_uart2.o
 .debug_aranges
                0x00000000000006a0       0x40 C:\Users\zig\AppData\Local\Temp\ccWQprwX.o
 .debug_aranges
                0x00000000000006e0       0x20 c:/program files/microchip/xc32/v4.21/bin/bin/../../lib/gcc/pic32mx/8.3.1\libgcc.a(_udivdi3.o)
 .debug_aranges
                0x0000000000000700       0x20 c:/program files/microchip/xc32/v4.21/bin/bin/../../lib/gcc/pic32mx/8.3.1/../../../../pic32mx/lib\libpic32.a(default-on-reset.o)
 .debug_aranges
                0x0000000000000720       0x20 c:/program files/microchip/xc32/v4.21/bin/bin/../../lib/gcc/pic32mx/8.3.1/../../../../pic32mx/lib\libpic32.a(default-on-bootstrap.o)
 .debug_aranges
                0x0000000000000740       0x20 c:/program files/microchip/xc32/v4.21/bin/bin/../../lib/gcc/pic32mx/8.3.1/../../../../pic32mx/lib\libpic32.a(defaultinterrupt.o)
 .debug_aranges
                0x0000000000000760       0x28 c:/program files/microchip/xc32/v4.21/bin/bin/../../lib/gcc/pic32mx/8.3.1/../../../../pic32mx/lib\libc-musl.a(__sio_sprintf_dfoux.o)
 .debug_aranges
                0x0000000000000788       0x28 c:/program files/microchip/xc32/v4.21/bin/bin/../../lib/gcc/pic32mx/8.3.1/../../../../pic32mx/lib\libc-musl.a(__sio_sprintf_dosux.o)
 .debug_aranges
                0x00000000000007b0       0x28 c:/program files/microchip/xc32/v4.21/bin/bin/../../lib/gcc/pic32mx/8.3.1/../../../../pic32mx/lib\libc-musl.a(__sio_sprintf_doux.o)
 .debug_aranges
                0x00000000000007d8       0x20 c:/program files/microchip/xc32/v4.21/bin/bin/../../lib/gcc/pic32mx/8.3.1/../../../../pic32mx/lib\libc-musl.a(__fmt_d.o)
 .debug_aranges
                0x00000000000007f8       0x20 c:/program files/microchip/xc32/v4.21/bin/bin/../../lib/gcc/pic32mx/8.3.1/../../../../pic32mx/lib\libc-musl.a(__fmt_fp.o)
 .debug_aranges
                0x0000000000000818       0x20 c:/program files/microchip/xc32/v4.21/bin/bin/../../lib/gcc/pic32mx/8.3.1/../../../../pic32mx/lib\libc-musl.a(__fmt_o.o)
 .debug_aranges
                0x0000000000000838       0x20 c:/program files/microchip/xc32/v4.21/bin/bin/../../lib/gcc/pic32mx/8.3.1/../../../../pic32mx/lib\libc-musl.a(__fmt_s.o)
 .debug_aranges
                0x0000000000000858       0x28 c:/program files/microchip/xc32/v4.21/bin/bin/../../lib/gcc/pic32mx/8.3.1/../../../../pic32mx/lib\libc-musl.a(__fmt_u.o)
 .debug_aranges
                0x0000000000000880       0x20 c:/program files/microchip/xc32/v4.21/bin/bin/../../lib/gcc/pic32mx/8.3.1/../../../../pic32mx/lib\libc-musl.a(__fmt_x.o)
 .debug_aranges
                0x00000000000008a0       0x20 c:/program files/microchip/xc32/v4.21/bin/bin/../../lib/gcc/pic32mx/8.3.1/../../../../pic32mx/lib\libc-musl.a(__pop_float.o)
 .debug_aranges
                0x00000000000008c0       0x20 c:/program files/microchip/xc32/v4.21/bin/bin/../../lib/gcc/pic32mx/8.3.1/../../../../pic32mx/lib\libc-musl.a(__pop_int.o)
 .debug_aranges
                0x00000000000008e0       0x20 c:/program files/microchip/xc32/v4.21/bin/bin/../../lib/gcc/pic32mx/8.3.1/../../../../pic32mx/lib\libc-musl.a(__pop_ptr.o)
 .debug_aranges
                0x0000000000000900       0x50 c:/program files/microchip/xc32/v4.21/bin/bin/../../lib/gcc/pic32mx/8.3.1/../../../../pic32mx/lib\libc-musl.a(__printf_core.o)
 .debug_aranges
                0x0000000000000950       0x20 c:/program files/microchip/xc32/v4.21/bin/bin/../../lib/gcc/pic32mx/8.3.1/../../../../pic32mx/lib\libc-musl.a(atoi.o)
 .debug_aranges
                0x0000000000000970       0x20 c:/program files/microchip/xc32/v4.21/bin/bin/../../lib/gcc/pic32mx/8.3.1/../../../../pic32mx/lib\libc-musl.a(memcpy.o)
 .debug_aranges
                0x0000000000000990       0x20 c:/program files/microchip/xc32/v4.21/bin/bin/../../lib/gcc/pic32mx/8.3.1/../../../../pic32mx/lib\libc-musl.a(strstr.o)
 .debug_aranges
                0x00000000000009b0       0x20 c:/program files/microchip/xc32/v4.21/bin/bin/../../lib/gcc/pic32mx/8.3.1/../../../../pic32mx/lib\libc-musl.a(strcpy.o)
 .debug_aranges
                0x00000000000009d0       0x28 c:/program files/microchip/xc32/v4.21/bin/bin/../../lib/gcc/pic32mx/8.3.1/../../../../pic32mx/lib\libc-musl.a(tolower.o)
 .debug_aranges
                0x00000000000009f8       0x28 c:/program files/microchip/xc32/v4.21/bin/bin/../../lib/gcc/pic32mx/8.3.1/../../../../pic32mx/lib\libc-musl.a(toupper.o)
 .debug_aranges
                0x0000000000000a20       0x20 c:/program files/microchip/xc32/v4.21/bin/bin/../../lib/gcc/pic32mx/8.3.1/../../../../pic32mx/lib\libc-musl.a(__int_vsprintf.o)
 .debug_aranges
                0x0000000000000a40       0x20 c:/program files/microchip/xc32/v4.21/bin/bin/../../lib/gcc/pic32mx/8.3.1/../../../../pic32mx/lib\libc-musl.a(stpcpy.o)
 .debug_aranges
                0x0000000000000a60       0x20 c:/program files/microchip/xc32/v4.21/bin/bin/../../lib/gcc/pic32mx/8.3.1/../../../../pic32mx/lib\libc-musl.a(__int_vsnprintf.o)
 .debug_aranges
                0x0000000000000a80       0x20 c:/program files/microchip/xc32/v4.21/bin/bin/../../lib/gcc/pic32mx/8.3.1/../../../../pic32mx/lib\libc-musl.a(__int_vfprintf.o)
 .debug_aranges
                0x0000000000000aa0       0x30 c:/program files/microchip/xc32/v4.21/bin/bin/../../lib/gcc/pic32mx/8.3.1/../../../../pic32mx/lib\libm-musl.a(fma.o)
 .debug_aranges
                0x0000000000000ad0       0x20 c:/program files/microchip/xc32/v4.21/bin/bin/../../lib/gcc/pic32mx/8.3.1/../../../../pic32mx/lib\libm-musl.a(scalbn.o)
 .debug_aranges
                0x0000000000000af0       0x20 c:/program files/microchip/xc32/v4.21/bin/bin/../../lib/gcc/pic32mx/8.3.1\libgcc.a(_lshrdi3.o)
 .debug_aranges
                0x0000000000000b10       0x20 c:/program files/microchip/xc32/v4.21/bin/bin/../../lib/gcc/pic32mx/8.3.1\libgcc.a(_ashldi3.o)
 .debug_aranges
                0x0000000000000b30       0x20 c:/program files/microchip/xc32/v4.21/bin/bin/../../lib/gcc/pic32mx/8.3.1\libgcc.a(_floatdidf.o)
 .debug_aranges
                0x0000000000000b50       0x20 c:/program files/microchip/xc32/v4.21/bin/bin/../../lib/gcc/pic32mx/8.3.1\libgcc.a(_umoddi3.o)
 .debug_aranges
                0x0000000000000b70       0x20 c:/program files/microchip/xc32/v4.21/bin/bin/../../lib/gcc/pic32mx/8.3.1\libgcc.a(floatunsidf.o)

.debug_pubnames
 *.elf(.debug_pubnames)
 *(.debug_pubnames)

.debug_info     0x0000000000000000     0xe47c
 *.elf(.debug_info .gnu.linkonce.wi.*)
 *(.debug_info .gnu.linkonce.wi.*)
 .debug_info    0x0000000000000000       0x3f c:/program files/microchip/xc32/v4.21/bin/bin/../../lib/gcc/pic32mx/8.3.1/../../../../pic32mx/lib\software-debug-break.o
 .debug_info    0x000000000000003f      0x91e build/default/debug/_ext/60165182/plib_can1.o
 .debug_info    0x000000000000095d      0x378 build/default/debug/_ext/60165520/plib_clk.o
 .debug_info    0x0000000000000cd5      0xf41 build/default/debug/_ext/1865161661/plib_dmac.o
 .debug_info    0x0000000000001c16      0x5bd build/default/debug/_ext/1865200349/plib_evic.o
 .debug_info    0x00000000000021d3      0x92d build/default/debug/_ext/1865254177/plib_gpio.o
 .debug_info    0x0000000000002b00      0x6fc build/default/debug/_ext/60181895/plib_tmr2.o
 .debug_info    0x00000000000031fc      0x7ed build/default/debug/_ext/1865657120/plib_uart1.o
 .debug_info    0x00000000000039e9       0xe9 build/default/debug/_ext/163028504/xc32_monitor.o
 .debug_info    0x0000000000003ad2      0x3ab build/default/debug/_ext/1171490990/initialization.o
 .debug_info    0x0000000000003e7d      0x1f1 build/default/debug/_ext/1171490990/interrupts.o
 .debug_info    0x000000000000406e      0x143 build/default/debug/_ext/1171490990/exceptions.o
 .debug_info    0x00000000000041b1      0x45f build/default/debug/_ext/1360937237/Trajectory.o
 .debug_info    0x0000000000004610     0x27b9 build/default/debug/_ext/1360937237/Vesc_Can1.o
 .debug_info    0x0000000000006dc9      0xdb0 build/default/debug/_ext/1360937237/main2.o
 .debug_info    0x0000000000007b79      0xb38 build/default/debug/_ext/1360937237/HMIComms.o
 .debug_info    0x00000000000086b1      0x6fc build/default/debug/_ext/60181895/plib_tmr4.o
 .debug_info    0x0000000000008dad      0x7ed build/default/debug/_ext/1865657120/plib_uart2.o
 .debug_info    0x000000000000959a       0x22 C:\Users\zig\AppData\Local\Temp\ccWQprwX.o
 .debug_info    0x00000000000095bc      0x6ca c:/program files/microchip/xc32/v4.21/bin/bin/../../lib/gcc/pic32mx/8.3.1\libgcc.a(_udivdi3.o)
 .debug_info    0x0000000000009c86       0x3f c:/program files/microchip/xc32/v4.21/bin/bin/../../lib/gcc/pic32mx/8.3.1/../../../../pic32mx/lib\libpic32.a(default-on-reset.o)
 .debug_info    0x0000000000009cc5       0x3f c:/program files/microchip/xc32/v4.21/bin/bin/../../lib/gcc/pic32mx/8.3.1/../../../../pic32mx/lib\libpic32.a(default-on-bootstrap.o)
 .debug_info    0x0000000000009d04       0x40 c:/program files/microchip/xc32/v4.21/bin/bin/../../lib/gcc/pic32mx/8.3.1/../../../../pic32mx/lib\libpic32.a(defaultinterrupt.o)
 .debug_info    0x0000000000009d44      0x215 c:/program files/microchip/xc32/v4.21/bin/bin/../../lib/gcc/pic32mx/8.3.1/../../../../pic32mx/lib\libc-musl.a(__sio_sprintf_dfoux.o)
 .debug_info    0x0000000000009f59      0x1e7 c:/program files/microchip/xc32/v4.21/bin/bin/../../lib/gcc/pic32mx/8.3.1/../../../../pic32mx/lib\libc-musl.a(__sio_sprintf_dosux.o)
 .debug_info    0x000000000000a140      0x1e7 c:/program files/microchip/xc32/v4.21/bin/bin/../../lib/gcc/pic32mx/8.3.1/../../../../pic32mx/lib\libc-musl.a(__sio_sprintf_doux.o)
 .debug_info    0x000000000000a327      0x327 c:/program files/microchip/xc32/v4.21/bin/bin/../../lib/gcc/pic32mx/8.3.1/../../../../pic32mx/lib\libc-musl.a(__fmt_d.o)
 .debug_info    0x000000000000a64e      0x614 c:/program files/microchip/xc32/v4.21/bin/bin/../../lib/gcc/pic32mx/8.3.1/../../../../pic32mx/lib\libc-musl.a(__fmt_fp.o)
 .debug_info    0x000000000000ac62      0x2f8 c:/program files/microchip/xc32/v4.21/bin/bin/../../lib/gcc/pic32mx/8.3.1/../../../../pic32mx/lib\libc-musl.a(__fmt_o.o)
 .debug_info    0x000000000000af5a      0x2a9 c:/program files/microchip/xc32/v4.21/bin/bin/../../lib/gcc/pic32mx/8.3.1/../../../../pic32mx/lib\libc-musl.a(__fmt_s.o)
 .debug_info    0x000000000000b203      0x3cb c:/program files/microchip/xc32/v4.21/bin/bin/../../lib/gcc/pic32mx/8.3.1/../../../../pic32mx/lib\libc-musl.a(__fmt_u.o)
 .debug_info    0x000000000000b5ce      0x322 c:/program files/microchip/xc32/v4.21/bin/bin/../../lib/gcc/pic32mx/8.3.1/../../../../pic32mx/lib\libc-musl.a(__fmt_x.o)
 .debug_info    0x000000000000b8f0      0x134 c:/program files/microchip/xc32/v4.21/bin/bin/../../lib/gcc/pic32mx/8.3.1/../../../../pic32mx/lib\libc-musl.a(__pop_float.o)
 .debug_info    0x000000000000ba24      0x14e c:/program files/microchip/xc32/v4.21/bin/bin/../../lib/gcc/pic32mx/8.3.1/../../../../pic32mx/lib\libc-musl.a(__pop_int.o)
 .debug_info    0x000000000000bb72      0x15e c:/program files/microchip/xc32/v4.21/bin/bin/../../lib/gcc/pic32mx/8.3.1/../../../../pic32mx/lib\libc-musl.a(__pop_ptr.o)
 .debug_info    0x000000000000bcd0      0x9ee c:/program files/microchip/xc32/v4.21/bin/bin/../../lib/gcc/pic32mx/8.3.1/../../../../pic32mx/lib\libc-musl.a(__printf_core.o)
 .debug_info    0x000000000000c6be       0xee c:/program files/microchip/xc32/v4.21/bin/bin/../../lib/gcc/pic32mx/8.3.1/../../../../pic32mx/lib\libc-musl.a(atoi.o)
 .debug_info    0x000000000000c7ac       0xf1 c:/program files/microchip/xc32/v4.21/bin/bin/../../lib/gcc/pic32mx/8.3.1/../../../../pic32mx/lib\libc-musl.a(memcpy.o)
 .debug_info    0x000000000000c89d       0xc5 c:/program files/microchip/xc32/v4.21/bin/bin/../../lib/gcc/pic32mx/8.3.1/../../../../pic32mx/lib\libc-musl.a(strstr.o)
 .debug_info    0x000000000000c962       0xbb c:/program files/microchip/xc32/v4.21/bin/bin/../../lib/gcc/pic32mx/8.3.1/../../../../pic32mx/lib\libc-musl.a(strcpy.o)
 .debug_info    0x000000000000ca1d      0x11b c:/program files/microchip/xc32/v4.21/bin/bin/../../lib/gcc/pic32mx/8.3.1/../../../../pic32mx/lib\libc-musl.a(tolower.o)
 .debug_info    0x000000000000cb38      0x11b c:/program files/microchip/xc32/v4.21/bin/bin/../../lib/gcc/pic32mx/8.3.1/../../../../pic32mx/lib\libc-musl.a(toupper.o)
 .debug_info    0x000000000000cc53      0x127 c:/program files/microchip/xc32/v4.21/bin/bin/../../lib/gcc/pic32mx/8.3.1/../../../../pic32mx/lib\libc-musl.a(__int_vsprintf.o)
 .debug_info    0x000000000000cd7a       0xab c:/program files/microchip/xc32/v4.21/bin/bin/../../lib/gcc/pic32mx/8.3.1/../../../../pic32mx/lib\libc-musl.a(stpcpy.o)
 .debug_info    0x000000000000ce25      0x1f5 c:/program files/microchip/xc32/v4.21/bin/bin/../../lib/gcc/pic32mx/8.3.1/../../../../pic32mx/lib\libc-musl.a(__int_vsnprintf.o)
 .debug_info    0x000000000000d01a      0x1e0 c:/program files/microchip/xc32/v4.21/bin/bin/../../lib/gcc/pic32mx/8.3.1/../../../../pic32mx/lib\libc-musl.a(__int_vfprintf.o)
 .debug_info    0x000000000000d1fa      0x53f c:/program files/microchip/xc32/v4.21/bin/bin/../../lib/gcc/pic32mx/8.3.1/../../../../pic32mx/lib\libm-musl.a(fma.o)
 .debug_info    0x000000000000d739      0x109 c:/program files/microchip/xc32/v4.21/bin/bin/../../lib/gcc/pic32mx/8.3.1/../../../../pic32mx/lib\libm-musl.a(scalbn.o)
 .debug_info    0x000000000000d842      0x1aa c:/program files/microchip/xc32/v4.21/bin/bin/../../lib/gcc/pic32mx/8.3.1\libgcc.a(_lshrdi3.o)
 .debug_info    0x000000000000d9ec      0x1aa c:/program files/microchip/xc32/v4.21/bin/bin/../../lib/gcc/pic32mx/8.3.1\libgcc.a(_ashldi3.o)
 .debug_info    0x000000000000db96       0xf9 c:/program files/microchip/xc32/v4.21/bin/bin/../../lib/gcc/pic32mx/8.3.1\libgcc.a(_floatdidf.o)
 .debug_info    0x000000000000dc8f      0x73e c:/program files/microchip/xc32/v4.21/bin/bin/../../lib/gcc/pic32mx/8.3.1\libgcc.a(_umoddi3.o)
 .debug_info    0x000000000000e3cd       0xaf c:/program files/microchip/xc32/v4.21/bin/bin/../../lib/gcc/pic32mx/8.3.1\libgcc.a(floatunsidf.o)

.debug_abbrev   0x0000000000000000     0x4403
 *.elf(.debug_abbrev)
 *(.debug_abbrev)
 .debug_abbrev  0x0000000000000000       0x2e c:/program files/microchip/xc32/v4.21/bin/bin/../../lib/gcc/pic32mx/8.3.1/../../../../pic32mx/lib\software-debug-break.o
 .debug_abbrev  0x000000000000002e      0x1f0 build/default/debug/_ext/60165182/plib_can1.o
 .debug_abbrev  0x000000000000021e       0xc5 build/default/debug/_ext/60165520/plib_clk.o
 .debug_abbrev  0x00000000000002e3      0x33a build/default/debug/_ext/1865161661/plib_dmac.o
 .debug_abbrev  0x000000000000061d      0x147 build/default/debug/_ext/1865200349/plib_evic.o
 .debug_abbrev  0x0000000000000764      0x228 build/default/debug/_ext/1865254177/plib_gpio.o
 .debug_abbrev  0x000000000000098c      0x1bd build/default/debug/_ext/60181895/plib_tmr2.o
 .debug_abbrev  0x0000000000000b49      0x2b2 build/default/debug/_ext/1865657120/plib_uart1.o
 .debug_abbrev  0x0000000000000dfb       0x9e build/default/debug/_ext/163028504/xc32_monitor.o
 .debug_abbrev  0x0000000000000e99      0x115 build/default/debug/_ext/1171490990/initialization.o
 .debug_abbrev  0x0000000000000fae       0x67 build/default/debug/_ext/1171490990/interrupts.o
 .debug_abbrev  0x0000000000001015       0x83 build/default/debug/_ext/1171490990/exceptions.o
 .debug_abbrev  0x0000000000001098      0x205 build/default/debug/_ext/1360937237/Trajectory.o
 .debug_abbrev  0x000000000000129d      0x340 build/default/debug/_ext/1360937237/Vesc_Can1.o
 .debug_abbrev  0x00000000000015dd      0x2a6 build/default/debug/_ext/1360937237/main2.o
 .debug_abbrev  0x0000000000001883      0x3e0 build/default/debug/_ext/1360937237/HMIComms.o
 .debug_abbrev  0x0000000000001c63      0x1bd build/default/debug/_ext/60181895/plib_tmr4.o
 .debug_abbrev  0x0000000000001e20      0x2b2 build/default/debug/_ext/1865657120/plib_uart2.o
 .debug_abbrev  0x00000000000020d2       0x12 C:\Users\zig\AppData\Local\Temp\ccWQprwX.o
 .debug_abbrev  0x00000000000020e4      0x184 c:/program files/microchip/xc32/v4.21/bin/bin/../../lib/gcc/pic32mx/8.3.1\libgcc.a(_udivdi3.o)
 .debug_abbrev  0x0000000000002268       0x2e c:/program files/microchip/xc32/v4.21/bin/bin/../../lib/gcc/pic32mx/8.3.1/../../../../pic32mx/lib\libpic32.a(default-on-reset.o)
 .debug_abbrev  0x0000000000002296       0x2e c:/program files/microchip/xc32/v4.21/bin/bin/../../lib/gcc/pic32mx/8.3.1/../../../../pic32mx/lib\libpic32.a(default-on-bootstrap.o)
 .debug_abbrev  0x00000000000022c4       0x31 c:/program files/microchip/xc32/v4.21/bin/bin/../../lib/gcc/pic32mx/8.3.1/../../../../pic32mx/lib\libpic32.a(defaultinterrupt.o)
 .debug_abbrev  0x00000000000022f5      0x100 c:/program files/microchip/xc32/v4.21/bin/bin/../../lib/gcc/pic32mx/8.3.1/../../../../pic32mx/lib\libc-musl.a(__sio_sprintf_dfoux.o)
 .debug_abbrev  0x00000000000023f5      0x100 c:/program files/microchip/xc32/v4.21/bin/bin/../../lib/gcc/pic32mx/8.3.1/../../../../pic32mx/lib\libc-musl.a(__sio_sprintf_dosux.o)
 .debug_abbrev  0x00000000000024f5      0x100 c:/program files/microchip/xc32/v4.21/bin/bin/../../lib/gcc/pic32mx/8.3.1/../../../../pic32mx/lib\libc-musl.a(__sio_sprintf_doux.o)
 .debug_abbrev  0x00000000000025f5      0x161 c:/program files/microchip/xc32/v4.21/bin/bin/../../lib/gcc/pic32mx/8.3.1/../../../../pic32mx/lib\libc-musl.a(__fmt_d.o)
 .debug_abbrev  0x0000000000002756      0x1d8 c:/program files/microchip/xc32/v4.21/bin/bin/../../lib/gcc/pic32mx/8.3.1/../../../../pic32mx/lib\libc-musl.a(__fmt_fp.o)
 .debug_abbrev  0x000000000000292e      0x161 c:/program files/microchip/xc32/v4.21/bin/bin/../../lib/gcc/pic32mx/8.3.1/../../../../pic32mx/lib\libc-musl.a(__fmt_o.o)
 .debug_abbrev  0x0000000000002a8f      0x14c c:/program files/microchip/xc32/v4.21/bin/bin/../../lib/gcc/pic32mx/8.3.1/../../../../pic32mx/lib\libc-musl.a(__fmt_s.o)
 .debug_abbrev  0x0000000000002bdb      0x193 c:/program files/microchip/xc32/v4.21/bin/bin/../../lib/gcc/pic32mx/8.3.1/../../../../pic32mx/lib\libc-musl.a(__fmt_u.o)
 .debug_abbrev  0x0000000000002d6e      0x150 c:/program files/microchip/xc32/v4.21/bin/bin/../../lib/gcc/pic32mx/8.3.1/../../../../pic32mx/lib\libc-musl.a(__fmt_x.o)
 .debug_abbrev  0x0000000000002ebe       0xc3 c:/program files/microchip/xc32/v4.21/bin/bin/../../lib/gcc/pic32mx/8.3.1/../../../../pic32mx/lib\libc-musl.a(__pop_float.o)
 .debug_abbrev  0x0000000000002f81       0xc3 c:/program files/microchip/xc32/v4.21/bin/bin/../../lib/gcc/pic32mx/8.3.1/../../../../pic32mx/lib\libc-musl.a(__pop_int.o)
 .debug_abbrev  0x0000000000003044       0xd7 c:/program files/microchip/xc32/v4.21/bin/bin/../../lib/gcc/pic32mx/8.3.1/../../../../pic32mx/lib\libc-musl.a(__pop_ptr.o)
 .debug_abbrev  0x000000000000311b      0x318 c:/program files/microchip/xc32/v4.21/bin/bin/../../lib/gcc/pic32mx/8.3.1/../../../../pic32mx/lib\libc-musl.a(__printf_core.o)
 .debug_abbrev  0x0000000000003433       0xc4 c:/program files/microchip/xc32/v4.21/bin/bin/../../lib/gcc/pic32mx/8.3.1/../../../../pic32mx/lib\libc-musl.a(atoi.o)
 .debug_abbrev  0x00000000000034f7       0xbb c:/program files/microchip/xc32/v4.21/bin/bin/../../lib/gcc/pic32mx/8.3.1/../../../../pic32mx/lib\libc-musl.a(memcpy.o)
 .debug_abbrev  0x00000000000035b2       0xa2 c:/program files/microchip/xc32/v4.21/bin/bin/../../lib/gcc/pic32mx/8.3.1/../../../../pic32mx/lib\libc-musl.a(strstr.o)
 .debug_abbrev  0x0000000000003654       0xa2 c:/program files/microchip/xc32/v4.21/bin/bin/../../lib/gcc/pic32mx/8.3.1/../../../../pic32mx/lib\libc-musl.a(strcpy.o)
 .debug_abbrev  0x00000000000036f6       0xf1 c:/program files/microchip/xc32/v4.21/bin/bin/../../lib/gcc/pic32mx/8.3.1/../../../../pic32mx/lib\libc-musl.a(tolower.o)
 .debug_abbrev  0x00000000000037e7       0xf1 c:/program files/microchip/xc32/v4.21/bin/bin/../../lib/gcc/pic32mx/8.3.1/../../../../pic32mx/lib\libc-musl.a(toupper.o)
 .debug_abbrev  0x00000000000038d8       0xb1 c:/program files/microchip/xc32/v4.21/bin/bin/../../lib/gcc/pic32mx/8.3.1/../../../../pic32mx/lib\libc-musl.a(__int_vsprintf.o)
 .debug_abbrev  0x0000000000003989       0x6e c:/program files/microchip/xc32/v4.21/bin/bin/../../lib/gcc/pic32mx/8.3.1/../../../../pic32mx/lib\libc-musl.a(stpcpy.o)
 .debug_abbrev  0x00000000000039f7      0x13a c:/program files/microchip/xc32/v4.21/bin/bin/../../lib/gcc/pic32mx/8.3.1/../../../../pic32mx/lib\libc-musl.a(__int_vsnprintf.o)
 .debug_abbrev  0x0000000000003b31      0x118 c:/program files/microchip/xc32/v4.21/bin/bin/../../lib/gcc/pic32mx/8.3.1/../../../../pic32mx/lib\libc-musl.a(__int_vfprintf.o)
 .debug_abbrev  0x0000000000003c49      0x238 c:/program files/microchip/xc32/v4.21/bin/bin/../../lib/gcc/pic32mx/8.3.1/../../../../pic32mx/lib\libm-musl.a(fma.o)
 .debug_abbrev  0x0000000000003e81       0xac c:/program files/microchip/xc32/v4.21/bin/bin/../../lib/gcc/pic32mx/8.3.1/../../../../pic32mx/lib\libm-musl.a(scalbn.o)
 .debug_abbrev  0x0000000000003f2d      0x121 c:/program files/microchip/xc32/v4.21/bin/bin/../../lib/gcc/pic32mx/8.3.1\libgcc.a(_lshrdi3.o)
 .debug_abbrev  0x000000000000404e      0x121 c:/program files/microchip/xc32/v4.21/bin/bin/../../lib/gcc/pic32mx/8.3.1\libgcc.a(_ashldi3.o)
 .debug_abbrev  0x000000000000416f       0x7d c:/program files/microchip/xc32/v4.21/bin/bin/../../lib/gcc/pic32mx/8.3.1\libgcc.a(_floatdidf.o)
 .debug_abbrev  0x00000000000041ec      0x19a c:/program files/microchip/xc32/v4.21/bin/bin/../../lib/gcc/pic32mx/8.3.1\libgcc.a(_umoddi3.o)
 .debug_abbrev  0x0000000000004386       0x7d c:/program files/microchip/xc32/v4.21/bin/bin/../../lib/gcc/pic32mx/8.3.1\libgcc.a(floatunsidf.o)

.debug_line     0x0000000000000000     0xb0ab
 *.elf(.debug_line)
 *(.debug_line)
 .debug_line    0x0000000000000000       0xb1 c:/program files/microchip/xc32/v4.21/bin/bin/../../lib/gcc/pic32mx/8.3.1/../../../../pic32mx/lib\software-debug-break.o
 .debug_line    0x00000000000000b1      0x7ec build/default/debug/_ext/60165182/plib_can1.o
 .debug_line    0x000000000000089d      0x1a2 build/default/debug/_ext/60165520/plib_clk.o
 .debug_line    0x0000000000000a3f      0x9ea build/default/debug/_ext/1865161661/plib_dmac.o
 .debug_line    0x0000000000001429      0x351 build/default/debug/_ext/1865200349/plib_evic.o
 .debug_line    0x000000000000177a      0x450 build/default/debug/_ext/1865254177/plib_gpio.o
 .debug_line    0x0000000000001bca      0x2ff build/default/debug/_ext/60181895/plib_tmr2.o
 .debug_line    0x0000000000001ec9      0x805 build/default/debug/_ext/1865657120/plib_uart1.o
 .debug_line    0x00000000000026ce      0x13a build/default/debug/_ext/163028504/xc32_monitor.o
 .debug_line    0x0000000000002808      0x66f build/default/debug/_ext/1171490990/initialization.o
 .debug_line    0x0000000000002e77      0x17f build/default/debug/_ext/1171490990/interrupts.o
 .debug_line    0x0000000000002ff6      0x104 build/default/debug/_ext/1171490990/exceptions.o
 .debug_line    0x00000000000030fa      0x4e2 build/default/debug/_ext/1360937237/Trajectory.o
 .debug_line    0x00000000000035dc     0x18d3 build/default/debug/_ext/1360937237/Vesc_Can1.o
 .debug_line    0x0000000000004eaf      0x5d7 build/default/debug/_ext/1360937237/main2.o
 .debug_line    0x0000000000005486      0x6f4 build/default/debug/_ext/1360937237/HMIComms.o
 .debug_line    0x0000000000005b7a      0x2ff build/default/debug/_ext/60181895/plib_tmr4.o
 .debug_line    0x0000000000005e79      0x805 build/default/debug/_ext/1865657120/plib_uart2.o
 .debug_line    0x000000000000667e      0x152 C:\Users\zig\AppData\Local\Temp\ccWQprwX.o
 .debug_line    0x00000000000067d0      0x2e0 c:/program files/microchip/xc32/v4.21/bin/bin/../../lib/gcc/pic32mx/8.3.1\libgcc.a(_udivdi3.o)
 .debug_line    0x0000000000006ab0       0xa6 c:/program files/microchip/xc32/v4.21/bin/bin/../../lib/gcc/pic32mx/8.3.1/../../../../pic32mx/lib\libpic32.a(default-on-reset.o)
 .debug_line    0x0000000000006b56       0xaa c:/program files/microchip/xc32/v4.21/bin/bin/../../lib/gcc/pic32mx/8.3.1/../../../../pic32mx/lib\libpic32.a(default-on-bootstrap.o)
 .debug_line    0x0000000000006c00       0xc9 c:/program files/microchip/xc32/v4.21/bin/bin/../../lib/gcc/pic32mx/8.3.1/../../../../pic32mx/lib\libpic32.a(defaultinterrupt.o)
 .debug_line    0x0000000000006cc9      0x1f9 c:/program files/microchip/xc32/v4.21/bin/bin/../../lib/gcc/pic32mx/8.3.1/../../../../pic32mx/lib\libc-musl.a(__sio_sprintf_dfoux.o)
 .debug_line    0x0000000000006ec2      0x1f7 c:/program files/microchip/xc32/v4.21/bin/bin/../../lib/gcc/pic32mx/8.3.1/../../../../pic32mx/lib\libc-musl.a(__sio_sprintf_dosux.o)
 .debug_line    0x00000000000070b9      0x1f6 c:/program files/microchip/xc32/v4.21/bin/bin/../../lib/gcc/pic32mx/8.3.1/../../../../pic32mx/lib\libc-musl.a(__sio_sprintf_doux.o)
 .debug_line    0x00000000000072af      0x258 c:/program files/microchip/xc32/v4.21/bin/bin/../../lib/gcc/pic32mx/8.3.1/../../../../pic32mx/lib\libc-musl.a(__fmt_d.o)
 .debug_line    0x0000000000007507      0x6f0 c:/program files/microchip/xc32/v4.21/bin/bin/../../lib/gcc/pic32mx/8.3.1/../../../../pic32mx/lib\libc-musl.a(__fmt_fp.o)
 .debug_line    0x0000000000007bf7      0x209 c:/program files/microchip/xc32/v4.21/bin/bin/../../lib/gcc/pic32mx/8.3.1/../../../../pic32mx/lib\libc-musl.a(__fmt_o.o)
 .debug_line    0x0000000000007e00      0x257 c:/program files/microchip/xc32/v4.21/bin/bin/../../lib/gcc/pic32mx/8.3.1/../../../../pic32mx/lib\libc-musl.a(__fmt_s.o)
 .debug_line    0x0000000000008057      0x29d c:/program files/microchip/xc32/v4.21/bin/bin/../../lib/gcc/pic32mx/8.3.1/../../../../pic32mx/lib\libc-musl.a(__fmt_u.o)
 .debug_line    0x00000000000082f4      0x332 c:/program files/microchip/xc32/v4.21/bin/bin/../../lib/gcc/pic32mx/8.3.1/../../../../pic32mx/lib\libc-musl.a(__fmt_x.o)
 .debug_line    0x0000000000008626      0x1b5 c:/program files/microchip/xc32/v4.21/bin/bin/../../lib/gcc/pic32mx/8.3.1/../../../../pic32mx/lib\libc-musl.a(__pop_float.o)
 .debug_line    0x00000000000087db      0x254 c:/program files/microchip/xc32/v4.21/bin/bin/../../lib/gcc/pic32mx/8.3.1/../../../../pic32mx/lib\libc-musl.a(__pop_int.o)
 .debug_line    0x0000000000008a2f      0x20d c:/program files/microchip/xc32/v4.21/bin/bin/../../lib/gcc/pic32mx/8.3.1/../../../../pic32mx/lib\libc-musl.a(__pop_ptr.o)
 .debug_line    0x0000000000008c3c      0x714 c:/program files/microchip/xc32/v4.21/bin/bin/../../lib/gcc/pic32mx/8.3.1/../../../../pic32mx/lib\libc-musl.a(__printf_core.o)
 .debug_line    0x0000000000009350      0x17c c:/program files/microchip/xc32/v4.21/bin/bin/../../lib/gcc/pic32mx/8.3.1/../../../../pic32mx/lib\libc-musl.a(atoi.o)
 .debug_line    0x00000000000094cc      0x13a c:/program files/microchip/xc32/v4.21/bin/bin/../../lib/gcc/pic32mx/8.3.1/../../../../pic32mx/lib\libc-musl.a(memcpy.o)
 .debug_line    0x0000000000009606      0x152 c:/program files/microchip/xc32/v4.21/bin/bin/../../lib/gcc/pic32mx/8.3.1/../../../../pic32mx/lib\libc-musl.a(strstr.o)
 .debug_line    0x0000000000009758       0xb4 c:/program files/microchip/xc32/v4.21/bin/bin/../../lib/gcc/pic32mx/8.3.1/../../../../pic32mx/lib\libc-musl.a(strcpy.o)
 .debug_line    0x000000000000980c      0x1bb c:/program files/microchip/xc32/v4.21/bin/bin/../../lib/gcc/pic32mx/8.3.1/../../../../pic32mx/lib\libc-musl.a(tolower.o)
 .debug_line    0x00000000000099c7      0x1bb c:/program files/microchip/xc32/v4.21/bin/bin/../../lib/gcc/pic32mx/8.3.1/../../../../pic32mx/lib\libc-musl.a(toupper.o)
 .debug_line    0x0000000000009b82      0x1a5 c:/program files/microchip/xc32/v4.21/bin/bin/../../lib/gcc/pic32mx/8.3.1/../../../../pic32mx/lib\libc-musl.a(__int_vsprintf.o)
 .debug_line    0x0000000000009d27       0xbf c:/program files/microchip/xc32/v4.21/bin/bin/../../lib/gcc/pic32mx/8.3.1/../../../../pic32mx/lib\libc-musl.a(stpcpy.o)
 .debug_line    0x0000000000009de6      0x26c c:/program files/microchip/xc32/v4.21/bin/bin/../../lib/gcc/pic32mx/8.3.1/../../../../pic32mx/lib\libc-musl.a(__int_vsnprintf.o)
 .debug_line    0x000000000000a052      0x1c3 c:/program files/microchip/xc32/v4.21/bin/bin/../../lib/gcc/pic32mx/8.3.1/../../../../pic32mx/lib\libc-musl.a(__int_vfprintf.o)
 .debug_line    0x000000000000a215      0x6b0 c:/program files/microchip/xc32/v4.21/bin/bin/../../lib/gcc/pic32mx/8.3.1/../../../../pic32mx/lib\libm-musl.a(fma.o)
 .debug_line    0x000000000000a8c5      0x183 c:/program files/microchip/xc32/v4.21/bin/bin/../../lib/gcc/pic32mx/8.3.1/../../../../pic32mx/lib\libm-musl.a(scalbn.o)
 .debug_line    0x000000000000aa48       0xe4 c:/program files/microchip/xc32/v4.21/bin/bin/../../lib/gcc/pic32mx/8.3.1\libgcc.a(_lshrdi3.o)
 .debug_line    0x000000000000ab2c       0xe5 c:/program files/microchip/xc32/v4.21/bin/bin/../../lib/gcc/pic32mx/8.3.1\libgcc.a(_ashldi3.o)
 .debug_line    0x000000000000ac11       0xc8 c:/program files/microchip/xc32/v4.21/bin/bin/../../lib/gcc/pic32mx/8.3.1\libgcc.a(_floatdidf.o)
 .debug_line    0x000000000000acd9      0x317 c:/program files/microchip/xc32/v4.21/bin/bin/../../lib/gcc/pic32mx/8.3.1\libgcc.a(_umoddi3.o)
 .debug_line    0x000000000000aff0       0xbb c:/program files/microchip/xc32/v4.21/bin/bin/../../lib/gcc/pic32mx/8.3.1\libgcc.a(floatunsidf.o)
 .debug_line    0x000000000000b0ab        0x0 c:/program files/microchip/xc32/v4.21/bin/bin/../../lib/gcc/pic32mx/8.3.1/../../../../pic32mx/lib\libpic32.a(errno.o)

.debug_frame    0x0000000000000000     0x16a0
 *.elf(.debug_frame)
 *(.debug_frame)
 .debug_frame   0x0000000000000000       0x20 c:/program files/microchip/xc32/v4.21/bin/bin/../../lib/gcc/pic32mx/8.3.1/../../../../pic32mx/lib\software-debug-break.o
 .debug_frame   0x0000000000000020       0xe0 build/default/debug/_ext/60165182/plib_can1.o
 .debug_frame   0x0000000000000100       0x20 build/default/debug/_ext/60165520/plib_clk.o
 .debug_frame   0x0000000000000120      0x154 build/default/debug/_ext/1865161661/plib_dmac.o
 .debug_frame   0x0000000000000274       0xd4 build/default/debug/_ext/1865200349/plib_evic.o
 .debug_frame   0x0000000000000348       0xf4 build/default/debug/_ext/1865254177/plib_gpio.o
 .debug_frame   0x000000000000043c       0xcc build/default/debug/_ext/60181895/plib_tmr2.o
 .debug_frame   0x0000000000000508      0x144 build/default/debug/_ext/1865657120/plib_uart1.o
 .debug_frame   0x000000000000064c       0x30 build/default/debug/_ext/163028504/xc32_monitor.o
 .debug_frame   0x000000000000067c       0x2c build/default/debug/_ext/1171490990/initialization.o
 .debug_frame   0x00000000000006a8      0x2b0 build/default/debug/_ext/1171490990/interrupts.o
 .debug_frame   0x0000000000000958       0x40 build/default/debug/_ext/1171490990/exceptions.o
 .debug_frame   0x0000000000000998       0x7c build/default/debug/_ext/1360937237/Trajectory.o
 .debug_frame   0x0000000000000a14      0x1cc build/default/debug/_ext/1360937237/Vesc_Can1.o
 .debug_frame   0x0000000000000be0       0x90 build/default/debug/_ext/1360937237/main2.o
 .debug_frame   0x0000000000000c70      0x108 build/default/debug/_ext/1360937237/HMIComms.o
 .debug_frame   0x0000000000000d78       0xcc build/default/debug/_ext/60181895/plib_tmr4.o
 .debug_frame   0x0000000000000e44      0x144 build/default/debug/_ext/1865657120/plib_uart2.o
 .debug_frame   0x0000000000000f88       0x20 c:/program files/microchip/xc32/v4.21/bin/bin/../../lib/gcc/pic32mx/8.3.1\libgcc.a(_udivdi3.o)
 .debug_frame   0x0000000000000fa8       0x20 c:/program files/microchip/xc32/v4.21/bin/bin/../../lib/gcc/pic32mx/8.3.1/../../../../pic32mx/lib\libpic32.a(default-on-reset.o)
 .debug_frame   0x0000000000000fc8       0x20 c:/program files/microchip/xc32/v4.21/bin/bin/../../lib/gcc/pic32mx/8.3.1/../../../../pic32mx/lib\libpic32.a(default-on-bootstrap.o)